$ dotnet test /tmp/cerberus-uc12-worktree/src/ArturRios.Cerberus.sln --collect:XPlat Code Coverage
  Determining projects to restore...
  Restored /tmp/cerberus-uc12-worktree/tests/Domain/ArturRios.Cerberus.Domain.Tests/ArturRios.Cerberus.Domain.Tests.csproj (in 2.32 sec).
  Restored /tmp/cerberus-uc12-worktree/tests/Application/ArturRios.Cerberus.Shared.Tests/ArturRios.Cerberus.Shared.Tests.csproj (in 2.32 sec).
  Restored /tmp/cerberus-uc12-worktree/tests/Application/ArturRios.Cerberus.Query.Tests/ArturRios.Cerberus.Query.Tests.csproj (in 2.64 sec).
  9 of 12 projects are up-to-date for restore.
  ArturRios.Cerberus.Domain -> /tmp/cerberus-uc12-worktree/src/Domain/ArturRios.Cerberus.Domain/bin/Debug/net10.0/ArturRios.Cerberus.Domain.dll
  ArturRios.Cerberus.Shared -> /tmp/cerberus-uc12-worktree/src/Application/ArturRios.Cerberus.Shared/bin/Debug/net10.0/ArturRios.Cerberus.Shared.dll
  ArturRios.Cerberus.Command -> /tmp/cerberus-uc12-worktree/src/Application/ArturRios.Cerberus.Command/bin/Debug/net10.0/ArturRios.Cerberus.Command.dll
  ArturRios.Cerberus.Query -> /tmp/cerberus-uc12-worktree/src/Application/ArturRios.Cerberus.Query/bin/Debug/net10.0/ArturRios.Cerberus.Query.dll
  ArturRios.Cerberus.Domain.Tests -> /tmp/cerberus-uc12-worktree/tests/Domain/ArturRios.Cerberus.Domain.Tests/bin/Debug/net10.0/ArturRios.Cerberus.Domain.Tests.dll
Test run for /tmp/cerberus-uc12-worktree/tests/Domain/ArturRios.Cerberus.Domain.Tests/bin/Debug/net10.0/ArturRios.Cerberus.Domain.Tests.dll (.NETCoreApp,Version=v10.0)
VSTest version 18.0.2 (x64)

Starting test execution, please wait...
A total of 1 test files matched the specified pattern.
  ArturRios.Cerberus.Data -> /tmp/cerberus-uc12-worktree/src/Infrastructure/ArturRios.Cerberus.Data/bin/Debug/net10.0/ArturRios.Cerberus.Data.dll
  ArturRios.Cerberus.Shared.Tests -> /tmp/cerberus-uc12-worktree/tests/Application/ArturRios.Cerberus.Shared.Tests/bin/Debug/net10.0/ArturRios.Cerberus.Shared.Tests.dll
  ArturRios.Cerberus.Command.Tests -> /tmp/cerberus-uc12-worktree/tests/Application/ArturRios.Cerberus.Command.Tests/bin/Debug/net10.0/ArturRios.Cerberus.Command.Tests.dll
Test run for /tmp/cerberus-uc12-worktree/tests/Application/ArturRios.Cerberus.Shared.Tests/bin/Debug/net10.0/ArturRios.Cerberus.Shared.Tests.dll (.NETCoreApp,Version=v10.0)
Test run for /tmp/cerberus-uc12-worktree/tests/Application/ArturRios.Cerberus.Command.Tests/bin/Debug/net10.0/ArturRios.Cerberus.Command.Tests.dll (.NETCoreApp,Version=v10.0)
VSTest version 18.0.2 (x64)

VSTest version 18.0.2 (x64)

Starting test execution, please wait...
A total of 1 test files matched the specified pattern.
Starting test execution, please wait...
A total of 1 test files matched the specified pattern.
  ArturRios.Cerberus.Data.Tests -> /tmp/cerberus-uc12-worktree/tests/Infrastructure/ArturRios.Cerberus.Data.Tests/bin/Debug/net10.0/ArturRios.Cerberus.Data.Tests.dll
Test run for /tmp/cerberus-uc12-worktree/tests/Infrastructure/ArturRios.Cerberus.Data.Tests/bin/Debug/net10.0/ArturRios.Cerberus.Data.Tests.dll (.NETCoreApp,Version=v10.0)
VSTest version 18.0.2 (x64)

Starting test execution, please wait...
A total of 1 test files matched the specified pattern.

Passed!  - Failed:     0, Passed:   198, Skipped:     0, Total:   198, Duration: 687 ms - ArturRios.Cerberus.Domain.Tests.dll (net10.0)

Passed!  - Failed:     0, Passed:   125, Skipped:     0, Total:   125, Duration: 479 ms - ArturRios.Cerberus.Shared.Tests.dll (net10.0)

Passed!  - Failed:     0, Passed:   231, Skipped:     0, Total:   231, Duration: 567 ms - ArturRios.Cerberus.Command.Tests.dll (net10.0)
  ArturRios.Cerberus.Query.Tests -> /tmp/cerberus-uc12-worktree/tests/Application/ArturRios.Cerberus.Query.Tests/bin/Debug/net10.0/ArturRios.Cerberus.Query.Tests.dll
Test run for /tmp/cerberus-uc12-worktree/tests/Application/ArturRios.Cerberus.Query.Tests/bin/Debug/net10.0/ArturRios.Cerberus.Query.Tests.dll (.NETCoreApp,Version=v10.0)
VSTest version 18.0.2 (x64)

Starting test execution, please wait...
A total of 1 test files matched the specified pattern.

Passed!  - Failed:     0, Passed:   103, Skipped:     0, Total:   103, Duration: 231 ms - ArturRios.Cerberus.Query.Tests.dll (net10.0)

Passed!  - Failed:     0, Passed:   464, Skipped:     0, Total:   464, Duration: 1 m 22 s - ArturRios.Cerberus.Data.Tests.dll (net10.0)
  ArturRios.Cerberus.WebApi -> /tmp/cerberus-uc12-worktree/src/Presentation/ArturRios.Cerberus.WebApi/bin/Debug/net10.0/ArturRios.Cerberus.WebApi.dll
  ArturRios.Cerberus.WebApi.Tests -> /tmp/cerberus-uc12-worktree/tests/Presentation/ArturRios.Cerberus.WebApi.Tests/bin/Debug/net10.0/ArturRios.Cerberus.WebApi.Tests.dll
Test run for /tmp/cerberus-uc12-worktree/tests/Presentation/ArturRios.Cerberus.WebApi.Tests/bin/Debug/net10.0/ArturRios.Cerberus.WebApi.Tests.dll (.NETCoreApp,Version=v10.0)
VSTest version 18.0.2 (x64)

Starting test execution, please wait...
A total of 1 test files matched the specified pattern.

Passed!  - Failed:     0, Passed:   584, Skipped:     0, Total:   584, Duration: 1 m 23 s - ArturRios.Cerberus.WebApi.Tests.dll (net10.0)

Attachments:
  /tmp/cerberus-uc12-worktree/tests/Domain/ArturRios.Cerberus.Domain.Tests/TestResults/596f2793-62e6-4d3e-b263-bfd8de20b59b/coverage.cobertura.xml
  /tmp/cerberus-uc12-worktree/tests/Application/ArturRios.Cerberus.Shared.Tests/TestResults/916be140-6473-45bf-8208-8e5b22375858/coverage.cobertura.xml
  /tmp/cerberus-uc12-worktree/tests/Application/ArturRios.Cerberus.Command.Tests/TestResults/ec7c3a9c-2e0e-4ddf-9fde-bb2f6ff882a4/coverage.cobertura.xml
  /tmp/cerberus-uc12-worktree/tests/Application/ArturRios.Cerberus.Query.Tests/TestResults/26ebdecb-403a-462e-9ec5-0c2296a8cf7d/coverage.cobertura.xml
  /tmp/cerberus-uc12-worktree/tests/Infrastructure/ArturRios.Cerberus.Data.Tests/TestResults/97061ec0-75f0-494c-9660-eea7cd931a71/coverage.cobertura.xml
  /tmp/cerberus-uc12-worktree/tests/Presentation/ArturRios.Cerberus.WebApi.Tests/TestResults/4739ccda-4e9e-41df-89ce-c614e0fbaf6f/coverage.cobertura.xml
Found 6 coverage file(s)
REPORTGENERATOR_LICENSE is not set; generating with the free version
$ reportgenerator -reports:/tmp/cerberus-uc12-worktree/tests/Application/ArturRios.Cerberus.Command.Tests/TestResults/ec7c3a9c-2e0e-4ddf-9fde-bb2f6ff882a4/coverage.cobertura.xml;/tmp/cerberus-uc12-worktree/tests/Application/ArturRios.Cerberus.Query.Tests/TestResults/26ebdecb-403a-462e-9ec5-0c2296a8cf7d/coverage.cobertura.xml;/tmp/cerberus-uc12-worktree/tests/Application/ArturRios.Cerberus.Shared.Tests/TestResults/916be140-6473-45bf-8208-8e5b22375858/coverage.cobertura.xml;/tmp/cerberus-uc12-worktree/tests/Domain/ArturRios.Cerberus.Domain.Tests/TestResults/596f2793-62e6-4d3e-b263-bfd8de20b59b/coverage.cobertura.xml;/tmp/cerberus-uc12-worktree/tests/Infrastructure/ArturRios.Cerberus.Data.Tests/TestResults/97061ec0-75f0-494c-9660-eea7cd931a71/coverage.cobertura.xml;/tmp/cerberus-uc12-worktree/tests/Presentation/ArturRios.Cerberus.WebApi.Tests/TestResults/4739ccda-4e9e-41df-89ce-c614e0fbaf6f/coverage.cobertura.xml -targetdir:/tmp/cerberus-uc12-worktree/docs/coverage-report -reporttypes:Html;JsonSummary -assemblyfilters:+ArturRios.Cerberus.*;-*.Tests -title:Cerberus API
2026-10-08T19:04:31: Arguments
2026-10-08T19:04:31:  -reports:/tmp/cerberus-uc12-worktree/tests/Application/ArturRios.Cerberus.Command.Tests/TestResults/ec7c3a9c-2e0e-4ddf-9fde-bb2f6ff882a4/coverage.cobertura.xml;/tmp/cerberus-uc12-worktree/tests/Application/ArturRios.Cerberus.Query.Tests/TestResults/26ebdecb-403a-462e-9ec5-0c2296a8cf7d/coverage.cobertura.xml;/tmp/cerberus-uc12-worktree/tests/Application/ArturRios.Cerberus.Shared.Tests/TestResults/916be140-6473-45bf-8208-8e5b22375858/coverage.cobertura.xml;/tmp/cerberus-uc12-worktree/tests/Domain/ArturRios.Cerberus.Domain.Tests/TestResults/596f2793-62e6-4d3e-b263-bfd8de20b59b/coverage.cobertura.xml;/tmp/cerberus-uc12-worktree/tests/Infrastructure/ArturRios.Cerberus.Data.Tests/TestResults/97061ec0-75f0-494c-9660-eea7cd931a71/coverage.cobertura.xml;/tmp/cerberus-uc12-worktree/tests/Presentation/ArturRios.Cerberus.WebApi.Tests/TestResults/4739ccda-4e9e-41df-89ce-c614e0fbaf6f/coverage.cobertura.xml
2026-10-08T19:04:31:  -targetdir:/tmp/cerberus-uc12-worktree/docs/coverage-report
2026-10-08T19:04:31:  -reporttypes:Html;JsonSummary
2026-10-08T19:04:31:  -assemblyfilters:+ArturRios.Cerberus.*;-*.Tests
2026-10-08T19:04:31:  -title:Cerberus API
2026-10-08T19:04:32: Writing report file '/tmp/cerberus-uc12-worktree/docs/coverage-report/index.html'
2026-10-08T19:04:32: Writing report file '/tmp/cerberus-uc12-worktree/docs/coverage-report/Summary.json'
2026-10-08T19:04:32: Report generation took 1.1 seconds

Report written to /tmp/cerberus-uc12-worktree/docs/coverage-report
Line coverage 97.7% (minimum 90.0%)
Open the HTML report at: /tmp/cerberus-uc12-worktree/docs/coverage-report/index.html
