  Determining projects to restore...
  All projects are up-to-date for restore.
  ArturRios.Cerberus.Domain -> /tmp/cerberus-uc12-worktree/src/Domain/ArturRios.Cerberus.Domain/bin/Debug/net10.0/ArturRios.Cerberus.Domain.dll
  ArturRios.Cerberus.Shared -> /tmp/cerberus-uc12-worktree/src/Application/ArturRios.Cerberus.Shared/bin/Debug/net10.0/ArturRios.Cerberus.Shared.dll
  ArturRios.Cerberus.Data -> /tmp/cerberus-uc12-worktree/src/Infrastructure/ArturRios.Cerberus.Data/bin/Debug/net10.0/ArturRios.Cerberus.Data.dll
  ArturRios.Cerberus.Data.Tests -> /tmp/cerberus-uc12-worktree/tests/Infrastructure/ArturRios.Cerberus.Data.Tests/bin/Debug/net10.0/ArturRios.Cerberus.Data.Tests.dll
Test run for /tmp/cerberus-uc12-worktree/tests/Infrastructure/ArturRios.Cerberus.Data.Tests/bin/Debug/net10.0/ArturRios.Cerberus.Data.Tests.dll (.NETCoreApp,Version=v10.0)
VSTest version 18.0.2 (x64)

Starting test execution, please wait...
A total of 1 test files matched the specified pattern.
[xUnit.net 00:00:23.16]     ArturRios.Cerberus.Data.Tests.ProfileRotationTests.GivenProfileContentEditedSinceWrapper_WhenRotating_ThenAcceptSignedOlderWrapperAndAdvanceCompleteInventory(mode: "Master") [FAIL]
[xUnit.net 00:00:23.26]     ArturRios.Cerberus.Data.Tests.ProfileRotationTests.GivenProfileContentEditedSinceWrapper_WhenRotating_ThenAcceptSignedOlderWrapperAndAdvanceCompleteInventory(mode: "PerProfile") [FAIL]
  Failed ArturRios.Cerberus.Data.Tests.ProfileRotationTests.GivenProfileContentEditedSinceWrapper_WhenRotating_ThenAcceptSignedOlderWrapperAndAdvanceCompleteInventory(mode: "Master") [245 ms]
  Error Message:
   Assert.Null() Failure: Value is not null
Expected: null
Actual:   "persistence_unavailable"
  Stack Trace:
     at ArturRios.Cerberus.Data.Tests.ProfileRotationTests.GivenProfileContentEditedSinceWrapper_WhenRotating_ThenAcceptSignedOlderWrapperAndAdvanceCompleteInventory(String mode) in /tmp/cerberus-uc12-worktree/tests/Infrastructure/ArturRios.Cerberus.Data.Tests/ProfileRotationTests.cs:line 92
--- End of stack trace from previous location ---
  Failed ArturRios.Cerberus.Data.Tests.ProfileRotationTests.GivenProfileContentEditedSinceWrapper_WhenRotating_ThenAcceptSignedOlderWrapperAndAdvanceCompleteInventory(mode: "PerProfile") [117 ms]
  Error Message:
   Assert.Null() Failure: Value is not null
Expected: null
Actual:   "persistence_unavailable"
  Stack Trace:
     at ArturRios.Cerberus.Data.Tests.ProfileRotationTests.GivenProfileContentEditedSinceWrapper_WhenRotating_ThenAcceptSignedOlderWrapperAndAdvanceCompleteInventory(String mode) in /tmp/cerberus-uc12-worktree/tests/Infrastructure/ArturRios.Cerberus.Data.Tests/ProfileRotationTests.cs:line 92
--- End of stack trace from previous location ---

Failed!  - Failed:     2, Passed:    54, Skipped:     0, Total:    56, Duration: 14 s - ArturRios.Cerberus.Data.Tests.dll (net10.0)
