  Determining projects to restore...
  All projects are up-to-date for restore.
  ArturRios.Cerberus.Domain -> /tmp/cerberus-uc12-worktree/src/Domain/ArturRios.Cerberus.Domain/bin/Debug/net10.0/ArturRios.Cerberus.Domain.dll
  ArturRios.Cerberus.Shared -> /tmp/cerberus-uc12-worktree/src/Application/ArturRios.Cerberus.Shared/bin/Debug/net10.0/ArturRios.Cerberus.Shared.dll
  ArturRios.Cerberus.Command -> /tmp/cerberus-uc12-worktree/src/Application/ArturRios.Cerberus.Command/bin/Debug/net10.0/ArturRios.Cerberus.Command.dll
  ArturRios.Cerberus.Query -> /tmp/cerberus-uc12-worktree/src/Application/ArturRios.Cerberus.Query/bin/Debug/net10.0/ArturRios.Cerberus.Query.dll
  ArturRios.Cerberus.Data -> /tmp/cerberus-uc12-worktree/src/Infrastructure/ArturRios.Cerberus.Data/bin/Debug/net10.0/ArturRios.Cerberus.Data.dll
  ArturRios.Cerberus.WebApi -> /tmp/cerberus-uc12-worktree/src/Presentation/ArturRios.Cerberus.WebApi/bin/Debug/net10.0/ArturRios.Cerberus.WebApi.dll
  ArturRios.Cerberus.WebApi.Tests -> /tmp/cerberus-uc12-worktree/tests/Presentation/ArturRios.Cerberus.WebApi.Tests/bin/Debug/net10.0/ArturRios.Cerberus.WebApi.Tests.dll
Test run for /tmp/cerberus-uc12-worktree/tests/Presentation/ArturRios.Cerberus.WebApi.Tests/bin/Debug/net10.0/ArturRios.Cerberus.WebApi.Tests.dll (.NETCoreApp,Version=v10.0)
VSTest version 18.0.2 (x64)

Starting test execution, please wait...
A total of 1 test files matched the specified pattern.
[xUnit.net 00:00:12.86]     ArturRios.Cerberus.WebApi.Tests.ProfileUpdateHttpTests.GivenTimestampAtMinimumStorageBoundary_WhenUpdating_ThenRejectUnrepresentableWithoutBreakingReads(ticks: 9, expectedStatus: 400) [FAIL]
  Failed ArturRios.Cerberus.WebApi.Tests.ProfileUpdateHttpTests.GivenTimestampAtMinimumStorageBoundary_WhenUpdating_ThenRejectUnrepresentableWithoutBreakingReads(ticks: 9, expectedStatus: 400) [2 s]
  Error Message:
   Assert.Equal() Failure: Values differ
Expected: Tuple (400, 200, 200)
Actual:   Tuple (200, 503, 503)
  Stack Trace:
     at ArturRios.Cerberus.WebApi.Tests.ProfileUpdateHttpTests.GivenTimestampAtMinimumStorageBoundary_WhenUpdating_ThenRejectUnrepresentableWithoutBreakingReads(Int64 ticks, Int32 expectedStatus) in /tmp/cerberus-uc12-worktree/tests/Presentation/ArturRios.Cerberus.WebApi.Tests/ProfileUpdateHttpTests.cs:line 81
--- End of stack trace from previous location ---
[xUnit.net 00:00:13.27]     ArturRios.Cerberus.WebApi.Tests.ProfileUpdateHttpTests.GivenTimestampAtMinimumStorageBoundary_WhenUpdating_ThenRejectUnrepresentableWithoutBreakingReads(ticks: 1, expectedStatus: 400) [FAIL]
[xUnit.net 00:00:13.44]     ArturRios.Cerberus.WebApi.Tests.ProfileCreateHttpTests.GivenTimestampAtMinimumStorageBoundary_WhenCreating_ThenRejectUnrepresentableWithoutBreakingReads(ticks: 1, expectedStatus: 400) [FAIL]
[xUnit.net 00:00:13.83]     ArturRios.Cerberus.WebApi.Tests.ProfileCreateHttpTests.GivenTimestampAtMinimumStorageBoundary_WhenCreating_ThenRejectUnrepresentableWithoutBreakingReads(ticks: 9, expectedStatus: 400) [FAIL]
  Failed ArturRios.Cerberus.WebApi.Tests.ProfileUpdateHttpTests.GivenTimestampAtMinimumStorageBoundary_WhenUpdating_ThenRejectUnrepresentableWithoutBreakingReads(ticks: 1, expectedStatus: 400) [161 ms]
  Error Message:
   Assert.Equal() Failure: Values differ
Expected: Tuple (400, 200, 200)
Actual:   Tuple (200, 503, 503)
  Stack Trace:
     at ArturRios.Cerberus.WebApi.Tests.ProfileUpdateHttpTests.GivenTimestampAtMinimumStorageBoundary_WhenUpdating_ThenRejectUnrepresentableWithoutBreakingReads(Int64 ticks, Int32 expectedStatus) in /tmp/cerberus-uc12-worktree/tests/Presentation/ArturRios.Cerberus.WebApi.Tests/ProfileUpdateHttpTests.cs:line 81
--- End of stack trace from previous location ---
  Failed ArturRios.Cerberus.WebApi.Tests.ProfileCreateHttpTests.GivenTimestampAtMinimumStorageBoundary_WhenCreating_ThenRejectUnrepresentableWithoutBreakingReads(ticks: 1, expectedStatus: 400) [167 ms]
  Error Message:
   Assert.Equal() Failure: Values differ
Expected: Tuple (400, 200, 404)
Actual:   Tuple (201, 503, 503)
  Stack Trace:
     at ArturRios.Cerberus.WebApi.Tests.ProfileCreateHttpTests.GivenTimestampAtMinimumStorageBoundary_WhenCreating_ThenRejectUnrepresentableWithoutBreakingReads(Int64 ticks, Int32 expectedStatus) in /tmp/cerberus-uc12-worktree/tests/Presentation/ArturRios.Cerberus.WebApi.Tests/ProfileCreateHttpTests.cs:line 148
--- End of stack trace from previous location ---
  Failed ArturRios.Cerberus.WebApi.Tests.ProfileCreateHttpTests.GivenTimestampAtMinimumStorageBoundary_WhenCreating_ThenRejectUnrepresentableWithoutBreakingReads(ticks: 9, expectedStatus: 400) [210 ms]
  Error Message:
   Assert.Equal() Failure: Values differ
Expected: Tuple (400, 200, 404)
Actual:   Tuple (201, 503, 503)
  Stack Trace:
     at ArturRios.Cerberus.WebApi.Tests.ProfileCreateHttpTests.GivenTimestampAtMinimumStorageBoundary_WhenCreating_ThenRejectUnrepresentableWithoutBreakingReads(Int64 ticks, Int32 expectedStatus) in /tmp/cerberus-uc12-worktree/tests/Presentation/ArturRios.Cerberus.WebApi.Tests/ProfileCreateHttpTests.cs:line 148
--- End of stack trace from previous location ---

Failed!  - Failed:     4, Passed:     2, Skipped:     0, Total:     6, Duration: 3 s - ArturRios.Cerberus.WebApi.Tests.dll (net10.0)
