  Determining projects to restore...
  All projects are up-to-date for restore.
  ArturRios.Cerberus.Domain -> /tmp/cerberus-uc12-worktree/src/Domain/ArturRios.Cerberus.Domain/bin/Debug/net10.0/ArturRios.Cerberus.Domain.dll
  ArturRios.Cerberus.Shared -> /tmp/cerberus-uc12-worktree/src/Application/ArturRios.Cerberus.Shared/bin/Debug/net10.0/ArturRios.Cerberus.Shared.dll
  ArturRios.Cerberus.Data -> /tmp/cerberus-uc12-worktree/src/Infrastructure/ArturRios.Cerberus.Data/bin/Debug/net10.0/ArturRios.Cerberus.Data.dll
  ArturRios.Cerberus.Data.Tests -> /tmp/cerberus-uc12-worktree/tests/Infrastructure/ArturRios.Cerberus.Data.Tests/bin/Debug/net10.0/ArturRios.Cerberus.Data.Tests.dll
Test run for /tmp/cerberus-uc12-worktree/tests/Infrastructure/ArturRios.Cerberus.Data.Tests/bin/Debug/net10.0/ArturRios.Cerberus.Data.Tests.dll (.NETCoreApp,Version=v10.0)
VSTest version 18.0.2 (x64)

Starting test execution, please wait...
A total of 1 test files matched the specified pattern.
[xUnit.net 00:00:09.32]     ArturRios.Cerberus.Data.Tests.ProfileUpdateStoreTests.GivenChangedCiphertextReusesCurrentEncryptionContext_WhenUpdating_ThenRejectWithoutMutation(kind: "nonce") [FAIL]
[xUnit.net 00:00:09.40]     ArturRios.Cerberus.Data.Tests.ProfileUpdateStoreTests.GivenChangedCiphertextReusesCurrentEncryptionContext_WhenUpdating_ThenRejectWithoutMutation(kind: "salt") [FAIL]
  Failed ArturRios.Cerberus.Data.Tests.ProfileUpdateStoreTests.GivenChangedCiphertextReusesCurrentEncryptionContext_WhenUpdating_ThenRejectWithoutMutation(kind: "nonce") [1 s]
  Error Message:
   Assert.Equal() Failure: Strings differ
Expected: "validation_failed"
Actual:   null
  Stack Trace:
     at ArturRios.Cerberus.Data.Tests.ProfileUpdateStoreTests.GivenChangedCiphertextReusesCurrentEncryptionContext_WhenUpdating_ThenRejectWithoutMutation(String kind) in /tmp/cerberus-uc12-worktree/tests/Infrastructure/ArturRios.Cerberus.Data.Tests/ProfileUpdateStoreTests.cs:line 100
--- End of stack trace from previous location ---
  Failed ArturRios.Cerberus.Data.Tests.ProfileUpdateStoreTests.GivenChangedCiphertextReusesCurrentEncryptionContext_WhenUpdating_ThenRejectWithoutMutation(kind: "salt") [77 ms]
  Error Message:
   Assert.Equal() Failure: Strings differ
Expected: "validation_failed"
Actual:   null
  Stack Trace:
     at ArturRios.Cerberus.Data.Tests.ProfileUpdateStoreTests.GivenChangedCiphertextReusesCurrentEncryptionContext_WhenUpdating_ThenRejectWithoutMutation(String kind) in /tmp/cerberus-uc12-worktree/tests/Infrastructure/ArturRios.Cerberus.Data.Tests/ProfileUpdateStoreTests.cs:line 100
--- End of stack trace from previous location ---

Failed!  - Failed:     2, Passed:     0, Skipped:     0, Total:     2, Duration: 1 s - ArturRios.Cerberus.Data.Tests.dll (net10.0)
