$ dotnet test /tmp/cerberus-uc38-worktree/src/ArturRios.Cerberus.sln --collect:XPlat Code Coverage
  Determining projects to restore...
  Restored /tmp/cerberus-uc38-worktree/tests/Application/ArturRios.Cerberus.Shared.Tests/ArturRios.Cerberus.Shared.Tests.csproj (in 348 ms).
  11 of 12 projects are up-to-date for restore.
  ArturRios.Cerberus.Domain -> /tmp/cerberus-uc38-worktree/src/Domain/ArturRios.Cerberus.Domain/bin/Debug/net10.0/ArturRios.Cerberus.Domain.dll
  ArturRios.Cerberus.Shared -> /tmp/cerberus-uc38-worktree/src/Application/ArturRios.Cerberus.Shared/bin/Debug/net10.0/ArturRios.Cerberus.Shared.dll
  ArturRios.Cerberus.Data -> /tmp/cerberus-uc38-worktree/src/Infrastructure/ArturRios.Cerberus.Data/bin/Debug/net10.0/ArturRios.Cerberus.Data.dll
  ArturRios.Cerberus.Query -> /tmp/cerberus-uc38-worktree/src/Application/ArturRios.Cerberus.Query/bin/Debug/net10.0/ArturRios.Cerberus.Query.dll
  ArturRios.Cerberus.Command -> /tmp/cerberus-uc38-worktree/src/Application/ArturRios.Cerberus.Command/bin/Debug/net10.0/ArturRios.Cerberus.Command.dll
  ArturRios.Cerberus.Domain.Tests -> /tmp/cerberus-uc38-worktree/tests/Domain/ArturRios.Cerberus.Domain.Tests/bin/Debug/net10.0/ArturRios.Cerberus.Domain.Tests.dll
  ArturRios.Cerberus.Query.Tests -> /tmp/cerberus-uc38-worktree/tests/Application/ArturRios.Cerberus.Query.Tests/bin/Debug/net10.0/ArturRios.Cerberus.Query.Tests.dll
Test run for /tmp/cerberus-uc38-worktree/tests/Domain/ArturRios.Cerberus.Domain.Tests/bin/Debug/net10.0/ArturRios.Cerberus.Domain.Tests.dll (.NETCoreApp,Version=v10.0)
Test run for /tmp/cerberus-uc38-worktree/tests/Application/ArturRios.Cerberus.Query.Tests/bin/Debug/net10.0/ArturRios.Cerberus.Query.Tests.dll (.NETCoreApp,Version=v10.0)
VSTest version 18.0.2 (x64)

VSTest version 18.0.2 (x64)

Starting test execution, please wait...
A total of 1 test files matched the specified pattern.
Starting test execution, please wait...
  ArturRios.Cerberus.Shared.Tests -> /tmp/cerberus-uc38-worktree/tests/Application/ArturRios.Cerberus.Shared.Tests/bin/Debug/net10.0/ArturRios.Cerberus.Shared.Tests.dll
A total of 1 test files matched the specified pattern.
Test run for /tmp/cerberus-uc38-worktree/tests/Application/ArturRios.Cerberus.Shared.Tests/bin/Debug/net10.0/ArturRios.Cerberus.Shared.Tests.dll (.NETCoreApp,Version=v10.0)
VSTest version 18.0.2 (x64)

  ArturRios.Cerberus.Data.Tests -> /tmp/cerberus-uc38-worktree/tests/Infrastructure/ArturRios.Cerberus.Data.Tests/bin/Debug/net10.0/ArturRios.Cerberus.Data.Tests.dll
Starting test execution, please wait...
Test run for /tmp/cerberus-uc38-worktree/tests/Infrastructure/ArturRios.Cerberus.Data.Tests/bin/Debug/net10.0/ArturRios.Cerberus.Data.Tests.dll (.NETCoreApp,Version=v10.0)
A total of 1 test files matched the specified pattern.
VSTest version 18.0.2 (x64)

Starting test execution, please wait...
A total of 1 test files matched the specified pattern.

Passed!  - Failed:     0, Passed:    18, Skipped:     0, Total:    18, Duration: 259 ms - ArturRios.Cerberus.Query.Tests.dll (net10.0)

Passed!  - Failed:     0, Passed:    91, Skipped:     0, Total:    91, Duration: 144 ms - ArturRios.Cerberus.Domain.Tests.dll (net10.0)

Passed!  - Failed:     0, Passed:   125, Skipped:     0, Total:   125, Duration: 267 ms - ArturRios.Cerberus.Shared.Tests.dll (net10.0)
  ArturRios.Cerberus.Command.Tests -> /tmp/cerberus-uc38-worktree/tests/Application/ArturRios.Cerberus.Command.Tests/bin/Debug/net10.0/ArturRios.Cerberus.Command.Tests.dll
Test run for /tmp/cerberus-uc38-worktree/tests/Application/ArturRios.Cerberus.Command.Tests/bin/Debug/net10.0/ArturRios.Cerberus.Command.Tests.dll (.NETCoreApp,Version=v10.0)
VSTest version 18.0.2 (x64)

Starting test execution, please wait...
A total of 1 test files matched the specified pattern.

Passed!  - Failed:     0, Passed:   113, Skipped:     0, Total:   113, Duration: 563 ms - ArturRios.Cerberus.Command.Tests.dll (net10.0)

Passed!  - Failed:     0, Passed:   163, Skipped:     0, Total:   163, Duration: 21 s - ArturRios.Cerberus.Data.Tests.dll (net10.0)
  ArturRios.Cerberus.WebApi -> /tmp/cerberus-uc38-worktree/src/Presentation/ArturRios.Cerberus.WebApi/bin/Debug/net10.0/ArturRios.Cerberus.WebApi.dll
  ArturRios.Cerberus.WebApi.Tests -> /tmp/cerberus-uc38-worktree/tests/Presentation/ArturRios.Cerberus.WebApi.Tests/bin/Debug/net10.0/ArturRios.Cerberus.WebApi.Tests.dll
Test run for /tmp/cerberus-uc38-worktree/tests/Presentation/ArturRios.Cerberus.WebApi.Tests/bin/Debug/net10.0/ArturRios.Cerberus.WebApi.Tests.dll (.NETCoreApp,Version=v10.0)
VSTest version 18.0.2 (x64)

Starting test execution, please wait...
A total of 1 test files matched the specified pattern.

Passed!  - Failed:     0, Passed:   240, Skipped:     0, Total:   240, Duration: 27 s - ArturRios.Cerberus.WebApi.Tests.dll (net10.0)

Attachments:
  /tmp/cerberus-uc38-worktree/tests/Application/ArturRios.Cerberus.Query.Tests/TestResults/1aac2575-4c76-43c8-80e7-4d0db7a55817/coverage.cobertura.xml
  /tmp/cerberus-uc38-worktree/tests/Domain/ArturRios.Cerberus.Domain.Tests/TestResults/a18f2a36-e488-4666-a045-9c7e9322211d/coverage.cobertura.xml
  /tmp/cerberus-uc38-worktree/tests/Application/ArturRios.Cerberus.Shared.Tests/TestResults/5c86d802-0adc-43a9-bcea-87716c8d222d/coverage.cobertura.xml
  /tmp/cerberus-uc38-worktree/tests/Application/ArturRios.Cerberus.Command.Tests/TestResults/f01c55f3-a22a-44ec-b1cf-ae653ab7073f/coverage.cobertura.xml
  /tmp/cerberus-uc38-worktree/tests/Infrastructure/ArturRios.Cerberus.Data.Tests/TestResults/9f018d23-68c0-4287-9d79-501c7d7460e4/coverage.cobertura.xml
  /tmp/cerberus-uc38-worktree/tests/Presentation/ArturRios.Cerberus.WebApi.Tests/TestResults/833a184f-217c-466c-94a0-1ba26f3e604e/coverage.cobertura.xml
Found 6 coverage file(s)
REPORTGENERATOR_LICENSE is not set; generating with the free version
$ reportgenerator -reports:/tmp/cerberus-uc38-worktree/tests/Application/ArturRios.Cerberus.Command.Tests/TestResults/f01c55f3-a22a-44ec-b1cf-ae653ab7073f/coverage.cobertura.xml;/tmp/cerberus-uc38-worktree/tests/Application/ArturRios.Cerberus.Query.Tests/TestResults/1aac2575-4c76-43c8-80e7-4d0db7a55817/coverage.cobertura.xml;/tmp/cerberus-uc38-worktree/tests/Application/ArturRios.Cerberus.Shared.Tests/TestResults/5c86d802-0adc-43a9-bcea-87716c8d222d/coverage.cobertura.xml;/tmp/cerberus-uc38-worktree/tests/Domain/ArturRios.Cerberus.Domain.Tests/TestResults/a18f2a36-e488-4666-a045-9c7e9322211d/coverage.cobertura.xml;/tmp/cerberus-uc38-worktree/tests/Infrastructure/ArturRios.Cerberus.Data.Tests/TestResults/9f018d23-68c0-4287-9d79-501c7d7460e4/coverage.cobertura.xml;/tmp/cerberus-uc38-worktree/tests/Presentation/ArturRios.Cerberus.WebApi.Tests/TestResults/833a184f-217c-466c-94a0-1ba26f3e604e/coverage.cobertura.xml -targetdir:/tmp/cerberus-uc38-worktree/docs/coverage-report -reporttypes:Html;JsonSummary -assemblyfilters:+ArturRios.Cerberus.*;-*.Tests -title:Cerberus API
2026-10-08T15:19:04: Arguments
2026-10-08T15:19:04:  -reports:/tmp/cerberus-uc38-worktree/tests/Application/ArturRios.Cerberus.Command.Tests/TestResults/f01c55f3-a22a-44ec-b1cf-ae653ab7073f/coverage.cobertura.xml;/tmp/cerberus-uc38-worktree/tests/Application/ArturRios.Cerberus.Query.Tests/TestResults/1aac2575-4c76-43c8-80e7-4d0db7a55817/coverage.cobertura.xml;/tmp/cerberus-uc38-worktree/tests/Application/ArturRios.Cerberus.Shared.Tests/TestResults/5c86d802-0adc-43a9-bcea-87716c8d222d/coverage.cobertura.xml;/tmp/cerberus-uc38-worktree/tests/Domain/ArturRios.Cerberus.Domain.Tests/TestResults/a18f2a36-e488-4666-a045-9c7e9322211d/coverage.cobertura.xml;/tmp/cerberus-uc38-worktree/tests/Infrastructure/ArturRios.Cerberus.Data.Tests/TestResults/9f018d23-68c0-4287-9d79-501c7d7460e4/coverage.cobertura.xml;/tmp/cerberus-uc38-worktree/tests/Presentation/ArturRios.Cerberus.WebApi.Tests/TestResults/833a184f-217c-466c-94a0-1ba26f3e604e/coverage.cobertura.xml
2026-10-08T15:19:04:  -targetdir:/tmp/cerberus-uc38-worktree/docs/coverage-report
2026-10-08T15:19:04:  -reporttypes:Html;JsonSummary
2026-10-08T15:19:04:  -assemblyfilters:+ArturRios.Cerberus.*;-*.Tests
2026-10-08T15:19:04:  -title:Cerberus API
2026-10-08T15:19:05: Writing report file '/tmp/cerberus-uc38-worktree/docs/coverage-report/index.html'
2026-10-08T15:19:05: Writing report file '/tmp/cerberus-uc38-worktree/docs/coverage-report/Summary.json'
2026-10-08T15:19:05: Report generation took 0.8 seconds

Report written to /tmp/cerberus-uc38-worktree/docs/coverage-report
Line coverage 97.2% (minimum 90.0%)
Open the HTML report at: /tmp/cerberus-uc38-worktree/docs/coverage-report/index.html
