  Determining projects to restore...
  All projects are up-to-date for restore.
  ArturRios.Cerberus.Domain -> /tmp/cerberus-uc09-worktree/src/Domain/ArturRios.Cerberus.Domain/bin/Debug/net10.0/ArturRios.Cerberus.Domain.dll
  ArturRios.Cerberus.Shared -> /tmp/cerberus-uc09-worktree/src/Application/ArturRios.Cerberus.Shared/bin/Debug/net10.0/ArturRios.Cerberus.Shared.dll
  ArturRios.Cerberus.Query -> /tmp/cerberus-uc09-worktree/src/Application/ArturRios.Cerberus.Query/bin/Debug/net10.0/ArturRios.Cerberus.Query.dll
  ArturRios.Cerberus.Command -> /tmp/cerberus-uc09-worktree/src/Application/ArturRios.Cerberus.Command/bin/Debug/net10.0/ArturRios.Cerberus.Command.dll
  ArturRios.Cerberus.Data -> /tmp/cerberus-uc09-worktree/src/Infrastructure/ArturRios.Cerberus.Data/bin/Debug/net10.0/ArturRios.Cerberus.Data.dll
  ArturRios.Cerberus.WebApi -> /tmp/cerberus-uc09-worktree/src/Presentation/ArturRios.Cerberus.WebApi/bin/Debug/net10.0/ArturRios.Cerberus.WebApi.dll
  ArturRios.Cerberus.WebApi.Tests -> /tmp/cerberus-uc09-worktree/tests/Presentation/ArturRios.Cerberus.WebApi.Tests/bin/Debug/net10.0/ArturRios.Cerberus.WebApi.Tests.dll
Test run for /tmp/cerberus-uc09-worktree/tests/Presentation/ArturRios.Cerberus.WebApi.Tests/bin/Debug/net10.0/ArturRios.Cerberus.WebApi.Tests.dll (.NETCoreApp,Version=v10.0)
VSTest version 18.0.2 (x64)

Starting test execution, please wait...
A total of 1 test files matched the specified pattern.
[xUnit.net 00:00:48.26]     ArturRios.Cerberus.WebApi.Tests.ProfileCreateHttpTests.GivenSubMicrosecondEditAroundPostgresEpoch_WhenCreating_ThenReturnCommittedNormalizedTimestamp(timestamp: "1999-12-31T23:59:59.9999999Z") [FAIL]
  Failed ArturRios.Cerberus.WebApi.Tests.ProfileCreateHttpTests.GivenSubMicrosecondEditAroundPostgresEpoch_WhenCreating_ThenReturnCommittedNormalizedTimestamp(timestamp: "1999-12-31T23:59:59.9999999Z") [52 ms]
  Error Message:
   Assert.Equal() Failure: Values differ
Expected: Created
Actual:   ServiceUnavailable
  Stack Trace:
     at ArturRios.Cerberus.WebApi.Tests.ProfileCreateHttpTests.GivenSubMicrosecondEditAroundPostgresEpoch_WhenCreating_ThenReturnCommittedNormalizedTimestamp(String timestamp) in /tmp/cerberus-uc09-worktree/tests/Presentation/ArturRios.Cerberus.WebApi.Tests/ProfileCreateHttpTests.cs:line 45
--- End of stack trace from previous location ---

Failed!  - Failed:     1, Passed:   445, Skipped:     0, Total:   446, Duration: 1 m 3 s - ArturRios.Cerberus.WebApi.Tests.dll (net10.0)
