$ dotnet test /tmp/cerberus-uc09-worktree/src/ArturRios.Cerberus.sln --collect:XPlat Code Coverage
  Determining projects to restore...
  All projects are up-to-date for restore.
  ArturRios.Cerberus.Domain -> /tmp/cerberus-uc09-worktree/src/Domain/ArturRios.Cerberus.Domain/bin/Debug/net10.0/ArturRios.Cerberus.Domain.dll
  ArturRios.Cerberus.Shared -> /tmp/cerberus-uc09-worktree/src/Application/ArturRios.Cerberus.Shared/bin/Debug/net10.0/ArturRios.Cerberus.Shared.dll
  ArturRios.Cerberus.Query -> /tmp/cerberus-uc09-worktree/src/Application/ArturRios.Cerberus.Query/bin/Debug/net10.0/ArturRios.Cerberus.Query.dll
  ArturRios.Cerberus.Command -> /tmp/cerberus-uc09-worktree/src/Application/ArturRios.Cerberus.Command/bin/Debug/net10.0/ArturRios.Cerberus.Command.dll
  ArturRios.Cerberus.Domain.Tests -> /tmp/cerberus-uc09-worktree/tests/Domain/ArturRios.Cerberus.Domain.Tests/bin/Debug/net10.0/ArturRios.Cerberus.Domain.Tests.dll
  ArturRios.Cerberus.Query.Tests -> /tmp/cerberus-uc09-worktree/tests/Application/ArturRios.Cerberus.Query.Tests/bin/Debug/net10.0/ArturRios.Cerberus.Query.Tests.dll
Test run for /tmp/cerberus-uc09-worktree/tests/Domain/ArturRios.Cerberus.Domain.Tests/bin/Debug/net10.0/ArturRios.Cerberus.Domain.Tests.dll (.NETCoreApp,Version=v10.0)
Test run for /tmp/cerberus-uc09-worktree/tests/Application/ArturRios.Cerberus.Query.Tests/bin/Debug/net10.0/ArturRios.Cerberus.Query.Tests.dll (.NETCoreApp,Version=v10.0)
VSTest version 18.0.2 (x64)

VSTest version 18.0.2 (x64)

Starting test execution, please wait...
A total of 1 test files matched the specified pattern.
Starting test execution, please wait...
A total of 1 test files matched the specified pattern.
  ArturRios.Cerberus.Shared.Tests -> /tmp/cerberus-uc09-worktree/tests/Application/ArturRios.Cerberus.Shared.Tests/bin/Debug/net10.0/ArturRios.Cerberus.Shared.Tests.dll
  ArturRios.Cerberus.Data -> /tmp/cerberus-uc09-worktree/src/Infrastructure/ArturRios.Cerberus.Data/bin/Debug/net10.0/ArturRios.Cerberus.Data.dll
Test run for /tmp/cerberus-uc09-worktree/tests/Application/ArturRios.Cerberus.Shared.Tests/bin/Debug/net10.0/ArturRios.Cerberus.Shared.Tests.dll (.NETCoreApp,Version=v10.0)
VSTest version 18.0.2 (x64)

Starting test execution, please wait...
A total of 1 test files matched the specified pattern.
  ArturRios.Cerberus.Data.Tests -> /tmp/cerberus-uc09-worktree/tests/Infrastructure/ArturRios.Cerberus.Data.Tests/bin/Debug/net10.0/ArturRios.Cerberus.Data.Tests.dll
Test run for /tmp/cerberus-uc09-worktree/tests/Infrastructure/ArturRios.Cerberus.Data.Tests/bin/Debug/net10.0/ArturRios.Cerberus.Data.Tests.dll (.NETCoreApp,Version=v10.0)
VSTest version 18.0.2 (x64)

Starting test execution, please wait...
A total of 1 test files matched the specified pattern.

Passed!  - Failed:     0, Passed:   198, Skipped:     0, Total:   198, Duration: 327 ms - ArturRios.Cerberus.Domain.Tests.dll (net10.0)

Passed!  - Failed:     0, Passed:    18, Skipped:     0, Total:    18, Duration: 283 ms - ArturRios.Cerberus.Query.Tests.dll (net10.0)

Passed!  - Failed:     0, Passed:   125, Skipped:     0, Total:   125, Duration: 383 ms - ArturRios.Cerberus.Shared.Tests.dll (net10.0)
  ArturRios.Cerberus.Command.Tests -> /tmp/cerberus-uc09-worktree/tests/Application/ArturRios.Cerberus.Command.Tests/bin/Debug/net10.0/ArturRios.Cerberus.Command.Tests.dll
Test run for /tmp/cerberus-uc09-worktree/tests/Application/ArturRios.Cerberus.Command.Tests/bin/Debug/net10.0/ArturRios.Cerberus.Command.Tests.dll (.NETCoreApp,Version=v10.0)
VSTest version 18.0.2 (x64)

Starting test execution, please wait...
A total of 1 test files matched the specified pattern.

Passed!  - Failed:     0, Passed:   203, Skipped:     0, Total:   203, Duration: 744 ms - ArturRios.Cerberus.Command.Tests.dll (net10.0)

Passed!  - Failed:     0, Passed:   349, Skipped:     0, Total:   349, Duration: 1 m 3 s - ArturRios.Cerberus.Data.Tests.dll (net10.0)
  ArturRios.Cerberus.WebApi -> /tmp/cerberus-uc09-worktree/src/Presentation/ArturRios.Cerberus.WebApi/bin/Debug/net10.0/ArturRios.Cerberus.WebApi.dll
  ArturRios.Cerberus.WebApi.Tests -> /tmp/cerberus-uc09-worktree/tests/Presentation/ArturRios.Cerberus.WebApi.Tests/bin/Debug/net10.0/ArturRios.Cerberus.WebApi.Tests.dll
Test run for /tmp/cerberus-uc09-worktree/tests/Presentation/ArturRios.Cerberus.WebApi.Tests/bin/Debug/net10.0/ArturRios.Cerberus.WebApi.Tests.dll (.NETCoreApp,Version=v10.0)
VSTest version 18.0.2 (x64)

Starting test execution, please wait...
A total of 1 test files matched the specified pattern.

Passed!  - Failed:     0, Passed:   446, Skipped:     0, Total:   446, Duration: 1 m 3 s - ArturRios.Cerberus.WebApi.Tests.dll (net10.0)

Attachments:
  /tmp/cerberus-uc09-worktree/tests/Domain/ArturRios.Cerberus.Domain.Tests/TestResults/2523c4dd-3a55-4fdf-b213-7c551b1054aa/coverage.cobertura.xml
  /tmp/cerberus-uc09-worktree/tests/Application/ArturRios.Cerberus.Query.Tests/TestResults/a3afdfea-7ba3-49fd-be66-0141d948d8c1/coverage.cobertura.xml
  /tmp/cerberus-uc09-worktree/tests/Application/ArturRios.Cerberus.Shared.Tests/TestResults/871e36ee-2617-40da-bec0-ee60459a3da4/coverage.cobertura.xml
  /tmp/cerberus-uc09-worktree/tests/Application/ArturRios.Cerberus.Command.Tests/TestResults/a531107c-adb2-4c99-a38d-35aafe869ff0/coverage.cobertura.xml
  /tmp/cerberus-uc09-worktree/tests/Infrastructure/ArturRios.Cerberus.Data.Tests/TestResults/78b90789-4366-493b-aaed-8efb94797a6c/coverage.cobertura.xml
  /tmp/cerberus-uc09-worktree/tests/Presentation/ArturRios.Cerberus.WebApi.Tests/TestResults/b4096ead-edb4-4a8a-b338-c2e478c8d173/coverage.cobertura.xml
Found 6 coverage file(s)
REPORTGENERATOR_LICENSE is not set; generating with the free version
$ reportgenerator -reports:/tmp/cerberus-uc09-worktree/tests/Application/ArturRios.Cerberus.Command.Tests/TestResults/a531107c-adb2-4c99-a38d-35aafe869ff0/coverage.cobertura.xml;/tmp/cerberus-uc09-worktree/tests/Application/ArturRios.Cerberus.Query.Tests/TestResults/a3afdfea-7ba3-49fd-be66-0141d948d8c1/coverage.cobertura.xml;/tmp/cerberus-uc09-worktree/tests/Application/ArturRios.Cerberus.Shared.Tests/TestResults/871e36ee-2617-40da-bec0-ee60459a3da4/coverage.cobertura.xml;/tmp/cerberus-uc09-worktree/tests/Domain/ArturRios.Cerberus.Domain.Tests/TestResults/2523c4dd-3a55-4fdf-b213-7c551b1054aa/coverage.cobertura.xml;/tmp/cerberus-uc09-worktree/tests/Infrastructure/ArturRios.Cerberus.Data.Tests/TestResults/78b90789-4366-493b-aaed-8efb94797a6c/coverage.cobertura.xml;/tmp/cerberus-uc09-worktree/tests/Presentation/ArturRios.Cerberus.WebApi.Tests/TestResults/b4096ead-edb4-4a8a-b338-c2e478c8d173/coverage.cobertura.xml -targetdir:/tmp/cerberus-uc09-worktree/docs/coverage-report -reporttypes:Html;JsonSummary -assemblyfilters:+ArturRios.Cerberus.*;-*.Tests -title:Cerberus API
2026-10-08T17:26:32: Arguments
2026-10-08T17:26:32:  -reports:/tmp/cerberus-uc09-worktree/tests/Application/ArturRios.Cerberus.Command.Tests/TestResults/a531107c-adb2-4c99-a38d-35aafe869ff0/coverage.cobertura.xml;/tmp/cerberus-uc09-worktree/tests/Application/ArturRios.Cerberus.Query.Tests/TestResults/a3afdfea-7ba3-49fd-be66-0141d948d8c1/coverage.cobertura.xml;/tmp/cerberus-uc09-worktree/tests/Application/ArturRios.Cerberus.Shared.Tests/TestResults/871e36ee-2617-40da-bec0-ee60459a3da4/coverage.cobertura.xml;/tmp/cerberus-uc09-worktree/tests/Domain/ArturRios.Cerberus.Domain.Tests/TestResults/2523c4dd-3a55-4fdf-b213-7c551b1054aa/coverage.cobertura.xml;/tmp/cerberus-uc09-worktree/tests/Infrastructure/ArturRios.Cerberus.Data.Tests/TestResults/78b90789-4366-493b-aaed-8efb94797a6c/coverage.cobertura.xml;/tmp/cerberus-uc09-worktree/tests/Presentation/ArturRios.Cerberus.WebApi.Tests/TestResults/b4096ead-edb4-4a8a-b338-c2e478c8d173/coverage.cobertura.xml
2026-10-08T17:26:32:  -targetdir:/tmp/cerberus-uc09-worktree/docs/coverage-report
2026-10-08T17:26:32:  -reporttypes:Html;JsonSummary
2026-10-08T17:26:32:  -assemblyfilters:+ArturRios.Cerberus.*;-*.Tests
2026-10-08T17:26:32:  -title:Cerberus API
2026-10-08T17:26:32: Writing report file '/tmp/cerberus-uc09-worktree/docs/coverage-report/index.html'
2026-10-08T17:26:32: Writing report file '/tmp/cerberus-uc09-worktree/docs/coverage-report/Summary.json'
2026-10-08T17:26:32: Report generation took 0.7 seconds

Report written to /tmp/cerberus-uc09-worktree/docs/coverage-report
Line coverage 97.6% (minimum 90.0%)
Open the HTML report at: /tmp/cerberus-uc09-worktree/docs/coverage-report/index.html
