$ dotnet test /tmp/cerberus-uc20-worktree/src/ArturRios.Cerberus.sln --collect:XPlat Code Coverage
  Determining projects to restore...
  All projects are up-to-date for restore.
  ArturRios.Cerberus.Domain -> /tmp/cerberus-uc20-worktree/src/Domain/ArturRios.Cerberus.Domain/bin/Debug/net10.0/ArturRios.Cerberus.Domain.dll
  ArturRios.Cerberus.Shared -> /tmp/cerberus-uc20-worktree/src/Application/ArturRios.Cerberus.Shared/bin/Debug/net10.0/ArturRios.Cerberus.Shared.dll
  ArturRios.Cerberus.Domain.Tests -> /tmp/cerberus-uc20-worktree/tests/Domain/ArturRios.Cerberus.Domain.Tests/bin/Debug/net10.0/ArturRios.Cerberus.Domain.Tests.dll
  ArturRios.Cerberus.Shared.Tests -> /tmp/cerberus-uc20-worktree/tests/Application/ArturRios.Cerberus.Shared.Tests/bin/Debug/net10.0/ArturRios.Cerberus.Shared.Tests.dll
Test run for /tmp/cerberus-uc20-worktree/tests/Domain/ArturRios.Cerberus.Domain.Tests/bin/Debug/net10.0/ArturRios.Cerberus.Domain.Tests.dll (.NETCoreApp,Version=v10.0)
Test run for /tmp/cerberus-uc20-worktree/tests/Application/ArturRios.Cerberus.Shared.Tests/bin/Debug/net10.0/ArturRios.Cerberus.Shared.Tests.dll (.NETCoreApp,Version=v10.0)
VSTest version 18.0.2 (x64)

VSTest version 18.0.2 (x64)

Starting test execution, please wait...
Starting test execution, please wait...
A total of 1 test files matched the specified pattern.
A total of 1 test files matched the specified pattern.

Passed!  - Failed:     0, Passed:   313, Skipped:     0, Total:   313, Duration: 182 ms - ArturRios.Cerberus.Domain.Tests.dll (net10.0)

Passed!  - Failed:     0, Passed:   125, Skipped:     0, Total:   125, Duration: 241 ms - ArturRios.Cerberus.Shared.Tests.dll (net10.0)
  ArturRios.Cerberus.Command -> /tmp/cerberus-uc20-worktree/src/Application/ArturRios.Cerberus.Command/bin/Debug/net10.0/ArturRios.Cerberus.Command.dll
  ArturRios.Cerberus.Query -> /tmp/cerberus-uc20-worktree/src/Application/ArturRios.Cerberus.Query/bin/Debug/net10.0/ArturRios.Cerberus.Query.dll
  ArturRios.Cerberus.Data -> /tmp/cerberus-uc20-worktree/src/Infrastructure/ArturRios.Cerberus.Data/bin/Debug/net10.0/ArturRios.Cerberus.Data.dll
  ArturRios.Cerberus.Command.Tests -> /tmp/cerberus-uc20-worktree/tests/Application/ArturRios.Cerberus.Command.Tests/bin/Debug/net10.0/ArturRios.Cerberus.Command.Tests.dll
Test run for /tmp/cerberus-uc20-worktree/tests/Application/ArturRios.Cerberus.Command.Tests/bin/Debug/net10.0/ArturRios.Cerberus.Command.Tests.dll (.NETCoreApp,Version=v10.0)
VSTest version 18.0.2 (x64)

Starting test execution, please wait...
A total of 1 test files matched the specified pattern.
  ArturRios.Cerberus.Data.Tests -> /tmp/cerberus-uc20-worktree/tests/Infrastructure/ArturRios.Cerberus.Data.Tests/bin/Debug/net10.0/ArturRios.Cerberus.Data.Tests.dll
Test run for /tmp/cerberus-uc20-worktree/tests/Infrastructure/ArturRios.Cerberus.Data.Tests/bin/Debug/net10.0/ArturRios.Cerberus.Data.Tests.dll (.NETCoreApp,Version=v10.0)
VSTest version 18.0.2 (x64)

Starting test execution, please wait...
A total of 1 test files matched the specified pattern.

Passed!  - Failed:     0, Passed:   641, Skipped:     0, Total:   641, Duration: 456 ms - ArturRios.Cerberus.Command.Tests.dll (net10.0)

Passed!  - Failed:     0, Passed:  1304, Skipped:     0, Total:  1304, Duration: 3 m 42 s - ArturRios.Cerberus.Data.Tests.dll (net10.0)
  ArturRios.Cerberus.WebApi -> /tmp/cerberus-uc20-worktree/src/Presentation/ArturRios.Cerberus.WebApi/bin/Debug/net10.0/ArturRios.Cerberus.WebApi.dll
  ArturRios.Cerberus.Query.Tests -> /tmp/cerberus-uc20-worktree/tests/Application/ArturRios.Cerberus.Query.Tests/bin/Debug/net10.0/ArturRios.Cerberus.Query.Tests.dll
Test run for /tmp/cerberus-uc20-worktree/tests/Application/ArturRios.Cerberus.Query.Tests/bin/Debug/net10.0/ArturRios.Cerberus.Query.Tests.dll (.NETCoreApp,Version=v10.0)
VSTest version 18.0.2 (x64)

  ArturRios.Cerberus.WebApi.Tests -> /tmp/cerberus-uc20-worktree/tests/Presentation/ArturRios.Cerberus.WebApi.Tests/bin/Debug/net10.0/ArturRios.Cerberus.WebApi.Tests.dll
Starting test execution, please wait...
Test run for /tmp/cerberus-uc20-worktree/tests/Presentation/ArturRios.Cerberus.WebApi.Tests/bin/Debug/net10.0/ArturRios.Cerberus.WebApi.Tests.dll (.NETCoreApp,Version=v10.0)
A total of 1 test files matched the specified pattern.
VSTest version 18.0.2 (x64)

Starting test execution, please wait...
A total of 1 test files matched the specified pattern.

Passed!  - Failed:     0, Passed:   259, Skipped:     0, Total:   259, Duration: 419 ms - ArturRios.Cerberus.Query.Tests.dll (net10.0)

Passed!  - Failed:     0, Passed:  1236, Skipped:     0, Total:  1236, Duration: 2 m 37 s - ArturRios.Cerberus.WebApi.Tests.dll (net10.0)

Attachments:
  /tmp/cerberus-uc20-worktree/tests/Domain/ArturRios.Cerberus.Domain.Tests/TestResults/9851772c-5f7e-4dbf-8174-9fda9545f619/coverage.cobertura.xml
  /tmp/cerberus-uc20-worktree/tests/Application/ArturRios.Cerberus.Shared.Tests/TestResults/b5bd653c-f26f-4036-b839-730bb0a2efde/coverage.cobertura.xml
  /tmp/cerberus-uc20-worktree/tests/Application/ArturRios.Cerberus.Command.Tests/TestResults/12e0daa2-0cae-41a9-aed5-f28ee73fa83f/coverage.cobertura.xml
  /tmp/cerberus-uc20-worktree/tests/Infrastructure/ArturRios.Cerberus.Data.Tests/TestResults/586dea42-aa03-4656-8fee-574aed835871/coverage.cobertura.xml
  /tmp/cerberus-uc20-worktree/tests/Application/ArturRios.Cerberus.Query.Tests/TestResults/175ddc85-a791-4b09-9d0f-6754556cb06c/coverage.cobertura.xml
  /tmp/cerberus-uc20-worktree/tests/Presentation/ArturRios.Cerberus.WebApi.Tests/TestResults/3913d541-e34c-494c-8341-c2110de696ba/coverage.cobertura.xml
Found 6 coverage file(s)
REPORTGENERATOR_LICENSE is not set; generating with the free version
$ reportgenerator -reports:/tmp/cerberus-uc20-worktree/tests/Application/ArturRios.Cerberus.Command.Tests/TestResults/12e0daa2-0cae-41a9-aed5-f28ee73fa83f/coverage.cobertura.xml;/tmp/cerberus-uc20-worktree/tests/Application/ArturRios.Cerberus.Query.Tests/TestResults/175ddc85-a791-4b09-9d0f-6754556cb06c/coverage.cobertura.xml;/tmp/cerberus-uc20-worktree/tests/Application/ArturRios.Cerberus.Shared.Tests/TestResults/b5bd653c-f26f-4036-b839-730bb0a2efde/coverage.cobertura.xml;/tmp/cerberus-uc20-worktree/tests/Domain/ArturRios.Cerberus.Domain.Tests/TestResults/9851772c-5f7e-4dbf-8174-9fda9545f619/coverage.cobertura.xml;/tmp/cerberus-uc20-worktree/tests/Infrastructure/ArturRios.Cerberus.Data.Tests/TestResults/586dea42-aa03-4656-8fee-574aed835871/coverage.cobertura.xml;/tmp/cerberus-uc20-worktree/tests/Presentation/ArturRios.Cerberus.WebApi.Tests/TestResults/3913d541-e34c-494c-8341-c2110de696ba/coverage.cobertura.xml -targetdir:/tmp/cerberus-uc20-worktree/docs/coverage-report -reporttypes:Html;JsonSummary -assemblyfilters:+ArturRios.Cerberus.*;-*.Tests -title:Cerberus API
2026-10-09T01:50:56: Arguments
2026-10-09T01:50:56:  -reports:/tmp/cerberus-uc20-worktree/tests/Application/ArturRios.Cerberus.Command.Tests/TestResults/12e0daa2-0cae-41a9-aed5-f28ee73fa83f/coverage.cobertura.xml;/tmp/cerberus-uc20-worktree/tests/Application/ArturRios.Cerberus.Query.Tests/TestResults/175ddc85-a791-4b09-9d0f-6754556cb06c/coverage.cobertura.xml;/tmp/cerberus-uc20-worktree/tests/Application/ArturRios.Cerberus.Shared.Tests/TestResults/b5bd653c-f26f-4036-b839-730bb0a2efde/coverage.cobertura.xml;/tmp/cerberus-uc20-worktree/tests/Domain/ArturRios.Cerberus.Domain.Tests/TestResults/9851772c-5f7e-4dbf-8174-9fda9545f619/coverage.cobertura.xml;/tmp/cerberus-uc20-worktree/tests/Infrastructure/ArturRios.Cerberus.Data.Tests/TestResults/586dea42-aa03-4656-8fee-574aed835871/coverage.cobertura.xml;/tmp/cerberus-uc20-worktree/tests/Presentation/ArturRios.Cerberus.WebApi.Tests/TestResults/3913d541-e34c-494c-8341-c2110de696ba/coverage.cobertura.xml
2026-10-09T01:50:56:  -targetdir:/tmp/cerberus-uc20-worktree/docs/coverage-report
2026-10-09T01:50:56:  -reporttypes:Html;JsonSummary
2026-10-09T01:50:56:  -assemblyfilters:+ArturRios.Cerberus.*;-*.Tests
2026-10-09T01:50:56:  -title:Cerberus API
2026-10-09T01:50:57: Writing report file '/tmp/cerberus-uc20-worktree/docs/coverage-report/index.html'
2026-10-09T01:50:58: Writing report file '/tmp/cerberus-uc20-worktree/docs/coverage-report/Summary.json'
2026-10-09T01:50:58: Report generation took 0.9 seconds

Report written to /tmp/cerberus-uc20-worktree/docs/coverage-report
Line coverage 98.3% (minimum 90.0%)
Open the HTML report at: /tmp/cerberus-uc20-worktree/docs/coverage-report/index.html
