$ dotnet test /tmp/cerberus-uc18-worktree/src/ArturRios.Cerberus.sln --collect:XPlat Code Coverage
  Determining projects to restore...
  All projects are up-to-date for restore.
  ArturRios.Cerberus.Domain -> /tmp/cerberus-uc18-worktree/src/Domain/ArturRios.Cerberus.Domain/bin/Debug/net10.0/ArturRios.Cerberus.Domain.dll
  ArturRios.Cerberus.Shared -> /tmp/cerberus-uc18-worktree/src/Application/ArturRios.Cerberus.Shared/bin/Debug/net10.0/ArturRios.Cerberus.Shared.dll
  ArturRios.Cerberus.Command -> /tmp/cerberus-uc18-worktree/src/Application/ArturRios.Cerberus.Command/bin/Debug/net10.0/ArturRios.Cerberus.Command.dll
  ArturRios.Cerberus.Data -> /tmp/cerberus-uc18-worktree/src/Infrastructure/ArturRios.Cerberus.Data/bin/Debug/net10.0/ArturRios.Cerberus.Data.dll
  ArturRios.Cerberus.Query -> /tmp/cerberus-uc18-worktree/src/Application/ArturRios.Cerberus.Query/bin/Debug/net10.0/ArturRios.Cerberus.Query.dll
  ArturRios.Cerberus.Shared.Tests -> /tmp/cerberus-uc18-worktree/tests/Application/ArturRios.Cerberus.Shared.Tests/bin/Debug/net10.0/ArturRios.Cerberus.Shared.Tests.dll
Test run for /tmp/cerberus-uc18-worktree/tests/Application/ArturRios.Cerberus.Shared.Tests/bin/Debug/net10.0/ArturRios.Cerberus.Shared.Tests.dll (.NETCoreApp,Version=v10.0)
  ArturRios.Cerberus.Domain.Tests -> /tmp/cerberus-uc18-worktree/tests/Domain/ArturRios.Cerberus.Domain.Tests/bin/Debug/net10.0/ArturRios.Cerberus.Domain.Tests.dll
  ArturRios.Cerberus.Command.Tests -> /tmp/cerberus-uc18-worktree/tests/Application/ArturRios.Cerberus.Command.Tests/bin/Debug/net10.0/ArturRios.Cerberus.Command.Tests.dll
VSTest version 18.0.2 (x64)

Test run for /tmp/cerberus-uc18-worktree/tests/Domain/ArturRios.Cerberus.Domain.Tests/bin/Debug/net10.0/ArturRios.Cerberus.Domain.Tests.dll (.NETCoreApp,Version=v10.0)
Test run for /tmp/cerberus-uc18-worktree/tests/Application/ArturRios.Cerberus.Command.Tests/bin/Debug/net10.0/ArturRios.Cerberus.Command.Tests.dll (.NETCoreApp,Version=v10.0)
VSTest version 18.0.2 (x64)

VSTest version 18.0.2 (x64)

Starting test execution, please wait...
A total of 1 test files matched the specified pattern.
Starting test execution, please wait...
A total of 1 test files matched the specified pattern.
Starting test execution, please wait...
A total of 1 test files matched the specified pattern.
  ArturRios.Cerberus.Data.Tests -> /tmp/cerberus-uc18-worktree/tests/Infrastructure/ArturRios.Cerberus.Data.Tests/bin/Debug/net10.0/ArturRios.Cerberus.Data.Tests.dll
Test run for /tmp/cerberus-uc18-worktree/tests/Infrastructure/ArturRios.Cerberus.Data.Tests/bin/Debug/net10.0/ArturRios.Cerberus.Data.Tests.dll (.NETCoreApp,Version=v10.0)
VSTest version 18.0.2 (x64)

Starting test execution, please wait...
A total of 1 test files matched the specified pattern.

Passed!  - Failed:     0, Passed:   125, Skipped:     0, Total:   125, Duration: 357 ms - ArturRios.Cerberus.Shared.Tests.dll (net10.0)

Passed!  - Failed:     0, Passed:   313, Skipped:     0, Total:   313, Duration: 270 ms - ArturRios.Cerberus.Domain.Tests.dll (net10.0)
  ArturRios.Cerberus.Query.Tests -> /tmp/cerberus-uc18-worktree/tests/Application/ArturRios.Cerberus.Query.Tests/bin/Debug/net10.0/ArturRios.Cerberus.Query.Tests.dll
Test run for /tmp/cerberus-uc18-worktree/tests/Application/ArturRios.Cerberus.Query.Tests/bin/Debug/net10.0/ArturRios.Cerberus.Query.Tests.dll (.NETCoreApp,Version=v10.0)
VSTest version 18.0.2 (x64)

Starting test execution, please wait...
A total of 1 test files matched the specified pattern.

Passed!  - Failed:     0, Passed:   496, Skipped:     0, Total:   496, Duration: 580 ms - ArturRios.Cerberus.Command.Tests.dll (net10.0)

Passed!  - Failed:     0, Passed:   259, Skipped:     0, Total:   259, Duration: 329 ms - ArturRios.Cerberus.Query.Tests.dll (net10.0)

Passed!  - Failed:     0, Passed:  1071, Skipped:     0, Total:  1071, Duration: 2 m 34 s - ArturRios.Cerberus.Data.Tests.dll (net10.0)
  ArturRios.Cerberus.WebApi -> /tmp/cerberus-uc18-worktree/src/Presentation/ArturRios.Cerberus.WebApi/bin/Debug/net10.0/ArturRios.Cerberus.WebApi.dll
  ArturRios.Cerberus.WebApi.Tests -> /tmp/cerberus-uc18-worktree/tests/Presentation/ArturRios.Cerberus.WebApi.Tests/bin/Debug/net10.0/ArturRios.Cerberus.WebApi.Tests.dll
Test run for /tmp/cerberus-uc18-worktree/tests/Presentation/ArturRios.Cerberus.WebApi.Tests/bin/Debug/net10.0/ArturRios.Cerberus.WebApi.Tests.dll (.NETCoreApp,Version=v10.0)
VSTest version 18.0.2 (x64)

Starting test execution, please wait...
A total of 1 test files matched the specified pattern.

Passed!  - Failed:     0, Passed:  1050, Skipped:     0, Total:  1050, Duration: 1 m 45 s - ArturRios.Cerberus.WebApi.Tests.dll (net10.0)

Attachments:
  /tmp/cerberus-uc18-worktree/tests/Application/ArturRios.Cerberus.Shared.Tests/TestResults/9939deb8-0309-4811-8545-400b896e6879/coverage.cobertura.xml
  /tmp/cerberus-uc18-worktree/tests/Domain/ArturRios.Cerberus.Domain.Tests/TestResults/2499ea8c-5bb2-4f4b-8572-342f7f740166/coverage.cobertura.xml
  /tmp/cerberus-uc18-worktree/tests/Application/ArturRios.Cerberus.Command.Tests/TestResults/befba1b2-87b1-4035-8105-63eab607dccd/coverage.cobertura.xml
  /tmp/cerberus-uc18-worktree/tests/Application/ArturRios.Cerberus.Query.Tests/TestResults/74425637-2b49-49d0-92d8-19f5eb6d44f6/coverage.cobertura.xml
  /tmp/cerberus-uc18-worktree/tests/Infrastructure/ArturRios.Cerberus.Data.Tests/TestResults/190512be-fa16-4a68-ae9d-f79e9a8fe5df/coverage.cobertura.xml
  /tmp/cerberus-uc18-worktree/tests/Presentation/ArturRios.Cerberus.WebApi.Tests/TestResults/7d4dafd9-a259-42bf-88be-50e4dcf0e4e0/coverage.cobertura.xml
Found 6 coverage file(s)
REPORTGENERATOR_LICENSE is not set; generating with the free version
$ reportgenerator -reports:/tmp/cerberus-uc18-worktree/tests/Application/ArturRios.Cerberus.Command.Tests/TestResults/befba1b2-87b1-4035-8105-63eab607dccd/coverage.cobertura.xml;/tmp/cerberus-uc18-worktree/tests/Application/ArturRios.Cerberus.Query.Tests/TestResults/74425637-2b49-49d0-92d8-19f5eb6d44f6/coverage.cobertura.xml;/tmp/cerberus-uc18-worktree/tests/Application/ArturRios.Cerberus.Shared.Tests/TestResults/9939deb8-0309-4811-8545-400b896e6879/coverage.cobertura.xml;/tmp/cerberus-uc18-worktree/tests/Domain/ArturRios.Cerberus.Domain.Tests/TestResults/2499ea8c-5bb2-4f4b-8572-342f7f740166/coverage.cobertura.xml;/tmp/cerberus-uc18-worktree/tests/Infrastructure/ArturRios.Cerberus.Data.Tests/TestResults/190512be-fa16-4a68-ae9d-f79e9a8fe5df/coverage.cobertura.xml;/tmp/cerberus-uc18-worktree/tests/Presentation/ArturRios.Cerberus.WebApi.Tests/TestResults/7d4dafd9-a259-42bf-88be-50e4dcf0e4e0/coverage.cobertura.xml -targetdir:/tmp/cerberus-uc18-worktree/docs/coverage-report -reporttypes:Html;JsonSummary -assemblyfilters:+ArturRios.Cerberus.*;-*.Tests -title:Cerberus API
2026-10-08T23:59:04: Arguments
2026-10-08T23:59:04:  -reports:/tmp/cerberus-uc18-worktree/tests/Application/ArturRios.Cerberus.Command.Tests/TestResults/befba1b2-87b1-4035-8105-63eab607dccd/coverage.cobertura.xml;/tmp/cerberus-uc18-worktree/tests/Application/ArturRios.Cerberus.Query.Tests/TestResults/74425637-2b49-49d0-92d8-19f5eb6d44f6/coverage.cobertura.xml;/tmp/cerberus-uc18-worktree/tests/Application/ArturRios.Cerberus.Shared.Tests/TestResults/9939deb8-0309-4811-8545-400b896e6879/coverage.cobertura.xml;/tmp/cerberus-uc18-worktree/tests/Domain/ArturRios.Cerberus.Domain.Tests/TestResults/2499ea8c-5bb2-4f4b-8572-342f7f740166/coverage.cobertura.xml;/tmp/cerberus-uc18-worktree/tests/Infrastructure/ArturRios.Cerberus.Data.Tests/TestResults/190512be-fa16-4a68-ae9d-f79e9a8fe5df/coverage.cobertura.xml;/tmp/cerberus-uc18-worktree/tests/Presentation/ArturRios.Cerberus.WebApi.Tests/TestResults/7d4dafd9-a259-42bf-88be-50e4dcf0e4e0/coverage.cobertura.xml
2026-10-08T23:59:04:  -targetdir:/tmp/cerberus-uc18-worktree/docs/coverage-report
2026-10-08T23:59:04:  -reporttypes:Html;JsonSummary
2026-10-08T23:59:04:  -assemblyfilters:+ArturRios.Cerberus.*;-*.Tests
2026-10-08T23:59:04:  -title:Cerberus API
2026-10-08T23:59:04: Writing report file '/tmp/cerberus-uc18-worktree/docs/coverage-report/index.html'
2026-10-08T23:59:05: Writing report file '/tmp/cerberus-uc18-worktree/docs/coverage-report/Summary.json'
2026-10-08T23:59:05: Report generation took 0.8 seconds

Report written to /tmp/cerberus-uc18-worktree/docs/coverage-report
Line coverage 98.3% (minimum 90.0%)
Open the HTML report at: /tmp/cerberus-uc18-worktree/docs/coverage-report/index.html
