  ArturRios.Cerberus.Domain -> /tmp/cerberus-uc18-worktree/src/Domain/ArturRios.Cerberus.Domain/bin/Debug/net10.0/ArturRios.Cerberus.Domain.dll
  ArturRios.Cerberus.Shared -> /tmp/cerberus-uc18-worktree/src/Application/ArturRios.Cerberus.Shared/bin/Debug/net10.0/ArturRios.Cerberus.Shared.dll
  ArturRios.Cerberus.Data -> /tmp/cerberus-uc18-worktree/src/Infrastructure/ArturRios.Cerberus.Data/bin/Debug/net10.0/ArturRios.Cerberus.Data.dll
  ArturRios.Cerberus.Data.Tests -> /tmp/cerberus-uc18-worktree/tests/Infrastructure/ArturRios.Cerberus.Data.Tests/bin/Debug/net10.0/ArturRios.Cerberus.Data.Tests.dll
Test run for /tmp/cerberus-uc18-worktree/tests/Infrastructure/ArturRios.Cerberus.Data.Tests/bin/Debug/net10.0/ArturRios.Cerberus.Data.Tests.dll (.NETCoreApp,Version=v10.0)
VSTest version 18.0.2 (x64)

Starting test execution, please wait...
A total of 1 test files matched the specified pattern.
[xUnit.net 00:00:09.41]     ArturRios.Cerberus.Data.Tests.RecordReadStoreTests.GivenAlternateStoredCollectionEnvelopeShape_WhenGettingSharedTarget_ThenRejectRelevantEvidenceButKeepHiddenTargetsNonrevealing(shape: "numericString", selected: False, visibility: "visible") [FAIL]
  Failed ArturRios.Cerberus.Data.Tests.RecordReadStoreTests.GivenAlternateStoredCollectionEnvelopeShape_WhenGettingSharedTarget_ThenRejectRelevantEvidenceButKeepHiddenTargetsNonrevealing(shape: "numericString", selected: False, visibility: "visible") [178 ms]
  Error Message:
   Assert.Equal() Failure: Strings differ
Expected: "persistence_unavailable"
Actual:   null
  Stack Trace:
     at ArturRios.Cerberus.Data.Tests.RecordReadStoreTests.GivenAlternateStoredCollectionEnvelopeShape_WhenGettingSharedTarget_ThenRejectRelevantEvidenceButKeepHiddenTargetsNonrevealing(String shape, Boolean selected, String visibility) in /tmp/cerberus-uc18-worktree/tests/Infrastructure/ArturRios.Cerberus.Data.Tests/RecordReadStoreTests.cs:line 220
--- End of stack trace from previous location ---
[xUnit.net 00:00:10.10]     ArturRios.Cerberus.Data.Tests.RecordReadStoreTests.GivenAlternateStoredCollectionEnvelopeShape_WhenGettingSharedTarget_ThenRejectRelevantEvidenceButKeepHiddenTargetsNonrevealing(shape: "numericString", selected: True, visibility: "visible") [FAIL]
  Failed ArturRios.Cerberus.Data.Tests.RecordReadStoreTests.GivenAlternateStoredCollectionEnvelopeShape_WhenGettingSharedTarget_ThenRejectRelevantEvidenceButKeepHiddenTargetsNonrevealing(shape: "numericString", selected: True, visibility: "visible") [124 ms]
  Error Message:
   Assert.Equal() Failure: Strings differ
Expected: "persistence_unavailable"
Actual:   null
  Stack Trace:
     at ArturRios.Cerberus.Data.Tests.RecordReadStoreTests.GivenAlternateStoredCollectionEnvelopeShape_WhenGettingSharedTarget_ThenRejectRelevantEvidenceButKeepHiddenTargetsNonrevealing(String shape, Boolean selected, String visibility) in /tmp/cerberus-uc18-worktree/tests/Infrastructure/ArturRios.Cerberus.Data.Tests/RecordReadStoreTests.cs:line 220
--- End of stack trace from previous location ---
[xUnit.net 00:00:12.74]     ArturRios.Cerberus.Data.Tests.RecordListStoreTests.GivenCorruptRelevantNativeGrant_WhenListing_Then503WithoutPartialContent(kind: "collectionNumericString") [FAIL]
  Failed ArturRios.Cerberus.Data.Tests.RecordListStoreTests.GivenCorruptRelevantNativeGrant_WhenListing_Then503WithoutPartialContent(kind: "collectionNumericString") [427 ms]
  Error Message:
   Assert.Equal() Failure: Strings differ
Expected: "persistence_unavailable"
Actual:   null
  Stack Trace:
     at ArturRios.Cerberus.Data.Tests.RecordListStoreTests.GivenCorruptRelevantNativeGrant_WhenListing_Then503WithoutPartialContent(String kind) in /tmp/cerberus-uc18-worktree/tests/Infrastructure/ArturRios.Cerberus.Data.Tests/RecordListStoreTests.cs:line 55
--- End of stack trace from previous location ---

Failed!  - Failed:     3, Passed:    36, Skipped:     0, Total:    39, Duration: 9 s - ArturRios.Cerberus.Data.Tests.dll (net10.0)
