  ArturRios.Cerberus.Domain -> /tmp/cerberus-uc22-worktree/src/Domain/ArturRios.Cerberus.Domain/bin/Debug/net10.0/ArturRios.Cerberus.Domain.dll
  ArturRios.Cerberus.Shared -> /tmp/cerberus-uc22-worktree/src/Application/ArturRios.Cerberus.Shared/bin/Debug/net10.0/ArturRios.Cerberus.Shared.dll
  ArturRios.Cerberus.Data -> /tmp/cerberus-uc22-worktree/src/Infrastructure/ArturRios.Cerberus.Data/bin/Debug/net10.0/ArturRios.Cerberus.Data.dll
  ArturRios.Cerberus.Data.Tests -> /tmp/cerberus-uc22-worktree/tests/Infrastructure/ArturRios.Cerberus.Data.Tests/bin/Debug/net10.0/ArturRios.Cerberus.Data.Tests.dll
Test run for /tmp/cerberus-uc22-worktree/tests/Infrastructure/ArturRios.Cerberus.Data.Tests/bin/Debug/net10.0/ArturRios.Cerberus.Data.Tests.dll (.NETCoreApp,Version=v10.0)
VSTest version 18.0.2 (x64)

Starting test execution, please wait...
A total of 1 test files matched the specified pattern.
[xUnit.net 00:00:00.00] xUnit.net VSTest Adapter v4.0.0+05679a7ab5 (64-bit .NET 10.0.12)
[xUnit.net 00:00:00.16]   Discovering: ArturRios.Cerberus.Data.Tests
[xUnit.net 00:00:00.58]   Discovered:  ArturRios.Cerberus.Data.Tests
[xUnit.net 00:00:00.67]   Starting:    ArturRios.Cerberus.Data.Tests
[testcontainers.org 00:00:00.15] Connected to Docker:
  Host: unix:///var/run/docker.sock
  Server Version: 29.8.2
  Kernel Version: 7.0.0-34-generic
  API Version: 1.56
  Operating System: Ubuntu 26.04.1 LTS
  Total Memory: 31.34 GB
[testcontainers.org 00:00:00.53] Docker container dbba239c207e created
[testcontainers.org 00:00:00.58] Start Docker container dbba239c207e
[testcontainers.org 00:00:00.77] Wait for Docker container dbba239c207e to complete readiness checks
[testcontainers.org 00:00:01.81] Docker container dbba239c207e ready
[testcontainers.org 00:00:01.99] Docker container 725b4e0a7557 created
[testcontainers.org 00:00:02.00] Start Docker container 725b4e0a7557
[testcontainers.org 00:00:02.21] Wait for Docker container 725b4e0a7557 to complete readiness checks
[testcontainers.org 00:00:02.23] Execute "pg_isready --host localhost --dbname postgres --username postgres" at Docker container 725b4e0a7557
[testcontainers.org 00:00:03.30] Execute "pg_isready --host localhost --dbname postgres --username postgres" at Docker container 725b4e0a7557
[testcontainers.org 00:00:04.38] Execute "pg_isready --host localhost --dbname postgres --username postgres" at Docker container 725b4e0a7557
[testcontainers.org 00:00:04.46] Docker container 725b4e0a7557 ready
  Passed ArturRios.Cerberus.Data.Tests.RecordPurgeHandlerTests.GivenInvalidPersistedPurgeAuthority_WhenExecuting_ThenNoLedgerOrPhysicalRemoval(kind: "missingTerminal") [962 ms]
  Passed ArturRios.Cerberus.Data.Tests.RecordPurgeHandlerTests.GivenInvalidPersistedPurgeAuthority_WhenExecuting_ThenNoLedgerOrPhysicalRemoval(kind: "completed") [81 ms]
  Passed ArturRios.Cerberus.Data.Tests.RecordPurgeHandlerTests.GivenInvalidPersistedPurgeAuthority_WhenExecuting_ThenNoLedgerOrPhysicalRemoval(kind: "wrongWork") [40 ms]
  Passed ArturRios.Cerberus.Data.Tests.RecordPurgeHandlerTests.GivenInvalidPersistedPurgeAuthority_WhenExecuting_ThenNoLedgerOrPhysicalRemoval(kind: "otherKind") [48 ms]
  Passed ArturRios.Cerberus.Data.Tests.RecordPurgeHandlerTests.GivenInvalidPersistedPurgeAuthority_WhenExecuting_ThenNoLedgerOrPhysicalRemoval(kind: "wrongKey") [44 ms]
  Passed ArturRios.Cerberus.Data.Tests.RecordPurgeHandlerTests.GivenInvalidPersistedPurgeAuthority_WhenExecuting_ThenNoLedgerOrPhysicalRemoval(kind: "stolen") [53 ms]
  Passed ArturRios.Cerberus.Data.Tests.RecordPurgeHandlerTests.GivenInvalidPersistedPurgeAuthority_WhenExecuting_ThenNoLedgerOrPhysicalRemoval(kind: "expired") [49 ms]
  Passed ArturRios.Cerberus.Data.Tests.RecordPurgeHandlerTests.GivenClaimExpiresAfterCheckBeforePhysicalStatement_WhenPurging_ThenThatStatementCannotRemoveRows(table: "record") [2 s]
  Passed ArturRios.Cerberus.Data.Tests.RecordPurgeHandlerTests.GivenClaimExpiresAfterCheckBeforePhysicalStatement_WhenPurging_ThenThatStatementCannotRemoveRows(table: "trash_operation") [2 s]
  Passed ArturRios.Cerberus.Data.Tests.RecordPurgeHandlerTests.GivenClaimExpiresAfterCheckBeforePhysicalStatement_WhenPurging_ThenThatStatementCannotRemoveRows(table: "trash_entry") [2 s]
  Passed ArturRios.Cerberus.Data.Tests.RecordPurgeHandlerTests.GivenClaimExpiresAfterCheckBeforePhysicalStatement_WhenPurging_ThenThatStatementCannotRemoveRows(table: "retention_work_item") [2 s]
  Passed ArturRios.Cerberus.Data.Tests.RecordPurgeHandlerTests.GivenClaimChangesDuringDurableLedgerWrite_WhenPurging_ThenFinalFenceKeepsCipherForNewClaim(kind: "expired") [241 ms]
  Passed ArturRios.Cerberus.Data.Tests.RecordPurgeHandlerTests.GivenClaimChangesDuringDurableLedgerWrite_WhenPurging_ThenFinalFenceKeepsCipherForNewClaim(kind: "stolen") [77 ms]
[testcontainers.org 00:00:19.00] Execute "pg_dump --username=postgres --dbname=postgres --schema=cerberus --clean --if-exists --file=/tmp/cerberus-test-backup-7d4c2142916045e2934edda016c54105.sql" at Docker container 725b4e0a7557
[testcontainers.org 00:00:19.33] Execute "psql --username=postgres --dbname=postgres --set=ON_ERROR_STOP=1 --file=/tmp/cerberus-test-backup-7d4c2142916045e2934edda016c54105.sql" at Docker container 725b4e0a7557
  Passed ArturRios.Cerberus.Data.Tests.RecordPurgeHandlerTests.GivenDatabaseClaimExpiresBeforeCompletion_WhenCompletingWithOldCallerTime_ThenNoAcknowledgement(afterLock: True) [2 s]
  Passed ArturRios.Cerberus.Data.Tests.RecordPurgeHandlerTests.GivenDatabaseClaimExpiresBeforeCompletion_WhenCompletingWithOldCallerTime_ThenNoAcknowledgement(afterLock: False) [53 ms]
  Passed ArturRios.Cerberus.Data.Tests.RecordPurgeHandlerTests.GivenFailureAfterPhysicalDelete_WhenPurging_ThenRollbackCipherRemovalAndRetryWithoutDuplicateLedger [109 ms]
  Passed ArturRios.Cerberus.Data.Tests.RecordPurgeHandlerTests.GivenBackupBeforePermanentDeletion_WhenRestoringAndReplayingLedger_ThenRemoveCiphertextBeforeTrafficAndKeepOtherKinds [900 ms]
  Passed ArturRios.Cerberus.Data.Tests.RecordPurgeHandlerTests.GivenNonemptyTrashCascadeWithSameGuidOtherKind_WhenPurgingRecord_ThenKeepOtherEntryOperationAndResources [119 ms]
  Passed ArturRios.Cerberus.Data.Tests.RecordPermanentDeleteStoreTests.GivenControlledRecipientEditAndOwnerPermanentDelete_WhenWaitingOnCollections_ThenOneWinnerWithoutDeadlock(deleteFirst: True) [278 ms]
  Passed ArturRios.Cerberus.Data.Tests.RecordPermanentDeleteStoreTests.GivenControlledRecipientEditAndOwnerPermanentDelete_WhenWaitingOnCollections_ThenOneWinnerWithoutDeadlock(deleteFirst: False) [90 ms]
  Passed ArturRios.Cerberus.Data.Tests.RecordPermanentDeleteStoreTests.GivenOverlappingNativeRoutesWithOneMalformedGrant_WhenDeletingForeignTarget_ThenValidateEveryContributingRouteOnly(removeBad: False) [43 ms]
  Passed ArturRios.Cerberus.Data.Tests.RecordPermanentDeleteStoreTests.GivenOverlappingNativeRoutesWithOneMalformedGrant_WhenDeletingForeignTarget_ThenValidateEveryContributingRouteOnly(removeBad: True) [61 ms]
  Passed ArturRios.Cerberus.Data.Tests.RecordPermanentDeleteStoreTests.GivenChangedRestrictedTrashScope_WhenPermanentlyDeleting_ThenNoIntentOrErasure(route: "direct", change: "profileTrash", error: "vault_access_denied") [230 ms]
  Passed ArturRios.Cerberus.Data.Tests.RecordPermanentDeleteStoreTests.GivenChangedRestrictedTrashScope_WhenPermanentlyDeleting_ThenNoIntentOrErasure(route: "direct", change: "missing", error: "not_found") [96 ms]
  Passed ArturRios.Cerberus.Data.Tests.RecordPermanentDeleteStoreTests.GivenChangedRestrictedTrashScope_WhenPermanentlyDeleting_ThenNoIntentOrErasure(route: "collection", change: "collectionTrash", error: "not_found") [176 ms]
  Passed ArturRios.Cerberus.Data.Tests.RecordPermanentDeleteStoreTests.GivenChangedRestrictedTrashScope_WhenPermanentlyDeleting_ThenNoIntentOrErasure(route: "direct", change: "snapshot", error: "persistence_unavailable") [181 ms]
  Passed ArturRios.Cerberus.Data.Tests.RecordPermanentDeleteStoreTests.GivenChangedRestrictedTrashScope_WhenPermanentlyDeleting_ThenNoIntentOrErasure(route: "descendant", change: "folderTrash", error: "not_found") [169 ms]
  Passed ArturRios.Cerberus.Data.Tests.RecordPermanentDeleteStoreTests.GivenChangedRestrictedTrashScope_WhenPermanentlyDeleting_ThenNoIntentOrErasure(route: "collection", change: "removedCollection", error: "not_found") [149 ms]
  Passed ArturRios.Cerberus.Data.Tests.RecordPermanentDeleteStoreTests.GivenChangedRestrictedTrashScope_WhenPermanentlyDeleting_ThenNoIntentOrErasure(route: "direct", change: "wrongProfile", error: "not_found") [114 ms]
  Passed ArturRios.Cerberus.Data.Tests.RecordPermanentDeleteStoreTests.GivenChangedRestrictedTrashScope_WhenPermanentlyDeleting_ThenNoIntentOrErasure(route: "folder", change: "folderTrash", error: "not_found") [92 ms]
  Passed ArturRios.Cerberus.Data.Tests.RecordPermanentDeleteStoreTests.GivenMalformedRequiredHistoricalAssociations_WhenDeletingSelectedTrash_Then503WithoutTerminalIntent(kind: "duplicateIds") [80 ms]
  Passed ArturRios.Cerberus.Data.Tests.RecordPermanentDeleteStoreTests.GivenMalformedRequiredHistoricalAssociations_WhenDeletingSelectedTrash_Then503WithoutTerminalIntent(kind: "zero") [77 ms]
  Passed ArturRios.Cerberus.Data.Tests.RecordPermanentDeleteStoreTests.GivenMalformedRequiredHistoricalAssociations_WhenDeletingSelectedTrash_Then503WithoutTerminalIntent(kind: "case") [77 ms]
  Passed ArturRios.Cerberus.Data.Tests.RecordPermanentDeleteStoreTests.GivenMalformedRequiredHistoricalAssociations_WhenDeletingSelectedTrash_Then503WithoutTerminalIntent(kind: "noncanonical") [87 ms]
  Passed ArturRios.Cerberus.Data.Tests.RecordPermanentDeleteStoreTests.GivenMalformedRequiredHistoricalAssociations_WhenDeletingSelectedTrash_Then503WithoutTerminalIntent(kind: "stringArray") [109 ms]
  Passed ArturRios.Cerberus.Data.Tests.RecordPermanentDeleteStoreTests.GivenMalformedRequiredHistoricalAssociations_WhenDeletingSelectedTrash_Then503WithoutTerminalIntent(kind: "missing") [157 ms]
  Passed ArturRios.Cerberus.Data.Tests.RecordPermanentDeleteStoreTests.GivenMalformedRequiredHistoricalAssociations_WhenDeletingSelectedTrash_Then503WithoutTerminalIntent(kind: "duplicate") [88 ms]
  Passed ArturRios.Cerberus.Data.Tests.RecordPermanentDeleteStoreTests.GivenMalformedRequiredHistoricalAssociations_WhenDeletingSelectedTrash_Then503WithoutTerminalIntent(kind: "unknown") [158 ms]
  Passed ArturRios.Cerberus.Data.Tests.RecordPermanentDeleteStoreTests.GivenCurrentOwnedActiveOrTrashedScope_WhenPermanentlyDeleting_ThenDurableTerminalEventAndOnlyTargetRemoved(route: "wide", trash: True) [256 ms]
  Passed ArturRios.Cerberus.Data.Tests.RecordPermanentDeleteStoreTests.GivenCurrentOwnedActiveOrTrashedScope_WhenPermanentlyDeleting_ThenDurableTerminalEventAndOnlyTargetRemoved(route: "collection", trash: False) [132 ms]
  Passed ArturRios.Cerberus.Data.Tests.RecordPermanentDeleteStoreTests.GivenCurrentOwnedActiveOrTrashedScope_WhenPermanentlyDeleting_ThenDurableTerminalEventAndOnlyTargetRemoved(route: "folder", trash: True) [344 ms]
  Passed ArturRios.Cerberus.Data.Tests.RecordPermanentDeleteStoreTests.GivenCurrentOwnedActiveOrTrashedScope_WhenPermanentlyDeleting_ThenDurableTerminalEventAndOnlyTargetRemoved(route: "descendant", trash: True) [210 ms]
  Passed ArturRios.Cerberus.Data.Tests.RecordPermanentDeleteStoreTests.GivenCurrentOwnedActiveOrTrashedScope_WhenPermanentlyDeleting_ThenDurableTerminalEventAndOnlyTargetRemoved(route: "folder", trash: False) [119 ms]
  Passed ArturRios.Cerberus.Data.Tests.RecordPermanentDeleteStoreTests.GivenCurrentOwnedActiveOrTrashedScope_WhenPermanentlyDeleting_ThenDurableTerminalEventAndOnlyTargetRemoved(route: "collection", trash: True) [194 ms]
  Passed ArturRios.Cerberus.Data.Tests.RecordPermanentDeleteStoreTests.GivenCurrentOwnedActiveOrTrashedScope_WhenPermanentlyDeleting_ThenDurableTerminalEventAndOnlyTargetRemoved(route: "direct", trash: False) [112 ms]
  Passed ArturRios.Cerberus.Data.Tests.RecordPermanentDeleteStoreTests.GivenCurrentOwnedActiveOrTrashedScope_WhenPermanentlyDeleting_ThenDurableTerminalEventAndOnlyTargetRemoved(route: "wide", trash: False) [96 ms]
  Passed ArturRios.Cerberus.Data.Tests.RecordPermanentDeleteStoreTests.GivenCurrentOwnedActiveOrTrashedScope_WhenPermanentlyDeleting_ThenDurableTerminalEventAndOnlyTargetRemoved(route: "direct", trash: True) [159 ms]
  Passed ArturRios.Cerberus.Data.Tests.RecordPermanentDeleteStoreTests.GivenCurrentOwnedActiveOrTrashedScope_WhenPermanentlyDeleting_ThenDurableTerminalEventAndOnlyTargetRemoved(route: "descendant", trash: False) [158 ms]
  Passed ArturRios.Cerberus.Data.Tests.RecordPermanentDeleteStoreTests.GivenInvalidCurrentAuthorityOrState_WhenPermanentlyDeleting_ThenNoIntentOrLedgerOrRemoval(kind: "revoked", error: "vault_access_denied") [52 ms]
  Passed ArturRios.Cerberus.Data.Tests.RecordPermanentDeleteStoreTests.GivenInvalidCurrentAuthorityOrState_WhenPermanentlyDeleting_ThenNoIntentOrLedgerOrRemoval(kind: "missing", error: "not_found") [36 ms]
  Passed ArturRios.Cerberus.Data.Tests.RecordPermanentDeleteStoreTests.GivenInvalidCurrentAuthorityOrState_WhenPermanentlyDeleting_ThenNoIntentOrLedgerOrRemoval(kind: "actor", error: "not_found") [32 ms]
  Passed ArturRios.Cerberus.Data.Tests.RecordPermanentDeleteStoreTests.GivenInvalidCurrentAuthorityOrState_WhenPermanentlyDeleting_ThenNoIntentOrLedgerOrRemoval(kind: "future", error: "vault_access_denied") [45 ms]
  Passed ArturRios.Cerberus.Data.Tests.RecordPermanentDeleteStoreTests.GivenInvalidCurrentAuthorityOrState_WhenPermanentlyDeleting_ThenNoIntentOrLedgerOrRemoval(kind: "closing", error: "not_found") [31 ms]
  Passed ArturRios.Cerberus.Data.Tests.RecordPermanentDeleteStoreTests.GivenInvalidCurrentAuthorityOrState_WhenPermanentlyDeleting_ThenNoIntentOrLedgerOrRemoval(kind: "unselected", error: "not_found") [72 ms]
  Passed ArturRios.Cerberus.Data.Tests.RecordPermanentDeleteStoreTests.GivenInvalidCurrentAuthorityOrState_WhenPermanentlyDeleting_ThenNoIntentOrLedgerOrRemoval(kind: "terminal", error: "not_found") [50 ms]
  Passed ArturRios.Cerberus.Data.Tests.RecordPermanentDeleteStoreTests.GivenInvalidCurrentAuthorityOrState_WhenPermanentlyDeleting_ThenNoIntentOrLedgerOrRemoval(kind: "handle", error: "vault_access_denied") [61 ms]
  Passed ArturRios.Cerberus.Data.Tests.RecordPermanentDeleteStoreTests.GivenInvalidCurrentAuthorityOrState_WhenPermanentlyDeleting_ThenNoIntentOrLedgerOrRemoval(kind: "policy", error: "vault_access_denied") [43 ms]
  Passed ArturRios.Cerberus.Data.Tests.RecordPermanentDeleteStoreTests.GivenInvalidCurrentAuthorityOrState_WhenPermanentlyDeleting_ThenNoIntentOrLedgerOrRemoval(kind: "stale", error: "revision_conflict") [95 ms]
  Passed ArturRios.Cerberus.Data.Tests.RecordPermanentDeleteStoreTests.GivenInvalidCurrentAuthorityOrState_WhenPermanentlyDeleting_ThenNoIntentOrLedgerOrRemoval(kind: "ancestorTrash", error: "not_found") [52 ms]
  Passed ArturRios.Cerberus.Data.Tests.RecordPermanentDeleteStoreTests.GivenInvalidCurrentAuthorityOrState_WhenPermanentlyDeleting_ThenNoIntentOrLedgerOrRemoval(kind: "dangling", error: "vault_access_denied") [91 ms]
  Passed ArturRios.Cerberus.Data.Tests.RecordPermanentDeleteStoreTests.GivenInvalidCurrentAuthorityOrState_WhenPermanentlyDeleting_ThenNoIntentOrLedgerOrRemoval(kind: "generation", error: "vault_access_denied") [64 ms]
  Passed ArturRios.Cerberus.Data.Tests.RecordPermanentDeleteStoreTests.GivenInvalidCurrentAuthorityOrState_WhenPermanentlyDeleting_ThenNoIntentOrLedgerOrRemoval(kind: "expired", error: "vault_access_denied") [74 ms]
  Passed ArturRios.Cerberus.Data.Tests.RecordPermanentDeleteStoreTests.GivenOwnedDamagedCipherAndMaximumRevision_WhenDeleting_ThenEraseWithoutDecryptionOrRevisionIncrement(trash: False) [136 ms]
  Passed ArturRios.Cerberus.Data.Tests.RecordPermanentDeleteStoreTests.GivenOwnedDamagedCipherAndMaximumRevision_WhenDeleting_ThenEraseWithoutDecryptionOrRevisionIncrement(trash: True) [146 ms]
  Passed ArturRios.Cerberus.Data.Tests.RecordPermanentDeleteStoreTests.GivenNativeVisibleForeignOwner_WhenDeletingWithStaleRevisionAndBadCipher_Then403WithoutLedger(access: ReadWrite, selected: True) [124 ms]
  Passed ArturRios.Cerberus.Data.Tests.RecordPermanentDeleteStoreTests.GivenNativeVisibleForeignOwner_WhenDeletingWithStaleRevisionAndBadCipher_Then403WithoutLedger(access: ReadWrite, selected: False) [48 ms]
  Passed ArturRios.Cerberus.Data.Tests.RecordPermanentDeleteStoreTests.GivenNativeVisibleForeignOwner_WhenDeletingWithStaleRevisionAndBadCipher_Then403WithoutLedger(access: ReadOnly, selected: False) [58 ms]
  Passed ArturRios.Cerberus.Data.Tests.RecordPermanentDeleteStoreTests.GivenNativeVisibleForeignOwner_WhenDeletingWithStaleRevisionAndBadCipher_Then403WithoutLedger(access: ReadOnly, selected: True) [76 ms]
  Passed ArturRios.Cerberus.Data.Tests.RecordPermanentDeleteStoreTests.GivenUnsafeRequiredMetadata_WhenDeleting_ThenNoIntentOrParentMutation(kind: "revisionZero", error: "persistence_unavailable") [147 ms]
  Passed ArturRios.Cerberus.Data.Tests.RecordPermanentDeleteStoreTests.GivenUnsafeRequiredMetadata_WhenDeleting_ThenNoIntentOrParentMutation(kind: "revisionUnsafe", error: "persistence_unavailable") [112 ms]
  Passed ArturRios.Cerberus.Data.Tests.RecordPermanentDeleteStoreTests.GivenUnsafeRequiredMetadata_WhenDeleting_ThenNoIntentOrParentMutation(kind: "parentRevisionZero", error: "persistence_unavailable") [108 ms]
  Passed ArturRios.Cerberus.Data.Tests.RecordPermanentDeleteStoreTests.GivenUnsafeRequiredMetadata_WhenDeleting_ThenNoIntentOrParentMutation(kind: "sequenceUnsafe", error: "persistence_unavailable") [89 ms]
  Passed ArturRios.Cerberus.Data.Tests.RecordPermanentDeleteStoreTests.GivenUnsafeRequiredMetadata_WhenDeleting_ThenNoIntentOrParentMutation(kind: "parentRevisionMax", error: "revision_conflict") [72 ms]
  Passed ArturRios.Cerberus.Data.Tests.RecordPermanentDeleteStoreTests.GivenUnsafeRequiredMetadata_WhenDeleting_ThenNoIntentOrParentMutation(kind: "sequenceZero", error: "persistence_unavailable") [102 ms]
  Passed ArturRios.Cerberus.Data.Tests.RecordPermanentDeleteStoreTests.GivenUnsafeRequiredMetadata_WhenDeleting_ThenNoIntentOrParentMutation(kind: "parentSequenceZero", error: "persistence_unavailable") [111 ms]
  Passed ArturRios.Cerberus.Data.Tests.RecordPermanentDeleteStoreTests.GivenFailureAfterIntentMutation_WhenDeleting_ThenRollbackEverythingAndAllowRetry(table: "record") [203 ms]
  Passed ArturRios.Cerberus.Data.Tests.RecordPermanentDeleteStoreTests.GivenFailureAfterIntentMutation_WhenDeleting_ThenRollbackEverythingAndAllowRetry(table: "collection") [172 ms]
  Passed ArturRios.Cerberus.Data.Tests.RecordPermanentDeleteStoreTests.GivenFailureAfterIntentMutation_WhenDeleting_ThenRollbackEverythingAndAllowRetry(table: "folder") [215 ms]
  Passed ArturRios.Cerberus.Data.Tests.RecordPermanentDeleteStoreTests.GivenFailureAfterIntentMutation_WhenDeleting_ThenRollbackEverythingAndAllowRetry(table: "profile") [283 ms]
  Passed ArturRios.Cerberus.Data.Tests.RecordPermanentDeleteStoreTests.GivenTerminalRecordAwaitingLedger_WhenRotatingSurvivingInventory_ThenTrashIsRequiredButTerminalCipherIsExcluded(includeTerminal: False) [314 ms]
  Passed ArturRios.Cerberus.Data.Tests.RecordPermanentDeleteStoreTests.GivenTerminalRecordAwaitingLedger_WhenRotatingSurvivingInventory_ThenTrashIsRequiredButTerminalCipherIsExcluded(includeTerminal: True) [102 ms]
  Passed ArturRios.Cerberus.Data.Tests.RecordPermanentDeleteStoreTests.GivenUnrelatedDeepInventory_WhenPermanentlyDeleting_ThenAnalyzeOneTargetAndOwnOrderedLocks [359 ms]
  Passed ArturRios.Cerberus.Data.Tests.RecordPermanentDeleteStoreTests.GivenInvalidUnusedClientTimestamp_WhenPermanentlyDeleting_ThenOwnedErasureOrForeign403DoesNotParseIt(foreign: True) [51 ms]
  Passed ArturRios.Cerberus.Data.Tests.RecordPermanentDeleteStoreTests.GivenInvalidUnusedClientTimestamp_WhenPermanentlyDeleting_ThenOwnedErasureOrForeign403DoesNotParseIt(foreign: False) [83 ms]
  Passed ArturRios.Cerberus.Data.Tests.RecordPermanentDeleteStoreTests.GivenLedgerFailureAfterCommittedIntent_WhenDeletingThenRunningWorker_ThenDenyAllWritersAndRecoverDurably(failAfterLedger: False) [130 ms]
  Passed ArturRios.Cerberus.Data.Tests.RecordPermanentDeleteStoreTests.GivenLedgerFailureAfterCommittedIntent_WhenDeletingThenRunningWorker_ThenDenyAllWritersAndRecoverDurably(failAfterLedger: True) [102 ms]
  Passed ArturRios.Cerberus.Data.Tests.RecordPermanentDeleteStoreTests.GivenAuthorityChangesBeforeFinalIntent_WhenDeleting_ThenReclassifyWithoutMutation(change: "ownerTerminal", error: "not_found") [127 ms]
  Passed ArturRios.Cerberus.Data.Tests.RecordPermanentDeleteStoreTests.GivenAuthorityChangesBeforeFinalIntent_WhenDeleting_ThenReclassifyWithoutMutation(change: "ancestorHidden", error: "not_found") [115 ms]
  Passed ArturRios.Cerberus.Data.Tests.RecordPermanentDeleteStoreTests.GivenAuthorityChangesBeforeFinalIntent_WhenDeleting_ThenReclassifyWithoutMutation(change: "recordTerminal", error: "not_found") [103 ms]
  Passed ArturRios.Cerberus.Data.Tests.RecordPermanentDeleteStoreTests.GivenAuthorityChangesBeforeFinalIntent_WhenDeleting_ThenReclassifyWithoutMutation(change: "ancestorCycle", error: "persistence_unavailable") [168 ms]
  Passed ArturRios.Cerberus.Data.Tests.RecordPermanentDeleteStoreTests.GivenPermanentIntentHoldsOwnedParents_WhenAnotherActualWriterStarts_ThenSerializeWithoutDeadlock(writer: "create") [207 ms]
  Passed ArturRios.Cerberus.Data.Tests.RecordPermanentDeleteStoreTests.GivenPermanentIntentHoldsOwnedParents_WhenAnotherActualWriterStarts_ThenSerializeWithoutDeadlock(writer: "association") [132 ms]
  Passed ArturRios.Cerberus.Data.Tests.RecordPermanentDeleteStoreTests.GivenExpiryDuringAnyRequiredLockWait_WhenDeletingStaleRevision_Then403BeforeConflictAndNoIntent(kind: "collection") [2 s]
  Passed ArturRios.Cerberus.Data.Tests.RecordPermanentDeleteStoreTests.GivenExpiryDuringAnyRequiredLockWait_WhenDeletingStaleRevision_Then403BeforeConflictAndNoIntent(kind: "profile") [2 s]
  Passed ArturRios.Cerberus.Data.Tests.RecordPermanentDeleteStoreTests.GivenExpiryDuringAnyRequiredLockWait_WhenDeletingStaleRevision_Then403BeforeConflictAndNoIntent(kind: "folder") [2 s]
  Passed ArturRios.Cerberus.Data.Tests.RecordPermanentDeleteStoreTests.GivenExpiryDuringAnyRequiredLockWait_WhenDeletingStaleRevision_Then403BeforeConflictAndNoIntent(kind: "record") [2 s]
  Passed ArturRios.Cerberus.Data.Tests.RecordPermanentDeleteStoreTests.GivenExpiryDuringAnyRequiredLockWait_WhenDeletingStaleRevision_Then403BeforeConflictAndNoIntent(kind: "session") [2 s]
  Passed ArturRios.Cerberus.Data.Tests.RecordPermanentDeleteStoreTests.GivenExpiryDuringAnyRequiredLockWait_WhenDeletingStaleRevision_Then403BeforeConflictAndNoIntent(kind: "account") [2 s]
  Passed ArturRios.Cerberus.Data.Tests.RecordPermanentDeleteStoreTests.GivenAccountwideOwnedTrash_WhenDeleting_ThenEraseDespiteUnusedHistoryOrElapsedRestoreWindow(kind: "expiredRetention") [140 ms]
  Passed ArturRios.Cerberus.Data.Tests.RecordPermanentDeleteStoreTests.GivenAccountwideOwnedTrash_WhenDeleting_ThenEraseDespiteUnusedHistoryOrElapsedRestoreWindow(kind: "badSnapshot") [136 ms]
  Passed ArturRios.Cerberus.Data.Tests.RecordPermanentDeleteStoreTests.GivenSoleRootRecordTrashOperation_WhenPermanentlyDeleting_ThenRemoveEmptyOperationAndTrashWorkAndCompletePurgeWork [156 ms]
  Passed ArturRios.Cerberus.Data.Tests.RecordPermanentDeleteStoreTests.GivenActualConcurrentExpectedRevisionWriters_WhenDeleting_ThenKeepOneWinnerAndNoResurrection(writer: "trash") [98 ms]
  Passed ArturRios.Cerberus.Data.Tests.RecordPermanentDeleteStoreTests.GivenActualConcurrentExpectedRevisionWriters_WhenDeleting_ThenKeepOneWinnerAndNoResurrection(writer: "move") [151 ms]
  Passed ArturRios.Cerberus.Data.Tests.RecordPermanentDeleteStoreTests.GivenActualConcurrentExpectedRevisionWriters_WhenDeleting_ThenKeepOneWinnerAndNoResurrection(writer: "edit") [84 ms]
  Passed ArturRios.Cerberus.Data.Tests.RecordPermanentDeleteStoreTests.GivenActualConcurrentExpectedRevisionWriters_WhenDeleting_ThenKeepOneWinnerAndNoResurrection(writer: "permanent") [72 ms]
  Passed ArturRios.Cerberus.Data.Tests.RecordPermanentDeleteStoreTests.GivenTrashedTargetHasUnretainedLiveLink_WhenDeletingUnderSelectedProfile_ThenLiveLinkCannotWidenRestrictedHistory(link: "collection") [88 ms]
  Passed ArturRios.Cerberus.Data.Tests.RecordPermanentDeleteStoreTests.GivenTrashedTargetHasUnretainedLiveLink_WhenDeletingUnderSelectedProfile_ThenLiveLinkCannotWidenRestrictedHistory(link: "profile") [116 ms]
  Passed ArturRios.Cerberus.Data.Tests.RecordPermanentDeleteStoreTests.GivenTrashAlreadyAdvancedDirectParents_WhenPermanentlyDeleting_ThenDoNotAdvanceThemAgain(parent: "profile") [185 ms]
  Passed ArturRios.Cerberus.Data.Tests.RecordPermanentDeleteStoreTests.GivenTrashAlreadyAdvancedDirectParents_WhenPermanentlyDeleting_ThenDoNotAdvanceThemAgain(parent: "folder") [196 ms]
  Passed ArturRios.Cerberus.Data.Tests.RecordPermanentDeleteStoreTests.GivenTrashAlreadyAdvancedDirectParents_WhenPermanentlyDeleting_ThenDoNotAdvanceThemAgain(parent: "collection") [140 ms]
  Passed ArturRios.Cerberus.Data.Tests.RecordPermanentDeleteStoreTests.GivenForeignRecordInTrashWithFormerNativeAccess_WhenDeleting_Then404AndNoIntent(access: ReadWrite) [114 ms]
  Passed ArturRios.Cerberus.Data.Tests.RecordPermanentDeleteStoreTests.GivenForeignRecordInTrashWithFormerNativeAccess_WhenDeleting_Then404AndNoIntent(access: ReadOnly) [103 ms]
  Passed ArturRios.Cerberus.Data.Tests.RecordPermanentDeleteStoreTests.GivenValidHistoricalDirectRouteAndUnneededHiddenOrCyclicFolder_WhenDeleting_ThenUseCurrentDirectAuthority(route: "direct", cycle: False) [123 ms]
  Passed ArturRios.Cerberus.Data.Tests.RecordPermanentDeleteStoreTests.GivenValidHistoricalDirectRouteAndUnneededHiddenOrCyclicFolder_WhenDeleting_ThenUseCurrentDirectAuthority(route: "direct", cycle: True) [140 ms]
  Passed ArturRios.Cerberus.Data.Tests.RecordPermanentDeleteStoreTests.GivenValidHistoricalDirectRouteAndUnneededHiddenOrCyclicFolder_WhenDeleting_ThenUseCurrentDirectAuthority(route: "collection", cycle: True) [132 ms]
  Passed ArturRios.Cerberus.Data.Tests.RecordPermanentDeleteStoreTests.GivenValidHistoricalDirectRouteAndUnneededHiddenOrCyclicFolder_WhenDeleting_ThenUseCurrentDirectAuthority(route: "collection", cycle: False) [138 ms]
  Passed ArturRios.Cerberus.Data.Tests.RecordPermanentDeleteStoreTests.GivenMalformedForeignNativeRoute_WhenDeleting_Then503OnlyIfCurrentTargetVisible(access: ReadWrite, visible: False) [57 ms]
  Passed ArturRios.Cerberus.Data.Tests.RecordPermanentDeleteStoreTests.GivenMalformedForeignNativeRoute_WhenDeleting_Then503OnlyIfCurrentTargetVisible(access: ReadOnly, visible: False) [35 ms]
  Passed ArturRios.Cerberus.Data.Tests.RecordPermanentDeleteStoreTests.GivenMalformedForeignNativeRoute_WhenDeleting_Then503OnlyIfCurrentTargetVisible(access: ReadOnly, visible: True) [35 ms]
  Passed ArturRios.Cerberus.Data.Tests.RecordPermanentDeleteStoreTests.GivenMalformedForeignNativeRoute_WhenDeleting_Then503OnlyIfCurrentTargetVisible(access: ReadWrite, visible: True) [32 ms]
  Passed ArturRios.Cerberus.Data.Tests.RecordPermanentDeleteStoreTests.GivenNewUnheldEarlierAuthorityBeforeRecordLock_WhenDeleting_Then409WithoutLateLockOrIntent(kind: "profile") [61 ms]
  Passed ArturRios.Cerberus.Data.Tests.RecordPermanentDeleteStoreTests.GivenNewUnheldEarlierAuthorityBeforeRecordLock_WhenDeleting_Then409WithoutLateLockOrIntent(kind: "collection") [66 ms]
  Passed ArturRios.Cerberus.Data.Tests.RecordPermanentDeleteStoreTests.GivenNewUnheldEarlierAuthorityBeforeRecordLock_WhenDeleting_Then409WithoutLateLockOrIntent(kind: "parent") [91 ms]
  Passed ArturRios.Cerberus.Data.Tests.RecordPermanentDeleteStoreTests.GivenCancellationAtLedgerBoundary_WhenDeleting_ThenKeepCommittedTerminalIntentAndOutbox(caller: True) [88 ms]
  Passed ArturRios.Cerberus.Data.Tests.RecordPermanentDeleteStoreTests.GivenCancellationAtLedgerBoundary_WhenDeleting_ThenKeepCommittedTerminalIntentAndOutbox(caller: False) [75 ms]
  Passed ArturRios.Cerberus.Data.Tests.RecordPermanentDeleteStoreTests.GivenParentSequenceExhaustionOrRegression_WhenDeleting_ThenRollbackIntentAndParents(regress: False) [92 ms]
  Passed ArturRios.Cerberus.Data.Tests.RecordPermanentDeleteStoreTests.GivenParentSequenceExhaustionOrRegression_WhenDeleting_ThenRollbackIntentAndParents(regress: True) [100 ms]
  Passed ArturRios.Cerberus.Data.Tests.RecordPermanentDeleteStoreTests.GivenCancelledCaller_WhenDeleting_ThenPropagateWithoutIntent [31 ms]
  Passed ArturRios.Cerberus.Data.Tests.RecordPermanentDeleteStoreTests.GivenFreshExpiryAtFinalStatement_WhenDeleting_Then403AndNoTerminalIntent [2 s]
  Passed ArturRios.Cerberus.Data.Tests.RecordPermanentDeleteStoreTests.GivenActiveDirectParent_WhenDeleting_ThenAdvanceStructuralMetadataOnceAndKeepCipher(parent: "profile") [95 ms]
  Passed ArturRios.Cerberus.Data.Tests.RecordPermanentDeleteStoreTests.GivenActiveDirectParent_WhenDeleting_ThenAdvanceStructuralMetadataOnceAndKeepCipher(parent: "collection") [84 ms]
  Passed ArturRios.Cerberus.Data.Tests.RecordPermanentDeleteStoreTests.GivenActiveDirectParent_WhenDeleting_ThenAdvanceStructuralMetadataOnceAndKeepCipher(parent: "folder") [110 ms]
  Passed ArturRios.Cerberus.Data.Tests.RecordPermanentDeleteStoreTests.GivenInvalidInternalRequest_WhenDeleting_ThenRejectWithoutDependencyOrIntent(field: "negative", error: "validation_failed") [10 ms]
  Passed ArturRios.Cerberus.Data.Tests.RecordPermanentDeleteStoreTests.GivenInvalidInternalRequest_WhenDeleting_ThenRejectWithoutDependencyOrIntent(field: "zero", error: "validation_failed") [8 ms]
  Passed ArturRios.Cerberus.Data.Tests.RecordPermanentDeleteStoreTests.GivenInvalidInternalRequest_WhenDeleting_ThenRejectWithoutDependencyOrIntent(field: "actor", error: "authentication_required") [6 ms]
  Passed ArturRios.Cerberus.Data.Tests.RecordPermanentDeleteStoreTests.GivenInvalidInternalRequest_WhenDeleting_ThenRejectWithoutDependencyOrIntent(field: "record", error: "validation_failed") [5 ms]
  Passed ArturRios.Cerberus.Data.Tests.RecordPermanentDeleteStoreTests.GivenInvalidInternalRequest_WhenDeleting_ThenRejectWithoutDependencyOrIntent(field: "unsafe", error: "validation_failed") [4 ms]
[testcontainers.org 00:00:47.99] Delete Docker container 725b4e0a7557
[xUnit.net 00:00:49.04]   Finished:    ArturRios.Cerberus.Data.Tests
  Passed ArturRios.Cerberus.Data.Tests.RecordPermanentDeleteStoreTests.GivenUnavailableDatabase_WhenDeleting_Then503WithoutLedger [11 ms]
  Passed ArturRios.Cerberus.Data.Tests.RecordPermanentDeleteStoreTests.GivenOtherKindsSharingRecordGuid_WhenPermanentlyDeleting_ThenPreserveTheirRowsAndAccess(trash: True) [195 ms]
  Passed ArturRios.Cerberus.Data.Tests.RecordPermanentDeleteStoreTests.GivenOtherKindsSharingRecordGuid_WhenPermanentlyDeleting_ThenPreserveTheirRowsAndAccess(trash: False) [125 ms]
  Passed ArturRios.Cerberus.Data.Tests.RecordPermanentDeleteStoreTests.GivenRotationWaitsOnPermanentIntent_WhenItSuppliesOldCompleteInventory_ThenRevalidateAndRejectWithoutProofConsumption [58 ms]

Test Run Successful.
Total tests: 141
     Passed: 141
 Total time: 49.5053 Seconds
