  ArturRios.Cerberus.Domain -> /tmp/cerberus-uc22-worktree/src/Domain/ArturRios.Cerberus.Domain/bin/Debug/net10.0/ArturRios.Cerberus.Domain.dll
  ArturRios.Cerberus.Shared -> /tmp/cerberus-uc22-worktree/src/Application/ArturRios.Cerberus.Shared/bin/Debug/net10.0/ArturRios.Cerberus.Shared.dll
  ArturRios.Cerberus.Data -> /tmp/cerberus-uc22-worktree/src/Infrastructure/ArturRios.Cerberus.Data/bin/Debug/net10.0/ArturRios.Cerberus.Data.dll
  ArturRios.Cerberus.Data.Tests -> /tmp/cerberus-uc22-worktree/tests/Infrastructure/ArturRios.Cerberus.Data.Tests/bin/Debug/net10.0/ArturRios.Cerberus.Data.Tests.dll
Test run for /tmp/cerberus-uc22-worktree/tests/Infrastructure/ArturRios.Cerberus.Data.Tests/bin/Debug/net10.0/ArturRios.Cerberus.Data.Tests.dll (.NETCoreApp,Version=v10.0)
VSTest version 18.0.2 (x64)

Starting test execution, please wait...
A total of 1 test files matched the specified pattern.
[xUnit.net 00:00:10.23]     ArturRios.Cerberus.Data.Tests.TypedTerminalErasureTests.GivenOtherKindTerminalGuid_WhenCreatingRecord_ThenDoNotReserveItsRecordIdentity(kind: "account") [FAIL]
[xUnit.net 00:00:10.27]     ArturRios.Cerberus.Data.Tests.TypedTerminalErasureTests.GivenOtherKindTerminalGuid_WhenCreatingRecord_ThenDoNotReserveItsRecordIdentity(kind: "collection") [FAIL]
[xUnit.net 00:00:10.28]     ArturRios.Cerberus.Data.Tests.TypedTerminalErasureTests.GivenOtherKindTerminalGuid_WhenCreatingRecord_ThenDoNotReserveItsRecordIdentity(kind: "folder") [FAIL]
[xUnit.net 00:00:10.30]     ArturRios.Cerberus.Data.Tests.TypedTerminalErasureTests.GivenOtherKindTerminalGuid_WhenCreatingRecord_ThenDoNotReserveItsRecordIdentity(kind: "profile") [FAIL]
[xUnit.net 00:00:10.31]     ArturRios.Cerberus.Data.Tests.TypedTerminalErasureTests.GivenOtherKindTerminalGuid_WhenCreatingRecord_ThenDoNotReserveItsRecordIdentity(kind: "grant") [FAIL]
[xUnit.net 00:00:10.47]     ArturRios.Cerberus.Data.Tests.TypedTerminalErasureTests.GivenOtherKindErasedWithRecordGuid_WhenReadingAndMovingRecord_ThenKeepItsOwnIdentityActive(kind: "account") [FAIL]
[xUnit.net 00:00:10.52]     ArturRios.Cerberus.Data.Tests.TypedTerminalErasureTests.GivenOtherKindErasedWithRecordGuid_WhenReadingAndMovingRecord_ThenKeepItsOwnIdentityActive(kind: "folder") [FAIL]
[xUnit.net 00:00:10.55]     ArturRios.Cerberus.Data.Tests.TypedTerminalErasureTests.GivenOtherKindErasedWithRecordGuid_WhenReadingAndMovingRecord_ThenKeepItsOwnIdentityActive(kind: "grant") [FAIL]
[xUnit.net 00:00:10.60]     ArturRios.Cerberus.Data.Tests.TypedTerminalErasureTests.GivenOtherKindErasedWithRecordGuid_WhenReadingAndMovingRecord_ThenKeepItsOwnIdentityActive(kind: "collection") [FAIL]
  Failed ArturRios.Cerberus.Data.Tests.TypedTerminalErasureTests.GivenOtherKindTerminalGuid_WhenCreatingRecord_ThenDoNotReserveItsRecordIdentity(kind: "account") [695 ms]
  Error Message:
   Assert.Null() Failure: Value is not null
Expected: null
Actual:   "revision_conflict"
  Stack Trace:
     at ArturRios.Cerberus.Data.Tests.TypedTerminalErasureTests.GivenOtherKindTerminalGuid_WhenCreatingRecord_ThenDoNotReserveItsRecordIdentity(String kind) in /tmp/cerberus-uc22-worktree/tests/Infrastructure/ArturRios.Cerberus.Data.Tests/TypedTerminalErasureTests.cs:line 127
--- End of stack trace from previous location ---
  Failed ArturRios.Cerberus.Data.Tests.TypedTerminalErasureTests.GivenOtherKindTerminalGuid_WhenCreatingRecord_ThenDoNotReserveItsRecordIdentity(kind: "collection") [36 ms]
  Error Message:
   Assert.Null() Failure: Value is not null
Expected: null
Actual:   "revision_conflict"
  Stack Trace:
     at ArturRios.Cerberus.Data.Tests.TypedTerminalErasureTests.GivenOtherKindTerminalGuid_WhenCreatingRecord_ThenDoNotReserveItsRecordIdentity(String kind) in /tmp/cerberus-uc22-worktree/tests/Infrastructure/ArturRios.Cerberus.Data.Tests/TypedTerminalErasureTests.cs:line 127
--- End of stack trace from previous location ---
  Failed ArturRios.Cerberus.Data.Tests.TypedTerminalErasureTests.GivenOtherKindTerminalGuid_WhenCreatingRecord_ThenDoNotReserveItsRecordIdentity(kind: "folder") [15 ms]
  Error Message:
   Assert.Null() Failure: Value is not null
Expected: null
Actual:   "revision_conflict"
  Stack Trace:
     at ArturRios.Cerberus.Data.Tests.TypedTerminalErasureTests.GivenOtherKindTerminalGuid_WhenCreatingRecord_ThenDoNotReserveItsRecordIdentity(String kind) in /tmp/cerberus-uc22-worktree/tests/Infrastructure/ArturRios.Cerberus.Data.Tests/TypedTerminalErasureTests.cs:line 127
--- End of stack trace from previous location ---
  Failed ArturRios.Cerberus.Data.Tests.TypedTerminalErasureTests.GivenOtherKindTerminalGuid_WhenCreatingRecord_ThenDoNotReserveItsRecordIdentity(kind: "profile") [14 ms]
  Error Message:
   Assert.Null() Failure: Value is not null
Expected: null
Actual:   "revision_conflict"
  Stack Trace:
     at ArturRios.Cerberus.Data.Tests.TypedTerminalErasureTests.GivenOtherKindTerminalGuid_WhenCreatingRecord_ThenDoNotReserveItsRecordIdentity(String kind) in /tmp/cerberus-uc22-worktree/tests/Infrastructure/ArturRios.Cerberus.Data.Tests/TypedTerminalErasureTests.cs:line 127
--- End of stack trace from previous location ---
  Failed ArturRios.Cerberus.Data.Tests.TypedTerminalErasureTests.GivenOtherKindTerminalGuid_WhenCreatingRecord_ThenDoNotReserveItsRecordIdentity(kind: "grant") [15 ms]
  Error Message:
   Assert.Null() Failure: Value is not null
Expected: null
Actual:   "revision_conflict"
  Stack Trace:
     at ArturRios.Cerberus.Data.Tests.TypedTerminalErasureTests.GivenOtherKindTerminalGuid_WhenCreatingRecord_ThenDoNotReserveItsRecordIdentity(String kind) in /tmp/cerberus-uc22-worktree/tests/Infrastructure/ArturRios.Cerberus.Data.Tests/TypedTerminalErasureTests.cs:line 127
--- End of stack trace from previous location ---
  Failed ArturRios.Cerberus.Data.Tests.TypedTerminalErasureTests.GivenOtherKindErasedWithRecordGuid_WhenReadingAndMovingRecord_ThenKeepItsOwnIdentityActive(kind: "account") [151 ms]
  Error Message:
   Assert.Null() Failure: Value is not null
Expected: null
Actual:   "not_found"
  Stack Trace:
     at ArturRios.Cerberus.Data.Tests.TypedTerminalErasureTests.GivenOtherKindErasedWithRecordGuid_WhenReadingAndMovingRecord_ThenKeepItsOwnIdentityActive(String kind) in /tmp/cerberus-uc22-worktree/tests/Infrastructure/ArturRios.Cerberus.Data.Tests/TypedTerminalErasureTests.cs:line 108
--- End of stack trace from previous location ---
  Failed ArturRios.Cerberus.Data.Tests.TypedTerminalErasureTests.GivenOtherKindErasedWithRecordGuid_WhenReadingAndMovingRecord_ThenKeepItsOwnIdentityActive(kind: "folder") [51 ms]
  Error Message:
   Assert.Null() Failure: Value is not null
Expected: null
Actual:   "not_found"
  Stack Trace:
     at ArturRios.Cerberus.Data.Tests.TypedTerminalErasureTests.GivenOtherKindErasedWithRecordGuid_WhenReadingAndMovingRecord_ThenKeepItsOwnIdentityActive(String kind) in /tmp/cerberus-uc22-worktree/tests/Infrastructure/ArturRios.Cerberus.Data.Tests/TypedTerminalErasureTests.cs:line 108
--- End of stack trace from previous location ---
  Failed ArturRios.Cerberus.Data.Tests.TypedTerminalErasureTests.GivenOtherKindErasedWithRecordGuid_WhenReadingAndMovingRecord_ThenKeepItsOwnIdentityActive(kind: "grant") [29 ms]
  Error Message:
   Assert.Null() Failure: Value is not null
Expected: null
Actual:   "not_found"
  Stack Trace:
     at ArturRios.Cerberus.Data.Tests.TypedTerminalErasureTests.GivenOtherKindErasedWithRecordGuid_WhenReadingAndMovingRecord_ThenKeepItsOwnIdentityActive(String kind) in /tmp/cerberus-uc22-worktree/tests/Infrastructure/ArturRios.Cerberus.Data.Tests/TypedTerminalErasureTests.cs:line 108
--- End of stack trace from previous location ---
  Failed ArturRios.Cerberus.Data.Tests.TypedTerminalErasureTests.GivenOtherKindErasedWithRecordGuid_WhenReadingAndMovingRecord_ThenKeepItsOwnIdentityActive(kind: "collection") [39 ms]
  Error Message:
   Assert.Null() Failure: Value is not null
Expected: null
Actual:   "not_found"
  Stack Trace:
     at ArturRios.Cerberus.Data.Tests.TypedTerminalErasureTests.GivenOtherKindErasedWithRecordGuid_WhenReadingAndMovingRecord_ThenKeepItsOwnIdentityActive(String kind) in /tmp/cerberus-uc22-worktree/tests/Infrastructure/ArturRios.Cerberus.Data.Tests/TypedTerminalErasureTests.cs:line 108
--- End of stack trace from previous location ---
[xUnit.net 00:00:10.68]     ArturRios.Cerberus.Data.Tests.TypedTerminalErasureTests.GivenOtherKindErasedWithRecordGuid_WhenReadingAndMovingRecord_ThenKeepItsOwnIdentityActive(kind: "profile") [FAIL]
[xUnit.net 00:00:11.13]     ArturRios.Cerberus.Data.Tests.TypedTerminalErasureTests.GivenOtherKindErasedWithProfileGuid_WhenReadingProfile_ThenKeepVisibleOwnedProfile(kind: "record") [FAIL]
[xUnit.net 00:00:11.16]     ArturRios.Cerberus.Data.Tests.TypedTerminalErasureTests.GivenOtherKindErasedWithProfileGuid_WhenReadingProfile_ThenKeepVisibleOwnedProfile(kind: "folder") [FAIL]
[xUnit.net 00:00:11.23]     ArturRios.Cerberus.Data.Tests.TypedTerminalErasureTests.GivenOtherKindErasedWithProfileGuid_WhenReadingProfile_ThenKeepVisibleOwnedProfile(kind: "collection") [FAIL]
[xUnit.net 00:00:11.27]     ArturRios.Cerberus.Data.Tests.TypedTerminalErasureTests.GivenOtherKindErasedWithProfileGuid_WhenReadingProfile_ThenKeepVisibleOwnedProfile(kind: "grant") [FAIL]
[xUnit.net 00:00:11.34]     ArturRios.Cerberus.Data.Tests.TypedTerminalErasureTests.GivenOtherKindErasedWithProfileGuid_WhenReadingProfile_ThenKeepVisibleOwnedProfile(kind: "account") [FAIL]
[xUnit.net 00:00:11.37]     ArturRios.Cerberus.Data.Tests.TypedTerminalErasureTests.GivenOtherKindErasedWithAccountGuid_WhenReadingAccount_ThenReturnOwnedCiphertext(kind: "collection") [FAIL]
[xUnit.net 00:00:11.38]     ArturRios.Cerberus.Data.Tests.TypedTerminalErasureTests.GivenOtherKindErasedWithAccountGuid_WhenReadingAccount_ThenReturnOwnedCiphertext(kind: "grant") [FAIL]
[xUnit.net 00:00:11.39]     ArturRios.Cerberus.Data.Tests.TypedTerminalErasureTests.GivenOtherKindErasedWithAccountGuid_WhenReadingAccount_ThenReturnOwnedCiphertext(kind: "profile") [FAIL]
  Failed ArturRios.Cerberus.Data.Tests.TypedTerminalErasureTests.GivenOtherKindErasedWithRecordGuid_WhenReadingAndMovingRecord_ThenKeepItsOwnIdentityActive(kind: "profile") [85 ms]
  Error Message:
   Assert.Null() Failure: Value is not null
Expected: null
Actual:   "not_found"
  Stack Trace:
     at ArturRios.Cerberus.Data.Tests.TypedTerminalErasureTests.GivenOtherKindErasedWithRecordGuid_WhenReadingAndMovingRecord_ThenKeepItsOwnIdentityActive(String kind) in /tmp/cerberus-uc22-worktree/tests/Infrastructure/ArturRios.Cerberus.Data.Tests/TypedTerminalErasureTests.cs:line 108
--- End of stack trace from previous location ---
  Failed ArturRios.Cerberus.Data.Tests.TypedTerminalErasureTests.GivenOtherKindErasedWithProfileGuid_WhenReadingProfile_ThenKeepVisibleOwnedProfile(kind: "record") [442 ms]
  Error Message:
   Assert.Null() Failure: Value is not null
Expected: null
Actual:   "not_found"
  Stack Trace:
     at ArturRios.Cerberus.Data.Tests.TypedTerminalErasureTests.GivenOtherKindErasedWithProfileGuid_WhenReadingProfile_ThenKeepVisibleOwnedProfile(String kind) in /tmp/cerberus-uc22-worktree/tests/Infrastructure/ArturRios.Cerberus.Data.Tests/TypedTerminalErasureTests.cs:line 95
--- End of stack trace from previous location ---
  Failed ArturRios.Cerberus.Data.Tests.TypedTerminalErasureTests.GivenOtherKindErasedWithProfileGuid_WhenReadingProfile_ThenKeepVisibleOwnedProfile(kind: "folder") [35 ms]
  Error Message:
   Assert.Null() Failure: Value is not null
Expected: null
Actual:   "not_found"
  Stack Trace:
     at ArturRios.Cerberus.Data.Tests.TypedTerminalErasureTests.GivenOtherKindErasedWithProfileGuid_WhenReadingProfile_ThenKeepVisibleOwnedProfile(String kind) in /tmp/cerberus-uc22-worktree/tests/Infrastructure/ArturRios.Cerberus.Data.Tests/TypedTerminalErasureTests.cs:line 95
--- End of stack trace from previous location ---
  Failed ArturRios.Cerberus.Data.Tests.TypedTerminalErasureTests.GivenOtherKindErasedWithProfileGuid_WhenReadingProfile_ThenKeepVisibleOwnedProfile(kind: "collection") [68 ms]
  Error Message:
   Assert.Null() Failure: Value is not null
Expected: null
Actual:   "not_found"
  Stack Trace:
     at ArturRios.Cerberus.Data.Tests.TypedTerminalErasureTests.GivenOtherKindErasedWithProfileGuid_WhenReadingProfile_ThenKeepVisibleOwnedProfile(String kind) in /tmp/cerberus-uc22-worktree/tests/Infrastructure/ArturRios.Cerberus.Data.Tests/TypedTerminalErasureTests.cs:line 95
--- End of stack trace from previous location ---
  Failed ArturRios.Cerberus.Data.Tests.TypedTerminalErasureTests.GivenOtherKindErasedWithProfileGuid_WhenReadingProfile_ThenKeepVisibleOwnedProfile(kind: "grant") [34 ms]
  Error Message:
   Assert.Null() Failure: Value is not null
Expected: null
Actual:   "not_found"
  Stack Trace:
     at ArturRios.Cerberus.Data.Tests.TypedTerminalErasureTests.GivenOtherKindErasedWithProfileGuid_WhenReadingProfile_ThenKeepVisibleOwnedProfile(String kind) in /tmp/cerberus-uc22-worktree/tests/Infrastructure/ArturRios.Cerberus.Data.Tests/TypedTerminalErasureTests.cs:line 95
--- End of stack trace from previous location ---
  Failed ArturRios.Cerberus.Data.Tests.TypedTerminalErasureTests.GivenOtherKindErasedWithProfileGuid_WhenReadingProfile_ThenKeepVisibleOwnedProfile(kind: "account") [69 ms]
  Error Message:
   Assert.Null() Failure: Value is not null
Expected: null
Actual:   "not_found"
  Stack Trace:
     at ArturRios.Cerberus.Data.Tests.TypedTerminalErasureTests.GivenOtherKindErasedWithProfileGuid_WhenReadingProfile_ThenKeepVisibleOwnedProfile(String kind) in /tmp/cerberus-uc22-worktree/tests/Infrastructure/ArturRios.Cerberus.Data.Tests/TypedTerminalErasureTests.cs:line 95
--- End of stack trace from previous location ---
  Failed ArturRios.Cerberus.Data.Tests.TypedTerminalErasureTests.GivenOtherKindErasedWithAccountGuid_WhenReadingAccount_ThenReturnOwnedCiphertext(kind: "collection") [29 ms]
  Error Message:
   Assert.Null() Failure: Value is not null
Expected: null
Actual:   "not_found"
  Stack Trace:
     at ArturRios.Cerberus.Data.Tests.TypedTerminalErasureTests.GivenOtherKindErasedWithAccountGuid_WhenReadingAccount_ThenReturnOwnedCiphertext(String kind) in /tmp/cerberus-uc22-worktree/tests/Infrastructure/ArturRios.Cerberus.Data.Tests/TypedTerminalErasureTests.cs:line 79
--- End of stack trace from previous location ---
  Failed ArturRios.Cerberus.Data.Tests.TypedTerminalErasureTests.GivenOtherKindErasedWithAccountGuid_WhenReadingAccount_ThenReturnOwnedCiphertext(kind: "grant") [12 ms]
  Error Message:
   Assert.Null() Failure: Value is not null
Expected: null
Actual:   "not_found"
  Stack Trace:
     at ArturRios.Cerberus.Data.Tests.TypedTerminalErasureTests.GivenOtherKindErasedWithAccountGuid_WhenReadingAccount_ThenReturnOwnedCiphertext(String kind) in /tmp/cerberus-uc22-worktree/tests/Infrastructure/ArturRios.Cerberus.Data.Tests/TypedTerminalErasureTests.cs:line 79
--- End of stack trace from previous location ---
  Failed ArturRios.Cerberus.Data.Tests.TypedTerminalErasureTests.GivenOtherKindErasedWithAccountGuid_WhenReadingAccount_ThenReturnOwnedCiphertext(kind: "profile") [11 ms]
  Error Message:
   Assert.Null() Failure: Value is not null
Expected: null
Actual:   "not_found"
  Stack Trace:
     at ArturRios.Cerberus.Data.Tests.TypedTerminalErasureTests.GivenOtherKindErasedWithAccountGuid_WhenReadingAccount_ThenReturnOwnedCiphertext(String kind) in /tmp/cerberus-uc22-worktree/tests/Infrastructure/ArturRios.Cerberus.Data.Tests/TypedTerminalErasureTests.cs:line 79
--- End of stack trace from previous location ---
[xUnit.net 00:00:11.41]     ArturRios.Cerberus.Data.Tests.TypedTerminalErasureTests.GivenOtherKindErasedWithAccountGuid_WhenReadingAccount_ThenReturnOwnedCiphertext(kind: "record") [FAIL]
[xUnit.net 00:00:11.42]     ArturRios.Cerberus.Data.Tests.TypedTerminalErasureTests.GivenOtherKindErasedWithAccountGuid_WhenReadingAccount_ThenReturnOwnedCiphertext(kind: "folder") [FAIL]
[xUnit.net 00:00:11.47]     ArturRios.Cerberus.Data.Tests.TypedTerminalErasureTests.GivenSameGuidTwoKinds_WhenRecordingAndReopeningLedger_ThenPreserveBothKinds(legacy: True) [FAIL]
[xUnit.net 00:00:11.47]     ArturRios.Cerberus.Data.Tests.TypedTerminalErasureTests.GivenSameGuidTwoKinds_WhenRecordingAndReopeningLedger_ThenPreserveBothKinds(legacy: False) [FAIL]
[xUnit.net 00:00:11.49]     ArturRios.Cerberus.Data.Tests.TypedTerminalErasureTests.GivenSameGuidAcrossKinds_WhenReapplyingErasures_ThenRetainBothIndependentTerminalEvents [FAIL]
  Failed ArturRios.Cerberus.Data.Tests.TypedTerminalErasureTests.GivenOtherKindErasedWithAccountGuid_WhenReadingAccount_ThenReturnOwnedCiphertext(kind: "record") [9 ms]
  Error Message:
   Assert.Null() Failure: Value is not null
Expected: null
Actual:   "not_found"
  Stack Trace:
     at ArturRios.Cerberus.Data.Tests.TypedTerminalErasureTests.GivenOtherKindErasedWithAccountGuid_WhenReadingAccount_ThenReturnOwnedCiphertext(String kind) in /tmp/cerberus-uc22-worktree/tests/Infrastructure/ArturRios.Cerberus.Data.Tests/TypedTerminalErasureTests.cs:line 79
--- End of stack trace from previous location ---
  Failed ArturRios.Cerberus.Data.Tests.TypedTerminalErasureTests.GivenOtherKindErasedWithAccountGuid_WhenReadingAccount_ThenReturnOwnedCiphertext(kind: "folder") [9 ms]
  Error Message:
   Assert.Null() Failure: Value is not null
Expected: null
Actual:   "not_found"
  Stack Trace:
     at ArturRios.Cerberus.Data.Tests.TypedTerminalErasureTests.GivenOtherKindErasedWithAccountGuid_WhenReadingAccount_ThenReturnOwnedCiphertext(String kind) in /tmp/cerberus-uc22-worktree/tests/Infrastructure/ArturRios.Cerberus.Data.Tests/TypedTerminalErasureTests.cs:line 79
--- End of stack trace from previous location ---
  Failed ArturRios.Cerberus.Data.Tests.TypedTerminalErasureTests.GivenSameGuidTwoKinds_WhenRecordingAndReopeningLedger_ThenPreserveBothKinds(legacy: True) [21 ms]
  Error Message:
   System.IO.InvalidDataException : Conflicting ledger resource kind.
  Stack Trace:
     at ArturRios.Cerberus.Data.Erasure.FileErasureLedger.RecordAsync(ErasureEntry entry, CancellationToken cancellationToken) in /tmp/cerberus-uc22-worktree/src/Infrastructure/ArturRios.Cerberus.Data/Erasure/FileErasureLedger.cs:line 55
   at ArturRios.Cerberus.Data.Tests.TypedTerminalErasureTests.GivenSameGuidTwoKinds_WhenRecordingAndReopeningLedger_ThenPreserveBothKinds(Boolean legacy) in /tmp/cerberus-uc22-worktree/tests/Infrastructure/ArturRios.Cerberus.Data.Tests/TypedTerminalErasureTests.cs:line 46
--- End of stack trace from previous location ---
  Failed ArturRios.Cerberus.Data.Tests.TypedTerminalErasureTests.GivenSameGuidTwoKinds_WhenRecordingAndReopeningLedger_ThenPreserveBothKinds(legacy: False) [2 ms]
  Error Message:
   System.IO.InvalidDataException : Conflicting ledger resource kind.
  Stack Trace:
     at ArturRios.Cerberus.Data.Erasure.FileErasureLedger.RecordAsync(ErasureEntry entry, CancellationToken cancellationToken) in /tmp/cerberus-uc22-worktree/src/Infrastructure/ArturRios.Cerberus.Data/Erasure/FileErasureLedger.cs:line 55
   at ArturRios.Cerberus.Data.Tests.TypedTerminalErasureTests.GivenSameGuidTwoKinds_WhenRecordingAndReopeningLedger_ThenPreserveBothKinds(Boolean legacy) in /tmp/cerberus-uc22-worktree/tests/Infrastructure/ArturRios.Cerberus.Data.Tests/TypedTerminalErasureTests.cs:line 46
--- End of stack trace from previous location ---
  Failed ArturRios.Cerberus.Data.Tests.TypedTerminalErasureTests.GivenSameGuidAcrossKinds_WhenReapplyingErasures_ThenRetainBothIndependentTerminalEvents [18 ms]
  Error Message:
   System.IO.InvalidDataException : Conflicting terminal erasure resource kind.
  Stack Trace:
     at ArturRios.Cerberus.Data.Erasure.TerminalErasureStore.ReapplyAsync(ErasureEntry entry, CancellationToken cancellationToken) in /tmp/cerberus-uc22-worktree/src/Infrastructure/ArturRios.Cerberus.Data/Erasure/TerminalErasureStore.cs:line 13
   at ArturRios.Cerberus.Data.Erasure.TerminalErasureStore.ReapplyAsync(ErasureEntry entry, CancellationToken cancellationToken) in /tmp/cerberus-uc22-worktree/src/Infrastructure/ArturRios.Cerberus.Data/Erasure/TerminalErasureStore.cs:line 13
   at ArturRios.Cerberus.Data.Tests.TypedTerminalErasureTests.GivenSameGuidAcrossKinds_WhenReapplyingErasures_ThenRetainBothIndependentTerminalEvents() in /tmp/cerberus-uc22-worktree/tests/Infrastructure/ArturRios.Cerberus.Data.Tests/TypedTerminalErasureTests.cs:line 27
--- End of stack trace from previous location ---

Failed!  - Failed:    23, Passed:     2, Skipped:     0, Total:    25, Duration: 1 s - ArturRios.Cerberus.Data.Tests.dll (net10.0)
