  ArturRios.Cerberus.Domain -> /tmp/cerberus-uc22-worktree/src/Domain/ArturRios.Cerberus.Domain/bin/Debug/net10.0/ArturRios.Cerberus.Domain.dll
  ArturRios.Cerberus.Shared -> /tmp/cerberus-uc22-worktree/src/Application/ArturRios.Cerberus.Shared/bin/Debug/net10.0/ArturRios.Cerberus.Shared.dll
  ArturRios.Cerberus.Data -> /tmp/cerberus-uc22-worktree/src/Infrastructure/ArturRios.Cerberus.Data/bin/Debug/net10.0/ArturRios.Cerberus.Data.dll
  ArturRios.Cerberus.Data.Tests -> /tmp/cerberus-uc22-worktree/tests/Infrastructure/ArturRios.Cerberus.Data.Tests/bin/Debug/net10.0/ArturRios.Cerberus.Data.Tests.dll
Test run for /tmp/cerberus-uc22-worktree/tests/Infrastructure/ArturRios.Cerberus.Data.Tests/bin/Debug/net10.0/ArturRios.Cerberus.Data.Tests.dll (.NETCoreApp,Version=v10.0)
VSTest version 18.0.2 (x64)

Starting test execution, please wait...
A total of 1 test files matched the specified pattern.
[xUnit.net 00:00:00.00] xUnit.net VSTest Adapter v4.0.0+05679a7ab5 (64-bit .NET 10.0.12)
[xUnit.net 00:00:00.42]   Discovering: ArturRios.Cerberus.Data.Tests
[xUnit.net 00:00:01.16]   Discovered:  ArturRios.Cerberus.Data.Tests
[xUnit.net 00:00:01.30]   Starting:    ArturRios.Cerberus.Data.Tests
[testcontainers.org 00:00:00.23] Connected to Docker:
  Host: unix:///var/run/docker.sock
  Server Version: 29.8.2
  Kernel Version: 7.0.0-34-generic
  API Version: 1.56
  Operating System: Ubuntu 26.04.1 LTS
  Total Memory: 31.34 GB
[testcontainers.org 00:00:00.61] Docker container d75e18445b37 created
[testcontainers.org 00:00:00.64] Start Docker container d75e18445b37
[testcontainers.org 00:00:00.97] Wait for Docker container d75e18445b37 to complete readiness checks
[testcontainers.org 00:00:01.99] Docker container d75e18445b37 ready
[testcontainers.org 00:00:02.15] Docker container 14d5b457a9ae created
[testcontainers.org 00:00:02.15] Start Docker container 14d5b457a9ae
[testcontainers.org 00:00:02.36] Wait for Docker container 14d5b457a9ae to complete readiness checks
[testcontainers.org 00:00:02.37] Execute "pg_isready --host localhost --dbname postgres --username postgres" at Docker container 14d5b457a9ae
[testcontainers.org 00:00:03.50] Execute "pg_isready --host localhost --dbname postgres --username postgres" at Docker container 14d5b457a9ae
[testcontainers.org 00:00:04.60] Execute "pg_isready --host localhost --dbname postgres --username postgres" at Docker container 14d5b457a9ae
[testcontainers.org 00:00:05.70] Execute "pg_isready --host localhost --dbname postgres --username postgres" at Docker container 14d5b457a9ae
[testcontainers.org 00:00:05.77] Docker container 14d5b457a9ae ready
  Passed ArturRios.Cerberus.Data.Tests.RecordPurgeHandlerTests.GivenInvalidPersistedPurgeAuthority_WhenExecuting_ThenNoLedgerOrPhysicalRemoval(kind: "missingTerminal") [1 s]
  Passed ArturRios.Cerberus.Data.Tests.RecordPurgeHandlerTests.GivenInvalidPersistedPurgeAuthority_WhenExecuting_ThenNoLedgerOrPhysicalRemoval(kind: "completed") [96 ms]
  Passed ArturRios.Cerberus.Data.Tests.RecordPurgeHandlerTests.GivenInvalidPersistedPurgeAuthority_WhenExecuting_ThenNoLedgerOrPhysicalRemoval(kind: "wrongWork") [66 ms]
  Passed ArturRios.Cerberus.Data.Tests.RecordPurgeHandlerTests.GivenInvalidPersistedPurgeAuthority_WhenExecuting_ThenNoLedgerOrPhysicalRemoval(kind: "otherKind") [60 ms]
  Passed ArturRios.Cerberus.Data.Tests.RecordPurgeHandlerTests.GivenInvalidPersistedPurgeAuthority_WhenExecuting_ThenNoLedgerOrPhysicalRemoval(kind: "wrongKey") [42 ms]
  Passed ArturRios.Cerberus.Data.Tests.RecordPurgeHandlerTests.GivenInvalidPersistedPurgeAuthority_WhenExecuting_ThenNoLedgerOrPhysicalRemoval(kind: "stolen") [34 ms]
  Passed ArturRios.Cerberus.Data.Tests.RecordPurgeHandlerTests.GivenInvalidPersistedPurgeAuthority_WhenExecuting_ThenNoLedgerOrPhysicalRemoval(kind: "expired") [35 ms]
[xUnit.net 00:00:12.47]     ArturRios.Cerberus.Data.Tests.RecordPurgeHandlerTests.GivenClaimExpiresAfterCheckBeforePhysicalStatement_WhenPurging_ThenThatStatementCannotRemoveRows(table: "record") [FAIL]
[xUnit.net 00:00:12.48]       Assert.Equal() Failure: Values differ
[xUnit.net 00:00:12.48]       Expected: 0
[xUnit.net 00:00:12.48]       Actual:   1
[xUnit.net 00:00:12.48]       Stack Trace:
[xUnit.net 00:00:12.48]         /tmp/cerberus-uc22-worktree/tests/Infrastructure/ArturRios.Cerberus.Data.Tests/RecordPurgeHandlerTests.cs(136,0): at ArturRios.Cerberus.Data.Tests.RecordPurgeHandlerTests.GivenClaimExpiresAfterCheckBeforePhysicalStatement_WhenPurging_ThenThatStatementCannotRemoveRows(String table)
[xUnit.net 00:00:12.48]         /tmp/cerberus-uc22-worktree/tests/Infrastructure/ArturRios.Cerberus.Data.Tests/RecordPurgeHandlerTests.cs(138,0): at ArturRios.Cerberus.Data.Tests.RecordPurgeHandlerTests.GivenClaimExpiresAfterCheckBeforePhysicalStatement_WhenPurging_ThenThatStatementCannotRemoveRows(String table)
[xUnit.net 00:00:12.48]         --- End of stack trace from previous location ---
  Failed ArturRios.Cerberus.Data.Tests.RecordPurgeHandlerTests.GivenClaimExpiresAfterCheckBeforePhysicalStatement_WhenPurging_ThenThatStatementCannotRemoveRows(table: "record") [2 s]
  Error Message:
   Assert.Equal() Failure: Values differ
Expected: 0
Actual:   1
  Stack Trace:
     at ArturRios.Cerberus.Data.Tests.RecordPurgeHandlerTests.GivenClaimExpiresAfterCheckBeforePhysicalStatement_WhenPurging_ThenThatStatementCannotRemoveRows(String table) in /tmp/cerberus-uc22-worktree/tests/Infrastructure/ArturRios.Cerberus.Data.Tests/RecordPurgeHandlerTests.cs:line 136
   at ArturRios.Cerberus.Data.Tests.RecordPurgeHandlerTests.GivenClaimExpiresAfterCheckBeforePhysicalStatement_WhenPurging_ThenThatStatementCannotRemoveRows(String table) in /tmp/cerberus-uc22-worktree/tests/Infrastructure/ArturRios.Cerberus.Data.Tests/RecordPurgeHandlerTests.cs:line 138
--- End of stack trace from previous location ---
[xUnit.net 00:00:14.59]     ArturRios.Cerberus.Data.Tests.RecordPurgeHandlerTests.GivenClaimExpiresAfterCheckBeforePhysicalStatement_WhenPurging_ThenThatStatementCannotRemoveRows(table: "trash_operation") [FAIL]
[xUnit.net 00:00:14.59]       Assert.Throws() Failure: No exception was thrown
[xUnit.net 00:00:14.59]       Expected: typeof(System.InvalidOperationException)
[xUnit.net 00:00:14.59]       Stack Trace:
[xUnit.net 00:00:14.59]         /tmp/cerberus-uc22-worktree/tests/Infrastructure/ArturRios.Cerberus.Data.Tests/RecordPurgeHandlerTests.cs(134,0): at ArturRios.Cerberus.Data.Tests.RecordPurgeHandlerTests.GivenClaimExpiresAfterCheckBeforePhysicalStatement_WhenPurging_ThenThatStatementCannotRemoveRows(String table)
[xUnit.net 00:00:14.59]         /tmp/cerberus-uc22-worktree/tests/Infrastructure/ArturRios.Cerberus.Data.Tests/RecordPurgeHandlerTests.cs(138,0): at ArturRios.Cerberus.Data.Tests.RecordPurgeHandlerTests.GivenClaimExpiresAfterCheckBeforePhysicalStatement_WhenPurging_ThenThatStatementCannotRemoveRows(String table)
[xUnit.net 00:00:14.59]         --- End of stack trace from previous location ---
  Failed ArturRios.Cerberus.Data.Tests.RecordPurgeHandlerTests.GivenClaimExpiresAfterCheckBeforePhysicalStatement_WhenPurging_ThenThatStatementCannotRemoveRows(table: "trash_operation") [2 s]
  Error Message:
   Assert.Throws() Failure: No exception was thrown
Expected: typeof(System.InvalidOperationException)
  Stack Trace:
     at ArturRios.Cerberus.Data.Tests.RecordPurgeHandlerTests.GivenClaimExpiresAfterCheckBeforePhysicalStatement_WhenPurging_ThenThatStatementCannotRemoveRows(String table) in /tmp/cerberus-uc22-worktree/tests/Infrastructure/ArturRios.Cerberus.Data.Tests/RecordPurgeHandlerTests.cs:line 134
   at ArturRios.Cerberus.Data.Tests.RecordPurgeHandlerTests.GivenClaimExpiresAfterCheckBeforePhysicalStatement_WhenPurging_ThenThatStatementCannotRemoveRows(String table) in /tmp/cerberus-uc22-worktree/tests/Infrastructure/ArturRios.Cerberus.Data.Tests/RecordPurgeHandlerTests.cs:line 138
--- End of stack trace from previous location ---
[xUnit.net 00:00:16.73]     ArturRios.Cerberus.Data.Tests.RecordPurgeHandlerTests.GivenClaimExpiresAfterCheckBeforePhysicalStatement_WhenPurging_ThenThatStatementCannotRemoveRows(table: "trash_entry") [FAIL]
[xUnit.net 00:00:16.73]       Assert.Equal() Failure: Values differ
[xUnit.net 00:00:16.73]       Expected: 0
[xUnit.net 00:00:16.73]       Actual:   1
[xUnit.net 00:00:16.73]       Stack Trace:
[xUnit.net 00:00:16.73]         /tmp/cerberus-uc22-worktree/tests/Infrastructure/ArturRios.Cerberus.Data.Tests/RecordPurgeHandlerTests.cs(136,0): at ArturRios.Cerberus.Data.Tests.RecordPurgeHandlerTests.GivenClaimExpiresAfterCheckBeforePhysicalStatement_WhenPurging_ThenThatStatementCannotRemoveRows(String table)
[xUnit.net 00:00:16.73]         /tmp/cerberus-uc22-worktree/tests/Infrastructure/ArturRios.Cerberus.Data.Tests/RecordPurgeHandlerTests.cs(138,0): at ArturRios.Cerberus.Data.Tests.RecordPurgeHandlerTests.GivenClaimExpiresAfterCheckBeforePhysicalStatement_WhenPurging_ThenThatStatementCannotRemoveRows(String table)
[xUnit.net 00:00:16.73]         --- End of stack trace from previous location ---
  Failed ArturRios.Cerberus.Data.Tests.RecordPurgeHandlerTests.GivenClaimExpiresAfterCheckBeforePhysicalStatement_WhenPurging_ThenThatStatementCannotRemoveRows(table: "trash_entry") [2 s]
  Error Message:
   Assert.Equal() Failure: Values differ
Expected: 0
Actual:   1
  Stack Trace:
     at ArturRios.Cerberus.Data.Tests.RecordPurgeHandlerTests.GivenClaimExpiresAfterCheckBeforePhysicalStatement_WhenPurging_ThenThatStatementCannotRemoveRows(String table) in /tmp/cerberus-uc22-worktree/tests/Infrastructure/ArturRios.Cerberus.Data.Tests/RecordPurgeHandlerTests.cs:line 136
   at ArturRios.Cerberus.Data.Tests.RecordPurgeHandlerTests.GivenClaimExpiresAfterCheckBeforePhysicalStatement_WhenPurging_ThenThatStatementCannotRemoveRows(String table) in /tmp/cerberus-uc22-worktree/tests/Infrastructure/ArturRios.Cerberus.Data.Tests/RecordPurgeHandlerTests.cs:line 138
--- End of stack trace from previous location ---
[xUnit.net 00:00:18.85]     ArturRios.Cerberus.Data.Tests.RecordPurgeHandlerTests.GivenClaimExpiresAfterCheckBeforePhysicalStatement_WhenPurging_ThenThatStatementCannotRemoveRows(table: "retention_work_item") [FAIL]
[xUnit.net 00:00:18.85]       Assert.Equal() Failure: Values differ
[xUnit.net 00:00:18.85]       Expected: 0
[xUnit.net 00:00:18.85]       Actual:   1
[xUnit.net 00:00:18.85]       Stack Trace:
[xUnit.net 00:00:18.85]         /tmp/cerberus-uc22-worktree/tests/Infrastructure/ArturRios.Cerberus.Data.Tests/RecordPurgeHandlerTests.cs(136,0): at ArturRios.Cerberus.Data.Tests.RecordPurgeHandlerTests.GivenClaimExpiresAfterCheckBeforePhysicalStatement_WhenPurging_ThenThatStatementCannotRemoveRows(String table)
[xUnit.net 00:00:18.85]         /tmp/cerberus-uc22-worktree/tests/Infrastructure/ArturRios.Cerberus.Data.Tests/RecordPurgeHandlerTests.cs(138,0): at ArturRios.Cerberus.Data.Tests.RecordPurgeHandlerTests.GivenClaimExpiresAfterCheckBeforePhysicalStatement_WhenPurging_ThenThatStatementCannotRemoveRows(String table)
[xUnit.net 00:00:18.85]         --- End of stack trace from previous location ---
  Failed ArturRios.Cerberus.Data.Tests.RecordPurgeHandlerTests.GivenClaimExpiresAfterCheckBeforePhysicalStatement_WhenPurging_ThenThatStatementCannotRemoveRows(table: "retention_work_item") [2 s]
  Error Message:
   Assert.Equal() Failure: Values differ
Expected: 0
Actual:   1
  Stack Trace:
     at ArturRios.Cerberus.Data.Tests.RecordPurgeHandlerTests.GivenClaimExpiresAfterCheckBeforePhysicalStatement_WhenPurging_ThenThatStatementCannotRemoveRows(String table) in /tmp/cerberus-uc22-worktree/tests/Infrastructure/ArturRios.Cerberus.Data.Tests/RecordPurgeHandlerTests.cs:line 136
   at ArturRios.Cerberus.Data.Tests.RecordPurgeHandlerTests.GivenClaimExpiresAfterCheckBeforePhysicalStatement_WhenPurging_ThenThatStatementCannotRemoveRows(String table) in /tmp/cerberus-uc22-worktree/tests/Infrastructure/ArturRios.Cerberus.Data.Tests/RecordPurgeHandlerTests.cs:line 138
--- End of stack trace from previous location ---
[testcontainers.org 00:00:17.52] Execute "pg_dump --username=postgres --dbname=postgres --schema=cerberus --clean --if-exists --file=/tmp/cerberus-test-backup-2da835d20641483685e898c0d3fb22e5.sql" at Docker container 14d5b457a9ae
[testcontainers.org 00:00:17.86] Execute "psql --username=postgres --dbname=postgres --set=ON_ERROR_STOP=1 --file=/tmp/cerberus-test-backup-2da835d20641483685e898c0d3fb22e5.sql" at Docker container 14d5b457a9ae
  Passed ArturRios.Cerberus.Data.Tests.RecordPurgeHandlerTests.GivenClaimChangesDuringDurableLedgerWrite_WhenPurging_ThenFinalFenceKeepsCipherForNewClaim(kind: "expired") [80 ms]
  Passed ArturRios.Cerberus.Data.Tests.RecordPurgeHandlerTests.GivenClaimChangesDuringDurableLedgerWrite_WhenPurging_ThenFinalFenceKeepsCipherForNewClaim(kind: "stolen") [43 ms]
  Passed ArturRios.Cerberus.Data.Tests.RecordPurgeHandlerTests.GivenFailureAfterPhysicalDelete_WhenPurging_ThenRollbackCipherRemovalAndRetryWithoutDuplicateLedger [34 ms]
  Passed ArturRios.Cerberus.Data.Tests.RecordPurgeHandlerTests.GivenBackupBeforePermanentDeletion_WhenRestoringAndReplayingLedger_ThenRemoveCiphertextBeforeTrafficAndKeepOtherKinds [710 ms]
  Passed ArturRios.Cerberus.Data.Tests.RecordPurgeHandlerTests.GivenNonemptyTrashCascadeWithSameGuidOtherKind_WhenPurgingRecord_ThenKeepOtherEntryOperationAndResources [120 ms]
  Passed ArturRios.Cerberus.Data.Tests.RecordPermanentDeleteStoreTests.GivenControlledRecipientEditAndOwnerPermanentDelete_WhenWaitingOnCollections_ThenOneWinnerWithoutDeadlock(deleteFirst: True) [242 ms]
  Passed ArturRios.Cerberus.Data.Tests.RecordPermanentDeleteStoreTests.GivenControlledRecipientEditAndOwnerPermanentDelete_WhenWaitingOnCollections_ThenOneWinnerWithoutDeadlock(deleteFirst: False) [117 ms]
  Passed ArturRios.Cerberus.Data.Tests.RecordPermanentDeleteStoreTests.GivenChangedRestrictedTrashScope_WhenPermanentlyDeleting_ThenNoIntentOrErasure(route: "direct", change: "profileTrash", error: "vault_access_denied") [243 ms]
  Passed ArturRios.Cerberus.Data.Tests.RecordPermanentDeleteStoreTests.GivenChangedRestrictedTrashScope_WhenPermanentlyDeleting_ThenNoIntentOrErasure(route: "direct", change: "missing", error: "not_found") [175 ms]
  Passed ArturRios.Cerberus.Data.Tests.RecordPermanentDeleteStoreTests.GivenChangedRestrictedTrashScope_WhenPermanentlyDeleting_ThenNoIntentOrErasure(route: "collection", change: "collectionTrash", error: "not_found") [145 ms]
  Passed ArturRios.Cerberus.Data.Tests.RecordPermanentDeleteStoreTests.GivenChangedRestrictedTrashScope_WhenPermanentlyDeleting_ThenNoIntentOrErasure(route: "direct", change: "snapshot", error: "persistence_unavailable") [110 ms]
  Passed ArturRios.Cerberus.Data.Tests.RecordPermanentDeleteStoreTests.GivenChangedRestrictedTrashScope_WhenPermanentlyDeleting_ThenNoIntentOrErasure(route: "descendant", change: "folderTrash", error: "not_found") [156 ms]
  Passed ArturRios.Cerberus.Data.Tests.RecordPermanentDeleteStoreTests.GivenChangedRestrictedTrashScope_WhenPermanentlyDeleting_ThenNoIntentOrErasure(route: "collection", change: "removedCollection", error: "not_found") [136 ms]
  Passed ArturRios.Cerberus.Data.Tests.RecordPermanentDeleteStoreTests.GivenChangedRestrictedTrashScope_WhenPermanentlyDeleting_ThenNoIntentOrErasure(route: "direct", change: "wrongProfile", error: "not_found") [155 ms]
  Passed ArturRios.Cerberus.Data.Tests.RecordPermanentDeleteStoreTests.GivenChangedRestrictedTrashScope_WhenPermanentlyDeleting_ThenNoIntentOrErasure(route: "folder", change: "folderTrash", error: "not_found") [137 ms]
  Passed ArturRios.Cerberus.Data.Tests.RecordPermanentDeleteStoreTests.GivenCurrentOwnedActiveOrTrashedScope_WhenPermanentlyDeleting_ThenDurableTerminalEventAndOnlyTargetRemoved(route: "wide", trash: True) [282 ms]
  Passed ArturRios.Cerberus.Data.Tests.RecordPermanentDeleteStoreTests.GivenCurrentOwnedActiveOrTrashedScope_WhenPermanentlyDeleting_ThenDurableTerminalEventAndOnlyTargetRemoved(route: "collection", trash: False) [200 ms]
  Passed ArturRios.Cerberus.Data.Tests.RecordPermanentDeleteStoreTests.GivenCurrentOwnedActiveOrTrashedScope_WhenPermanentlyDeleting_ThenDurableTerminalEventAndOnlyTargetRemoved(route: "folder", trash: True) [303 ms]
  Passed ArturRios.Cerberus.Data.Tests.RecordPermanentDeleteStoreTests.GivenCurrentOwnedActiveOrTrashedScope_WhenPermanentlyDeleting_ThenDurableTerminalEventAndOnlyTargetRemoved(route: "descendant", trash: True) [265 ms]
  Passed ArturRios.Cerberus.Data.Tests.RecordPermanentDeleteStoreTests.GivenCurrentOwnedActiveOrTrashedScope_WhenPermanentlyDeleting_ThenDurableTerminalEventAndOnlyTargetRemoved(route: "folder", trash: False) [120 ms]
  Passed ArturRios.Cerberus.Data.Tests.RecordPermanentDeleteStoreTests.GivenCurrentOwnedActiveOrTrashedScope_WhenPermanentlyDeleting_ThenDurableTerminalEventAndOnlyTargetRemoved(route: "collection", trash: True) [183 ms]
  Passed ArturRios.Cerberus.Data.Tests.RecordPermanentDeleteStoreTests.GivenCurrentOwnedActiveOrTrashedScope_WhenPermanentlyDeleting_ThenDurableTerminalEventAndOnlyTargetRemoved(route: "direct", trash: False) [105 ms]
  Passed ArturRios.Cerberus.Data.Tests.RecordPermanentDeleteStoreTests.GivenCurrentOwnedActiveOrTrashedScope_WhenPermanentlyDeleting_ThenDurableTerminalEventAndOnlyTargetRemoved(route: "wide", trash: False) [83 ms]
  Passed ArturRios.Cerberus.Data.Tests.RecordPermanentDeleteStoreTests.GivenCurrentOwnedActiveOrTrashedScope_WhenPermanentlyDeleting_ThenDurableTerminalEventAndOnlyTargetRemoved(route: "direct", trash: True) [187 ms]
  Passed ArturRios.Cerberus.Data.Tests.RecordPermanentDeleteStoreTests.GivenCurrentOwnedActiveOrTrashedScope_WhenPermanentlyDeleting_ThenDurableTerminalEventAndOnlyTargetRemoved(route: "descendant", trash: False) [117 ms]
  Passed ArturRios.Cerberus.Data.Tests.RecordPermanentDeleteStoreTests.GivenInvalidCurrentAuthorityOrState_WhenPermanentlyDeleting_ThenNoIntentOrLedgerOrRemoval(kind: "revoked", error: "vault_access_denied") [30 ms]
  Passed ArturRios.Cerberus.Data.Tests.RecordPermanentDeleteStoreTests.GivenInvalidCurrentAuthorityOrState_WhenPermanentlyDeleting_ThenNoIntentOrLedgerOrRemoval(kind: "missing", error: "not_found") [26 ms]
  Passed ArturRios.Cerberus.Data.Tests.RecordPermanentDeleteStoreTests.GivenInvalidCurrentAuthorityOrState_WhenPermanentlyDeleting_ThenNoIntentOrLedgerOrRemoval(kind: "actor", error: "not_found") [19 ms]
  Passed ArturRios.Cerberus.Data.Tests.RecordPermanentDeleteStoreTests.GivenInvalidCurrentAuthorityOrState_WhenPermanentlyDeleting_ThenNoIntentOrLedgerOrRemoval(kind: "future", error: "vault_access_denied") [28 ms]
  Passed ArturRios.Cerberus.Data.Tests.RecordPermanentDeleteStoreTests.GivenInvalidCurrentAuthorityOrState_WhenPermanentlyDeleting_ThenNoIntentOrLedgerOrRemoval(kind: "closing", error: "not_found") [34 ms]
  Passed ArturRios.Cerberus.Data.Tests.RecordPermanentDeleteStoreTests.GivenInvalidCurrentAuthorityOrState_WhenPermanentlyDeleting_ThenNoIntentOrLedgerOrRemoval(kind: "unselected", error: "not_found") [54 ms]
  Passed ArturRios.Cerberus.Data.Tests.RecordPermanentDeleteStoreTests.GivenInvalidCurrentAuthorityOrState_WhenPermanentlyDeleting_ThenNoIntentOrLedgerOrRemoval(kind: "terminal", error: "not_found") [32 ms]
  Passed ArturRios.Cerberus.Data.Tests.RecordPermanentDeleteStoreTests.GivenInvalidCurrentAuthorityOrState_WhenPermanentlyDeleting_ThenNoIntentOrLedgerOrRemoval(kind: "handle", error: "vault_access_denied") [48 ms]
  Passed ArturRios.Cerberus.Data.Tests.RecordPermanentDeleteStoreTests.GivenInvalidCurrentAuthorityOrState_WhenPermanentlyDeleting_ThenNoIntentOrLedgerOrRemoval(kind: "policy", error: "vault_access_denied") [51 ms]
  Passed ArturRios.Cerberus.Data.Tests.RecordPermanentDeleteStoreTests.GivenInvalidCurrentAuthorityOrState_WhenPermanentlyDeleting_ThenNoIntentOrLedgerOrRemoval(kind: "stale", error: "revision_conflict") [125 ms]
  Passed ArturRios.Cerberus.Data.Tests.RecordPermanentDeleteStoreTests.GivenInvalidCurrentAuthorityOrState_WhenPermanentlyDeleting_ThenNoIntentOrLedgerOrRemoval(kind: "ancestorTrash", error: "not_found") [49 ms]
  Passed ArturRios.Cerberus.Data.Tests.RecordPermanentDeleteStoreTests.GivenInvalidCurrentAuthorityOrState_WhenPermanentlyDeleting_ThenNoIntentOrLedgerOrRemoval(kind: "dangling", error: "vault_access_denied") [99 ms]
  Passed ArturRios.Cerberus.Data.Tests.RecordPermanentDeleteStoreTests.GivenInvalidCurrentAuthorityOrState_WhenPermanentlyDeleting_ThenNoIntentOrLedgerOrRemoval(kind: "generation", error: "vault_access_denied") [37 ms]
  Passed ArturRios.Cerberus.Data.Tests.RecordPermanentDeleteStoreTests.GivenInvalidCurrentAuthorityOrState_WhenPermanentlyDeleting_ThenNoIntentOrLedgerOrRemoval(kind: "expired", error: "vault_access_denied") [68 ms]
  Passed ArturRios.Cerberus.Data.Tests.RecordPermanentDeleteStoreTests.GivenOwnedDamagedCipherAndMaximumRevision_WhenDeleting_ThenEraseWithoutDecryptionOrRevisionIncrement(trash: False) [74 ms]
  Passed ArturRios.Cerberus.Data.Tests.RecordPermanentDeleteStoreTests.GivenOwnedDamagedCipherAndMaximumRevision_WhenDeleting_ThenEraseWithoutDecryptionOrRevisionIncrement(trash: True) [114 ms]
  Passed ArturRios.Cerberus.Data.Tests.RecordPermanentDeleteStoreTests.GivenNativeVisibleForeignOwner_WhenDeletingWithStaleRevisionAndBadCipher_Then403WithoutLedger(access: ReadWrite, selected: True) [92 ms]
  Passed ArturRios.Cerberus.Data.Tests.RecordPermanentDeleteStoreTests.GivenNativeVisibleForeignOwner_WhenDeletingWithStaleRevisionAndBadCipher_Then403WithoutLedger(access: ReadWrite, selected: False) [36 ms]
  Passed ArturRios.Cerberus.Data.Tests.RecordPermanentDeleteStoreTests.GivenNativeVisibleForeignOwner_WhenDeletingWithStaleRevisionAndBadCipher_Then403WithoutLedger(access: ReadOnly, selected: False) [41 ms]
  Passed ArturRios.Cerberus.Data.Tests.RecordPermanentDeleteStoreTests.GivenNativeVisibleForeignOwner_WhenDeletingWithStaleRevisionAndBadCipher_Then403WithoutLedger(access: ReadOnly, selected: True) [59 ms]
  Passed ArturRios.Cerberus.Data.Tests.RecordPermanentDeleteStoreTests.GivenUnsafeRequiredMetadata_WhenDeleting_ThenNoIntentOrParentMutation(kind: "revisionZero", error: "persistence_unavailable") [127 ms]
  Passed ArturRios.Cerberus.Data.Tests.RecordPermanentDeleteStoreTests.GivenUnsafeRequiredMetadata_WhenDeleting_ThenNoIntentOrParentMutation(kind: "revisionUnsafe", error: "persistence_unavailable") [108 ms]
  Passed ArturRios.Cerberus.Data.Tests.RecordPermanentDeleteStoreTests.GivenUnsafeRequiredMetadata_WhenDeleting_ThenNoIntentOrParentMutation(kind: "parentRevisionZero", error: "persistence_unavailable") [90 ms]
  Passed ArturRios.Cerberus.Data.Tests.RecordPermanentDeleteStoreTests.GivenUnsafeRequiredMetadata_WhenDeleting_ThenNoIntentOrParentMutation(kind: "sequenceUnsafe", error: "persistence_unavailable") [82 ms]
  Passed ArturRios.Cerberus.Data.Tests.RecordPermanentDeleteStoreTests.GivenUnsafeRequiredMetadata_WhenDeleting_ThenNoIntentOrParentMutation(kind: "parentRevisionMax", error: "revision_conflict") [100 ms]
  Passed ArturRios.Cerberus.Data.Tests.RecordPermanentDeleteStoreTests.GivenUnsafeRequiredMetadata_WhenDeleting_ThenNoIntentOrParentMutation(kind: "sequenceZero", error: "persistence_unavailable") [111 ms]
[xUnit.net 00:00:26.23]     ArturRios.Cerberus.Data.Tests.RecordPermanentDeleteStoreTests.GivenTerminalRecordAwaitingLedger_WhenRotatingSurvivingInventory_ThenTrashIsRequiredButTerminalCipherIsExcluded(includeTerminal: False) [FAIL]
[xUnit.net 00:00:26.23]       Assert.Equal() Failure: Strings differ
[xUnit.net 00:00:26.23]       Expected: null
[xUnit.net 00:00:26.23]       Actual:   "validation_failed"
[xUnit.net 00:00:26.23]       Stack Trace:
[xUnit.net 00:00:26.23]         /tmp/cerberus-uc22-worktree/tests/Infrastructure/ArturRios.Cerberus.Data.Tests/RecordPermanentDeleteConcurrencyTests.cs(103,0): at ArturRios.Cerberus.Data.Tests.RecordPermanentDeleteStoreTests.GivenTerminalRecordAwaitingLedger_WhenRotatingSurvivingInventory_ThenTrashIsRequiredButTerminalCipherIsExcluded(Boolean includeTerminal)
[xUnit.net 00:00:26.23]         --- End of stack trace from previous location ---
[xUnit.net 00:00:26.34]     ArturRios.Cerberus.Data.Tests.RecordPermanentDeleteStoreTests.GivenTerminalRecordAwaitingLedger_WhenRotatingSurvivingInventory_ThenTrashIsRequiredButTerminalCipherIsExcluded(includeTerminal: True) [FAIL]
[xUnit.net 00:00:26.34]       Assert.Equal() Failure: Strings differ
[xUnit.net 00:00:26.34]       Expected: "validation_failed"
[xUnit.net 00:00:26.34]       Actual:   null
[xUnit.net 00:00:26.34]       Stack Trace:
[xUnit.net 00:00:26.34]         /tmp/cerberus-uc22-worktree/tests/Infrastructure/ArturRios.Cerberus.Data.Tests/RecordPermanentDeleteConcurrencyTests.cs(103,0): at ArturRios.Cerberus.Data.Tests.RecordPermanentDeleteStoreTests.GivenTerminalRecordAwaitingLedger_WhenRotatingSurvivingInventory_ThenTrashIsRequiredButTerminalCipherIsExcluded(Boolean includeTerminal)
[xUnit.net 00:00:26.34]         --- End of stack trace from previous location ---
  Passed ArturRios.Cerberus.Data.Tests.RecordPermanentDeleteStoreTests.GivenUnsafeRequiredMetadata_WhenDeleting_ThenNoIntentOrParentMutation(kind: "parentSequenceZero", error: "persistence_unavailable") [153 ms]
  Passed ArturRios.Cerberus.Data.Tests.RecordPermanentDeleteStoreTests.GivenFailureAfterIntentMutation_WhenDeleting_ThenRollbackEverythingAndAllowRetry(table: "record") [190 ms]
  Passed ArturRios.Cerberus.Data.Tests.RecordPermanentDeleteStoreTests.GivenFailureAfterIntentMutation_WhenDeleting_ThenRollbackEverythingAndAllowRetry(table: "collection") [199 ms]
  Passed ArturRios.Cerberus.Data.Tests.RecordPermanentDeleteStoreTests.GivenFailureAfterIntentMutation_WhenDeleting_ThenRollbackEverythingAndAllowRetry(table: "folder") [173 ms]
  Passed ArturRios.Cerberus.Data.Tests.RecordPermanentDeleteStoreTests.GivenFailureAfterIntentMutation_WhenDeleting_ThenRollbackEverythingAndAllowRetry(table: "profile") [227 ms]
  Failed ArturRios.Cerberus.Data.Tests.RecordPermanentDeleteStoreTests.GivenTerminalRecordAwaitingLedger_WhenRotatingSurvivingInventory_ThenTrashIsRequiredButTerminalCipherIsExcluded(includeTerminal: False) [181 ms]
  Error Message:
   Assert.Equal() Failure: Strings differ
Expected: null
Actual:   "validation_failed"
  Stack Trace:
     at ArturRios.Cerberus.Data.Tests.RecordPermanentDeleteStoreTests.GivenTerminalRecordAwaitingLedger_WhenRotatingSurvivingInventory_ThenTrashIsRequiredButTerminalCipherIsExcluded(Boolean includeTerminal) in /tmp/cerberus-uc22-worktree/tests/Infrastructure/ArturRios.Cerberus.Data.Tests/RecordPermanentDeleteConcurrencyTests.cs:line 103
--- End of stack trace from previous location ---
  Failed ArturRios.Cerberus.Data.Tests.RecordPermanentDeleteStoreTests.GivenTerminalRecordAwaitingLedger_WhenRotatingSurvivingInventory_ThenTrashIsRequiredButTerminalCipherIsExcluded(includeTerminal: True) [111 ms]
  Error Message:
   Assert.Equal() Failure: Strings differ
Expected: "validation_failed"
Actual:   null
  Stack Trace:
     at ArturRios.Cerberus.Data.Tests.RecordPermanentDeleteStoreTests.GivenTerminalRecordAwaitingLedger_WhenRotatingSurvivingInventory_ThenTrashIsRequiredButTerminalCipherIsExcluded(Boolean includeTerminal) in /tmp/cerberus-uc22-worktree/tests/Infrastructure/ArturRios.Cerberus.Data.Tests/RecordPermanentDeleteConcurrencyTests.cs:line 103
--- End of stack trace from previous location ---
  Passed ArturRios.Cerberus.Data.Tests.RecordPermanentDeleteStoreTests.GivenUnrelatedDeepInventory_WhenPermanentlyDeleting_ThenAnalyzeOneTargetAndOwnOrderedLocks [217 ms]
  Passed ArturRios.Cerberus.Data.Tests.RecordPermanentDeleteStoreTests.GivenLedgerFailureAfterCommittedIntent_WhenDeletingThenRunningWorker_ThenDenyAllWritersAndRecoverDurably(failAfterLedger: False) [148 ms]
  Passed ArturRios.Cerberus.Data.Tests.RecordPermanentDeleteStoreTests.GivenLedgerFailureAfterCommittedIntent_WhenDeletingThenRunningWorker_ThenDenyAllWritersAndRecoverDurably(failAfterLedger: True) [102 ms]
  Passed ArturRios.Cerberus.Data.Tests.RecordPermanentDeleteStoreTests.GivenAuthorityChangesBeforeFinalIntent_WhenDeleting_ThenReclassifyWithoutMutation(change: "ownerTerminal", error: "not_found") [143 ms]
  Passed ArturRios.Cerberus.Data.Tests.RecordPermanentDeleteStoreTests.GivenAuthorityChangesBeforeFinalIntent_WhenDeleting_ThenReclassifyWithoutMutation(change: "ancestorHidden", error: "not_found") [152 ms]
  Passed ArturRios.Cerberus.Data.Tests.RecordPermanentDeleteStoreTests.GivenAuthorityChangesBeforeFinalIntent_WhenDeleting_ThenReclassifyWithoutMutation(change: "recordTerminal", error: "not_found") [98 ms]
  Passed ArturRios.Cerberus.Data.Tests.RecordPermanentDeleteStoreTests.GivenAuthorityChangesBeforeFinalIntent_WhenDeleting_ThenReclassifyWithoutMutation(change: "ancestorCycle", error: "persistence_unavailable") [148 ms]
  Passed ArturRios.Cerberus.Data.Tests.RecordPermanentDeleteStoreTests.GivenPermanentIntentHoldsOwnedParents_WhenAnotherActualWriterStarts_ThenSerializeWithoutDeadlock(writer: "create") [150 ms]
  Passed ArturRios.Cerberus.Data.Tests.RecordPermanentDeleteStoreTests.GivenPermanentIntentHoldsOwnedParents_WhenAnotherActualWriterStarts_ThenSerializeWithoutDeadlock(writer: "association") [97 ms]
  Passed ArturRios.Cerberus.Data.Tests.RecordPermanentDeleteStoreTests.GivenExpiryDuringAnyRequiredLockWait_WhenDeletingStaleRevision_Then403BeforeConflictAndNoIntent(kind: "collection") [2 s]
  Passed ArturRios.Cerberus.Data.Tests.RecordPermanentDeleteStoreTests.GivenExpiryDuringAnyRequiredLockWait_WhenDeletingStaleRevision_Then403BeforeConflictAndNoIntent(kind: "profile") [2 s]
  Passed ArturRios.Cerberus.Data.Tests.RecordPermanentDeleteStoreTests.GivenExpiryDuringAnyRequiredLockWait_WhenDeletingStaleRevision_Then403BeforeConflictAndNoIntent(kind: "folder") [2 s]
  Passed ArturRios.Cerberus.Data.Tests.RecordPermanentDeleteStoreTests.GivenExpiryDuringAnyRequiredLockWait_WhenDeletingStaleRevision_Then403BeforeConflictAndNoIntent(kind: "record") [2 s]
  Passed ArturRios.Cerberus.Data.Tests.RecordPermanentDeleteStoreTests.GivenExpiryDuringAnyRequiredLockWait_WhenDeletingStaleRevision_Then403BeforeConflictAndNoIntent(kind: "session") [2 s]
  Passed ArturRios.Cerberus.Data.Tests.RecordPermanentDeleteStoreTests.GivenExpiryDuringAnyRequiredLockWait_WhenDeletingStaleRevision_Then403BeforeConflictAndNoIntent(kind: "account") [2 s]
  Passed ArturRios.Cerberus.Data.Tests.RecordPermanentDeleteStoreTests.GivenAccountwideOwnedTrash_WhenDeleting_ThenEraseDespiteUnusedHistoryOrElapsedRestoreWindow(kind: "expiredRetention") [118 ms]
  Passed ArturRios.Cerberus.Data.Tests.RecordPermanentDeleteStoreTests.GivenAccountwideOwnedTrash_WhenDeleting_ThenEraseDespiteUnusedHistoryOrElapsedRestoreWindow(kind: "badSnapshot") [136 ms]
  Passed ArturRios.Cerberus.Data.Tests.RecordPermanentDeleteStoreTests.GivenActualConcurrentExpectedRevisionWriters_WhenDeleting_ThenKeepOneWinnerAndNoResurrection(writer: "trash") [101 ms]
  Passed ArturRios.Cerberus.Data.Tests.RecordPermanentDeleteStoreTests.GivenActualConcurrentExpectedRevisionWriters_WhenDeleting_ThenKeepOneWinnerAndNoResurrection(writer: "move") [141 ms]
  Passed ArturRios.Cerberus.Data.Tests.RecordPermanentDeleteStoreTests.GivenActualConcurrentExpectedRevisionWriters_WhenDeleting_ThenKeepOneWinnerAndNoResurrection(writer: "edit") [78 ms]
  Passed ArturRios.Cerberus.Data.Tests.RecordPermanentDeleteStoreTests.GivenActualConcurrentExpectedRevisionWriters_WhenDeleting_ThenKeepOneWinnerAndNoResurrection(writer: "permanent") [73 ms]
  Passed ArturRios.Cerberus.Data.Tests.RecordPermanentDeleteStoreTests.GivenMalformedForeignNativeRoute_WhenDeleting_Then503OnlyIfCurrentTargetVisible(access: ReadWrite, visible: False) [47 ms]
  Passed ArturRios.Cerberus.Data.Tests.RecordPermanentDeleteStoreTests.GivenMalformedForeignNativeRoute_WhenDeleting_Then503OnlyIfCurrentTargetVisible(access: ReadOnly, visible: False) [47 ms]
  Passed ArturRios.Cerberus.Data.Tests.RecordPermanentDeleteStoreTests.GivenMalformedForeignNativeRoute_WhenDeleting_Then503OnlyIfCurrentTargetVisible(access: ReadOnly, visible: True) [36 ms]
  Passed ArturRios.Cerberus.Data.Tests.RecordPermanentDeleteStoreTests.GivenMalformedForeignNativeRoute_WhenDeleting_Then503OnlyIfCurrentTargetVisible(access: ReadWrite, visible: True) [32 ms]
  Passed ArturRios.Cerberus.Data.Tests.RecordPermanentDeleteStoreTests.GivenNewUnheldEarlierAuthorityBeforeRecordLock_WhenDeleting_Then409WithoutLateLockOrIntent(kind: "profile") [69 ms]
  Passed ArturRios.Cerberus.Data.Tests.RecordPermanentDeleteStoreTests.GivenNewUnheldEarlierAuthorityBeforeRecordLock_WhenDeleting_Then409WithoutLateLockOrIntent(kind: "collection") [55 ms]
  Passed ArturRios.Cerberus.Data.Tests.RecordPermanentDeleteStoreTests.GivenNewUnheldEarlierAuthorityBeforeRecordLock_WhenDeleting_Then409WithoutLateLockOrIntent(kind: "parent") [58 ms]
  Passed ArturRios.Cerberus.Data.Tests.RecordPermanentDeleteStoreTests.GivenCancellationAtLedgerBoundary_WhenDeleting_ThenKeepCommittedTerminalIntentAndOutbox(caller: True) [49 ms]
  Passed ArturRios.Cerberus.Data.Tests.RecordPermanentDeleteStoreTests.GivenCancellationAtLedgerBoundary_WhenDeleting_ThenKeepCommittedTerminalIntentAndOutbox(caller: False) [48 ms]
  Passed ArturRios.Cerberus.Data.Tests.RecordPermanentDeleteStoreTests.GivenParentSequenceExhaustionOrRegression_WhenDeleting_ThenRollbackIntentAndParents(regress: False) [89 ms]
  Passed ArturRios.Cerberus.Data.Tests.RecordPermanentDeleteStoreTests.GivenParentSequenceExhaustionOrRegression_WhenDeleting_ThenRollbackIntentAndParents(regress: True) [92 ms]
  Passed ArturRios.Cerberus.Data.Tests.RecordPermanentDeleteStoreTests.GivenCancelledCaller_WhenDeleting_ThenPropagateWithoutIntent [22 ms]
  Passed ArturRios.Cerberus.Data.Tests.RecordPermanentDeleteStoreTests.GivenFreshExpiryAtFinalStatement_WhenDeleting_Then403AndNoTerminalIntent [2 s]
  Passed ArturRios.Cerberus.Data.Tests.RecordPermanentDeleteStoreTests.GivenActiveDirectParent_WhenDeleting_ThenAdvanceStructuralMetadataOnceAndKeepCipher(parent: "profile") [103 ms]
  Passed ArturRios.Cerberus.Data.Tests.RecordPermanentDeleteStoreTests.GivenActiveDirectParent_WhenDeleting_ThenAdvanceStructuralMetadataOnceAndKeepCipher(parent: "collection") [135 ms]
  Passed ArturRios.Cerberus.Data.Tests.RecordPermanentDeleteStoreTests.GivenActiveDirectParent_WhenDeleting_ThenAdvanceStructuralMetadataOnceAndKeepCipher(parent: "folder") [108 ms]
  Passed ArturRios.Cerberus.Data.Tests.RecordPermanentDeleteStoreTests.GivenInvalidInternalRequest_WhenDeleting_ThenRejectWithoutDependencyOrIntent(field: "negative", error: "validation_failed") [9 ms]
  Passed ArturRios.Cerberus.Data.Tests.RecordPermanentDeleteStoreTests.GivenInvalidInternalRequest_WhenDeleting_ThenRejectWithoutDependencyOrIntent(field: "zero", error: "validation_failed") [7 ms]
  Passed ArturRios.Cerberus.Data.Tests.RecordPermanentDeleteStoreTests.GivenInvalidInternalRequest_WhenDeleting_ThenRejectWithoutDependencyOrIntent(field: "actor", error: "authentication_required") [6 ms]
  Passed ArturRios.Cerberus.Data.Tests.RecordPermanentDeleteStoreTests.GivenInvalidInternalRequest_WhenDeleting_ThenRejectWithoutDependencyOrIntent(field: "record", error: "validation_failed") [6 ms]
  Passed ArturRios.Cerberus.Data.Tests.RecordPermanentDeleteStoreTests.GivenInvalidInternalRequest_WhenDeleting_ThenRejectWithoutDependencyOrIntent(field: "unsafe", error: "validation_failed") [6 ms]
  Passed ArturRios.Cerberus.Data.Tests.RecordPermanentDeleteStoreTests.GivenUnavailableDatabase_WhenDeleting_Then503WithoutLedger [16 ms]
[testcontainers.org 00:00:42.88] Delete Docker container 14d5b457a9ae
[xUnit.net 00:00:44.64]   Finished:    ArturRios.Cerberus.Data.Tests
  Passed ArturRios.Cerberus.Data.Tests.RecordPermanentDeleteStoreTests.GivenOtherKindsSharingRecordGuid_WhenPermanentlyDeleting_ThenPreserveTheirRowsAndAccess(trash: True) [179 ms]
  Passed ArturRios.Cerberus.Data.Tests.RecordPermanentDeleteStoreTests.GivenOtherKindsSharingRecordGuid_WhenPermanentlyDeleting_ThenPreserveTheirRowsAndAccess(trash: False) [135 ms]

Test Run Failed.
Total tests: 114
     Passed: 108
     Failed: 6
 Total time: 45.4253 Seconds
