$ dotnet test /tmp/cerberus-uc11-worktree/src/ArturRios.Cerberus.sln --collect:XPlat Code Coverage
  Determining projects to restore...
  Restored /tmp/cerberus-uc11-worktree/tests/Application/ArturRios.Cerberus.Command.Tests/ArturRios.Cerberus.Command.Tests.csproj (in 664 ms).
  Restored /tmp/cerberus-uc11-worktree/tests/Application/ArturRios.Cerberus.Shared.Tests/ArturRios.Cerberus.Shared.Tests.csproj (in 565 ms).
  Restored /tmp/cerberus-uc11-worktree/tests/Domain/ArturRios.Cerberus.Domain.Tests/ArturRios.Cerberus.Domain.Tests.csproj (in 566 ms).
  9 of 12 projects are up-to-date for restore.
  ArturRios.Cerberus.Domain -> /tmp/cerberus-uc11-worktree/src/Domain/ArturRios.Cerberus.Domain/bin/Debug/net10.0/ArturRios.Cerberus.Domain.dll
  ArturRios.Cerberus.Shared -> /tmp/cerberus-uc11-worktree/src/Application/ArturRios.Cerberus.Shared/bin/Debug/net10.0/ArturRios.Cerberus.Shared.dll
  ArturRios.Cerberus.Data -> /tmp/cerberus-uc11-worktree/src/Infrastructure/ArturRios.Cerberus.Data/bin/Debug/net10.0/ArturRios.Cerberus.Data.dll
  ArturRios.Cerberus.Query -> /tmp/cerberus-uc11-worktree/src/Application/ArturRios.Cerberus.Query/bin/Debug/net10.0/ArturRios.Cerberus.Query.dll
  ArturRios.Cerberus.Command -> /tmp/cerberus-uc11-worktree/src/Application/ArturRios.Cerberus.Command/bin/Debug/net10.0/ArturRios.Cerberus.Command.dll
  ArturRios.Cerberus.Query.Tests -> /tmp/cerberus-uc11-worktree/tests/Application/ArturRios.Cerberus.Query.Tests/bin/Debug/net10.0/ArturRios.Cerberus.Query.Tests.dll
Test run for /tmp/cerberus-uc11-worktree/tests/Application/ArturRios.Cerberus.Query.Tests/bin/Debug/net10.0/ArturRios.Cerberus.Query.Tests.dll (.NETCoreApp,Version=v10.0)
VSTest version 18.0.2 (x64)

  ArturRios.Cerberus.Domain.Tests -> /tmp/cerberus-uc11-worktree/tests/Domain/ArturRios.Cerberus.Domain.Tests/bin/Debug/net10.0/ArturRios.Cerberus.Domain.Tests.dll
  ArturRios.Cerberus.Shared.Tests -> /tmp/cerberus-uc11-worktree/tests/Application/ArturRios.Cerberus.Shared.Tests/bin/Debug/net10.0/ArturRios.Cerberus.Shared.Tests.dll
  ArturRios.Cerberus.Command.Tests -> /tmp/cerberus-uc11-worktree/tests/Application/ArturRios.Cerberus.Command.Tests/bin/Debug/net10.0/ArturRios.Cerberus.Command.Tests.dll
Test run for /tmp/cerberus-uc11-worktree/tests/Domain/ArturRios.Cerberus.Domain.Tests/bin/Debug/net10.0/ArturRios.Cerberus.Domain.Tests.dll (.NETCoreApp,Version=v10.0)
Test run for /tmp/cerberus-uc11-worktree/tests/Application/ArturRios.Cerberus.Shared.Tests/bin/Debug/net10.0/ArturRios.Cerberus.Shared.Tests.dll (.NETCoreApp,Version=v10.0)
Test run for /tmp/cerberus-uc11-worktree/tests/Application/ArturRios.Cerberus.Command.Tests/bin/Debug/net10.0/ArturRios.Cerberus.Command.Tests.dll (.NETCoreApp,Version=v10.0)
VSTest version 18.0.2 (x64)
Starting test execution, please wait...

VSTest version 18.0.2 (x64)

A total of 1 test files matched the specified pattern.
VSTest version 18.0.2 (x64)

Starting test execution, please wait...
A total of 1 test files matched the specified pattern.
Starting test execution, please wait...
Starting test execution, please wait...
A total of 1 test files matched the specified pattern.
A total of 1 test files matched the specified pattern.

Passed!  - Failed:     0, Passed:   198, Skipped:     0, Total:   198, Duration: 266 ms - ArturRios.Cerberus.Domain.Tests.dll (net10.0)

Passed!  - Failed:     0, Passed:   103, Skipped:     0, Total:   103, Duration: 249 ms - ArturRios.Cerberus.Query.Tests.dll (net10.0)

Passed!  - Failed:     0, Passed:   125, Skipped:     0, Total:   125, Duration: 433 ms - ArturRios.Cerberus.Shared.Tests.dll (net10.0)
  ArturRios.Cerberus.WebApi -> /tmp/cerberus-uc11-worktree/src/Presentation/ArturRios.Cerberus.WebApi/bin/Debug/net10.0/ArturRios.Cerberus.WebApi.dll

Passed!  - Failed:     0, Passed:   203, Skipped:     0, Total:   203, Duration: 315 ms - ArturRios.Cerberus.Command.Tests.dll (net10.0)
  ArturRios.Cerberus.WebApi.Tests -> /tmp/cerberus-uc11-worktree/tests/Presentation/ArturRios.Cerberus.WebApi.Tests/bin/Debug/net10.0/ArturRios.Cerberus.WebApi.Tests.dll
Test run for /tmp/cerberus-uc11-worktree/tests/Presentation/ArturRios.Cerberus.WebApi.Tests/bin/Debug/net10.0/ArturRios.Cerberus.WebApi.Tests.dll (.NETCoreApp,Version=v10.0)
VSTest version 18.0.2 (x64)

Starting test execution, please wait...
A total of 1 test files matched the specified pattern.
  ArturRios.Cerberus.Data.Tests -> /tmp/cerberus-uc11-worktree/tests/Infrastructure/ArturRios.Cerberus.Data.Tests/bin/Debug/net10.0/ArturRios.Cerberus.Data.Tests.dll
Test run for /tmp/cerberus-uc11-worktree/tests/Infrastructure/ArturRios.Cerberus.Data.Tests/bin/Debug/net10.0/ArturRios.Cerberus.Data.Tests.dll (.NETCoreApp,Version=v10.0)
VSTest version 18.0.2 (x64)

Starting test execution, please wait...
A total of 1 test files matched the specified pattern.

Passed!  - Failed:     0, Passed:   406, Skipped:     0, Total:   406, Duration: 1 m 19 s - ArturRios.Cerberus.Data.Tests.dll (net10.0)

Passed!  - Failed:     0, Passed:   529, Skipped:     0, Total:   529, Duration: 1 m 25 s - ArturRios.Cerberus.WebApi.Tests.dll (net10.0)

Attachments:
  /tmp/cerberus-uc11-worktree/tests/Domain/ArturRios.Cerberus.Domain.Tests/TestResults/ac2c760c-cbb7-47a4-a354-05d3d0e7bd3b/coverage.cobertura.xml
  /tmp/cerberus-uc11-worktree/tests/Application/ArturRios.Cerberus.Query.Tests/TestResults/fba4d8f7-7524-4f64-94b7-1065d7c96bdc/coverage.cobertura.xml
  /tmp/cerberus-uc11-worktree/tests/Application/ArturRios.Cerberus.Shared.Tests/TestResults/69fdf6f0-742a-40b6-a10c-593eaad6cdc1/coverage.cobertura.xml
  /tmp/cerberus-uc11-worktree/tests/Application/ArturRios.Cerberus.Command.Tests/TestResults/3deb23f0-8b59-4a08-9030-21e1ea9833ac/coverage.cobertura.xml
  /tmp/cerberus-uc11-worktree/tests/Infrastructure/ArturRios.Cerberus.Data.Tests/TestResults/04f44923-2c2a-49ce-8907-3c1be78b3862/coverage.cobertura.xml
  /tmp/cerberus-uc11-worktree/tests/Presentation/ArturRios.Cerberus.WebApi.Tests/TestResults/aca8c6a5-7125-4a2e-a5ca-f1dc29b0e654/coverage.cobertura.xml
Found 6 coverage file(s)
REPORTGENERATOR_LICENSE is not set; generating with the free version
$ reportgenerator -reports:/tmp/cerberus-uc11-worktree/tests/Application/ArturRios.Cerberus.Command.Tests/TestResults/3deb23f0-8b59-4a08-9030-21e1ea9833ac/coverage.cobertura.xml;/tmp/cerberus-uc11-worktree/tests/Application/ArturRios.Cerberus.Query.Tests/TestResults/fba4d8f7-7524-4f64-94b7-1065d7c96bdc/coverage.cobertura.xml;/tmp/cerberus-uc11-worktree/tests/Application/ArturRios.Cerberus.Shared.Tests/TestResults/69fdf6f0-742a-40b6-a10c-593eaad6cdc1/coverage.cobertura.xml;/tmp/cerberus-uc11-worktree/tests/Domain/ArturRios.Cerberus.Domain.Tests/TestResults/ac2c760c-cbb7-47a4-a354-05d3d0e7bd3b/coverage.cobertura.xml;/tmp/cerberus-uc11-worktree/tests/Infrastructure/ArturRios.Cerberus.Data.Tests/TestResults/04f44923-2c2a-49ce-8907-3c1be78b3862/coverage.cobertura.xml;/tmp/cerberus-uc11-worktree/tests/Presentation/ArturRios.Cerberus.WebApi.Tests/TestResults/aca8c6a5-7125-4a2e-a5ca-f1dc29b0e654/coverage.cobertura.xml -targetdir:/tmp/cerberus-uc11-worktree/docs/coverage-report -reporttypes:Html;JsonSummary -assemblyfilters:+ArturRios.Cerberus.*;-*.Tests -title:Cerberus API
2026-10-08T18:41:16: Arguments
2026-10-08T18:41:16:  -reports:/tmp/cerberus-uc11-worktree/tests/Application/ArturRios.Cerberus.Command.Tests/TestResults/3deb23f0-8b59-4a08-9030-21e1ea9833ac/coverage.cobertura.xml;/tmp/cerberus-uc11-worktree/tests/Application/ArturRios.Cerberus.Query.Tests/TestResults/fba4d8f7-7524-4f64-94b7-1065d7c96bdc/coverage.cobertura.xml;/tmp/cerberus-uc11-worktree/tests/Application/ArturRios.Cerberus.Shared.Tests/TestResults/69fdf6f0-742a-40b6-a10c-593eaad6cdc1/coverage.cobertura.xml;/tmp/cerberus-uc11-worktree/tests/Domain/ArturRios.Cerberus.Domain.Tests/TestResults/ac2c760c-cbb7-47a4-a354-05d3d0e7bd3b/coverage.cobertura.xml;/tmp/cerberus-uc11-worktree/tests/Infrastructure/ArturRios.Cerberus.Data.Tests/TestResults/04f44923-2c2a-49ce-8907-3c1be78b3862/coverage.cobertura.xml;/tmp/cerberus-uc11-worktree/tests/Presentation/ArturRios.Cerberus.WebApi.Tests/TestResults/aca8c6a5-7125-4a2e-a5ca-f1dc29b0e654/coverage.cobertura.xml
2026-10-08T18:41:16:  -targetdir:/tmp/cerberus-uc11-worktree/docs/coverage-report
2026-10-08T18:41:16:  -reporttypes:Html;JsonSummary
2026-10-08T18:41:16:  -assemblyfilters:+ArturRios.Cerberus.*;-*.Tests
2026-10-08T18:41:16:  -title:Cerberus API
2026-10-08T18:41:17: Writing report file '/tmp/cerberus-uc11-worktree/docs/coverage-report/index.html'
2026-10-08T18:41:17: Writing report file '/tmp/cerberus-uc11-worktree/docs/coverage-report/Summary.json'
2026-10-08T18:41:17: Report generation took 0.7 seconds

Report written to /tmp/cerberus-uc11-worktree/docs/coverage-report
Line coverage 97.7% (minimum 90.0%)
Open the HTML report at: /tmp/cerberus-uc11-worktree/docs/coverage-report/index.html
