  ArturRios.Cerberus.Domain -> /tmp/cerberus-uc19-worktree/src/Domain/ArturRios.Cerberus.Domain/bin/Debug/net10.0/ArturRios.Cerberus.Domain.dll
  ArturRios.Cerberus.Shared -> /tmp/cerberus-uc19-worktree/src/Application/ArturRios.Cerberus.Shared/bin/Debug/net10.0/ArturRios.Cerberus.Shared.dll
  ArturRios.Cerberus.Data -> /tmp/cerberus-uc19-worktree/src/Infrastructure/ArturRios.Cerberus.Data/bin/Debug/net10.0/ArturRios.Cerberus.Data.dll
  ArturRios.Cerberus.Data.Tests -> /tmp/cerberus-uc19-worktree/tests/Infrastructure/ArturRios.Cerberus.Data.Tests/bin/Debug/net10.0/ArturRios.Cerberus.Data.Tests.dll
Test run for /tmp/cerberus-uc19-worktree/tests/Infrastructure/ArturRios.Cerberus.Data.Tests/bin/Debug/net10.0/ArturRios.Cerberus.Data.Tests.dll (.NETCoreApp,Version=v10.0)
VSTest version 18.0.2 (x64)

Starting test execution, please wait...
A total of 1 test files matched the specified pattern.
[xUnit.net 00:01:01.63]     ArturRios.Cerberus.Data.Tests.RecordUpdateStoreTests.GivenNewNativeAuthorityImmediatelyBeforeWrite_WhenUpdating_ThenConflictRatherThanUseUnheldGrant [FAIL]
  Failed ArturRios.Cerberus.Data.Tests.RecordUpdateStoreTests.GivenNewNativeAuthorityImmediatelyBeforeWrite_WhenUpdating_ThenConflictRatherThanUseUnheldGrant [30 s]
  Error Message:
   Assert.Equal() Failure: Strings differ
           ↓ (pos 0)
Expected: "revision_conflict"
Actual:   "persistence_unavailable"
           ↑ (pos 0)
  Stack Trace:
     at ArturRios.Cerberus.Data.Tests.RecordUpdateStoreTests.GivenNewNativeAuthorityImmediatelyBeforeWrite_WhenUpdating_ThenConflictRatherThanUseUnheldGrant() in /tmp/cerberus-uc19-worktree/tests/Infrastructure/ArturRios.Cerberus.Data.Tests/RecordUpdateStoreTests.cs:line 135
--- End of stack trace from previous location ---

Failed!  - Failed:     1, Passed:   103, Skipped:     0, Total:   104, Duration: 54 s - ArturRios.Cerberus.Data.Tests.dll (net10.0)
