$ dotnet test /tmp/cerberus-uc19-worktree/src/ArturRios.Cerberus.sln --collect:XPlat Code Coverage
  Determining projects to restore...
  All projects are up-to-date for restore.
  ArturRios.Cerberus.Domain -> /tmp/cerberus-uc19-worktree/src/Domain/ArturRios.Cerberus.Domain/bin/Debug/net10.0/ArturRios.Cerberus.Domain.dll
  ArturRios.Cerberus.Shared -> /tmp/cerberus-uc19-worktree/src/Application/ArturRios.Cerberus.Shared/bin/Debug/net10.0/ArturRios.Cerberus.Shared.dll
  ArturRios.Cerberus.Query -> /tmp/cerberus-uc19-worktree/src/Application/ArturRios.Cerberus.Query/bin/Debug/net10.0/ArturRios.Cerberus.Query.dll
  ArturRios.Cerberus.Data -> /tmp/cerberus-uc19-worktree/src/Infrastructure/ArturRios.Cerberus.Data/bin/Debug/net10.0/ArturRios.Cerberus.Data.dll
  ArturRios.Cerberus.Command -> /tmp/cerberus-uc19-worktree/src/Application/ArturRios.Cerberus.Command/bin/Debug/net10.0/ArturRios.Cerberus.Command.dll
  ArturRios.Cerberus.Shared.Tests -> /tmp/cerberus-uc19-worktree/tests/Application/ArturRios.Cerberus.Shared.Tests/bin/Debug/net10.0/ArturRios.Cerberus.Shared.Tests.dll
  ArturRios.Cerberus.Query.Tests -> /tmp/cerberus-uc19-worktree/tests/Application/ArturRios.Cerberus.Query.Tests/bin/Debug/net10.0/ArturRios.Cerberus.Query.Tests.dll
  ArturRios.Cerberus.Domain.Tests -> /tmp/cerberus-uc19-worktree/tests/Domain/ArturRios.Cerberus.Domain.Tests/bin/Debug/net10.0/ArturRios.Cerberus.Domain.Tests.dll
Test run for /tmp/cerberus-uc19-worktree/tests/Application/ArturRios.Cerberus.Query.Tests/bin/Debug/net10.0/ArturRios.Cerberus.Query.Tests.dll (.NETCoreApp,Version=v10.0)
Test run for /tmp/cerberus-uc19-worktree/tests/Domain/ArturRios.Cerberus.Domain.Tests/bin/Debug/net10.0/ArturRios.Cerberus.Domain.Tests.dll (.NETCoreApp,Version=v10.0)
Test run for /tmp/cerberus-uc19-worktree/tests/Application/ArturRios.Cerberus.Shared.Tests/bin/Debug/net10.0/ArturRios.Cerberus.Shared.Tests.dll (.NETCoreApp,Version=v10.0)
VSTest version 18.0.2 (x64)

VSTest version 18.0.2 (x64)

VSTest version 18.0.2 (x64)

Starting test execution, please wait...
Starting test execution, please wait...
Starting test execution, please wait...
A total of 1 test files matched the specified pattern.
A total of 1 test files matched the specified pattern.
A total of 1 test files matched the specified pattern.
  ArturRios.Cerberus.Data.Tests -> /tmp/cerberus-uc19-worktree/tests/Infrastructure/ArturRios.Cerberus.Data.Tests/bin/Debug/net10.0/ArturRios.Cerberus.Data.Tests.dll
Test run for /tmp/cerberus-uc19-worktree/tests/Infrastructure/ArturRios.Cerberus.Data.Tests/bin/Debug/net10.0/ArturRios.Cerberus.Data.Tests.dll (.NETCoreApp,Version=v10.0)
VSTest version 18.0.2 (x64)

Starting test execution, please wait...
A total of 1 test files matched the specified pattern.

Passed!  - Failed:     0, Passed:   313, Skipped:     0, Total:   313, Duration: 297 ms - ArturRios.Cerberus.Domain.Tests.dll (net10.0)

Passed!  - Failed:     0, Passed:   259, Skipped:     0, Total:   259, Duration: 434 ms - ArturRios.Cerberus.Query.Tests.dll (net10.0)

Passed!  - Failed:     0, Passed:   125, Skipped:     0, Total:   125, Duration: 454 ms - ArturRios.Cerberus.Shared.Tests.dll (net10.0)
  ArturRios.Cerberus.Command.Tests -> /tmp/cerberus-uc19-worktree/tests/Application/ArturRios.Cerberus.Command.Tests/bin/Debug/net10.0/ArturRios.Cerberus.Command.Tests.dll
Test run for /tmp/cerberus-uc19-worktree/tests/Application/ArturRios.Cerberus.Command.Tests/bin/Debug/net10.0/ArturRios.Cerberus.Command.Tests.dll (.NETCoreApp,Version=v10.0)
VSTest version 18.0.2 (x64)

Starting test execution, please wait...
A total of 1 test files matched the specified pattern.

Passed!  - Failed:     0, Passed:   567, Skipped:     0, Total:   567, Duration: 587 ms - ArturRios.Cerberus.Command.Tests.dll (net10.0)

Passed!  - Failed:     0, Passed:  1188, Skipped:     0, Total:  1188, Duration: 3 m 6 s - ArturRios.Cerberus.Data.Tests.dll (net10.0)
  ArturRios.Cerberus.WebApi -> /tmp/cerberus-uc19-worktree/src/Presentation/ArturRios.Cerberus.WebApi/bin/Debug/net10.0/ArturRios.Cerberus.WebApi.dll
  ArturRios.Cerberus.WebApi.Tests -> /tmp/cerberus-uc19-worktree/tests/Presentation/ArturRios.Cerberus.WebApi.Tests/bin/Debug/net10.0/ArturRios.Cerberus.WebApi.Tests.dll
Test run for /tmp/cerberus-uc19-worktree/tests/Presentation/ArturRios.Cerberus.WebApi.Tests/bin/Debug/net10.0/ArturRios.Cerberus.WebApi.Tests.dll (.NETCoreApp,Version=v10.0)
VSTest version 18.0.2 (x64)

Starting test execution, please wait...
A total of 1 test files matched the specified pattern.

Passed!  - Failed:     0, Passed:  1137, Skipped:     0, Total:  1137, Duration: 2 m 8 s - ArturRios.Cerberus.WebApi.Tests.dll (net10.0)

Attachments:
  /tmp/cerberus-uc19-worktree/tests/Domain/ArturRios.Cerberus.Domain.Tests/TestResults/989b67a1-69d5-4f61-86e7-2ca9dfdb1c67/coverage.cobertura.xml
  /tmp/cerberus-uc19-worktree/tests/Application/ArturRios.Cerberus.Query.Tests/TestResults/57aafb4b-62c8-4d47-ac7e-78bb723a17f0/coverage.cobertura.xml
  /tmp/cerberus-uc19-worktree/tests/Application/ArturRios.Cerberus.Shared.Tests/TestResults/169a807a-4290-4797-af19-d10f304d6e78/coverage.cobertura.xml
  /tmp/cerberus-uc19-worktree/tests/Application/ArturRios.Cerberus.Command.Tests/TestResults/6058a281-54a6-40be-b91e-83d0ed433a34/coverage.cobertura.xml
  /tmp/cerberus-uc19-worktree/tests/Infrastructure/ArturRios.Cerberus.Data.Tests/TestResults/82a3addd-21d9-499a-a859-662396cf4b64/coverage.cobertura.xml
  /tmp/cerberus-uc19-worktree/tests/Presentation/ArturRios.Cerberus.WebApi.Tests/TestResults/1f4f6fc2-08f3-43bc-9450-677a69695517/coverage.cobertura.xml
Found 6 coverage file(s)
REPORTGENERATOR_LICENSE is not set; generating with the free version
$ reportgenerator -reports:/tmp/cerberus-uc19-worktree/tests/Application/ArturRios.Cerberus.Command.Tests/TestResults/6058a281-54a6-40be-b91e-83d0ed433a34/coverage.cobertura.xml;/tmp/cerberus-uc19-worktree/tests/Application/ArturRios.Cerberus.Query.Tests/TestResults/57aafb4b-62c8-4d47-ac7e-78bb723a17f0/coverage.cobertura.xml;/tmp/cerberus-uc19-worktree/tests/Application/ArturRios.Cerberus.Shared.Tests/TestResults/169a807a-4290-4797-af19-d10f304d6e78/coverage.cobertura.xml;/tmp/cerberus-uc19-worktree/tests/Domain/ArturRios.Cerberus.Domain.Tests/TestResults/989b67a1-69d5-4f61-86e7-2ca9dfdb1c67/coverage.cobertura.xml;/tmp/cerberus-uc19-worktree/tests/Infrastructure/ArturRios.Cerberus.Data.Tests/TestResults/82a3addd-21d9-499a-a859-662396cf4b64/coverage.cobertura.xml;/tmp/cerberus-uc19-worktree/tests/Presentation/ArturRios.Cerberus.WebApi.Tests/TestResults/1f4f6fc2-08f3-43bc-9450-677a69695517/coverage.cobertura.xml -targetdir:/tmp/cerberus-uc19-worktree/docs/coverage-report -reporttypes:Html;JsonSummary -assemblyfilters:+ArturRios.Cerberus.*;-*.Tests -title:Cerberus API
2026-10-09T00:53:43: Arguments
2026-10-09T00:53:43:  -reports:/tmp/cerberus-uc19-worktree/tests/Application/ArturRios.Cerberus.Command.Tests/TestResults/6058a281-54a6-40be-b91e-83d0ed433a34/coverage.cobertura.xml;/tmp/cerberus-uc19-worktree/tests/Application/ArturRios.Cerberus.Query.Tests/TestResults/57aafb4b-62c8-4d47-ac7e-78bb723a17f0/coverage.cobertura.xml;/tmp/cerberus-uc19-worktree/tests/Application/ArturRios.Cerberus.Shared.Tests/TestResults/169a807a-4290-4797-af19-d10f304d6e78/coverage.cobertura.xml;/tmp/cerberus-uc19-worktree/tests/Domain/ArturRios.Cerberus.Domain.Tests/TestResults/989b67a1-69d5-4f61-86e7-2ca9dfdb1c67/coverage.cobertura.xml;/tmp/cerberus-uc19-worktree/tests/Infrastructure/ArturRios.Cerberus.Data.Tests/TestResults/82a3addd-21d9-499a-a859-662396cf4b64/coverage.cobertura.xml;/tmp/cerberus-uc19-worktree/tests/Presentation/ArturRios.Cerberus.WebApi.Tests/TestResults/1f4f6fc2-08f3-43bc-9450-677a69695517/coverage.cobertura.xml
2026-10-09T00:53:43:  -targetdir:/tmp/cerberus-uc19-worktree/docs/coverage-report
2026-10-09T00:53:43:  -reporttypes:Html;JsonSummary
2026-10-09T00:53:43:  -assemblyfilters:+ArturRios.Cerberus.*;-*.Tests
2026-10-09T00:53:43:  -title:Cerberus API
2026-10-09T00:53:44: Writing report file '/tmp/cerberus-uc19-worktree/docs/coverage-report/index.html'
2026-10-09T00:53:44: Writing report file '/tmp/cerberus-uc19-worktree/docs/coverage-report/Summary.json'
2026-10-09T00:53:44: Report generation took 0.7 seconds

Report written to /tmp/cerberus-uc19-worktree/docs/coverage-report
Line coverage 98.3% (minimum 90.0%)
Open the HTML report at: /tmp/cerberus-uc19-worktree/docs/coverage-report/index.html
