$ dotnet test /tmp/cerberus-uc23-worktree/src/ArturRios.Cerberus.sln --collect:XPlat Code Coverage
  Determining projects to restore...
  All projects are up-to-date for restore.
  ArturRios.Cerberus.Domain -> /tmp/cerberus-uc23-worktree/src/Domain/ArturRios.Cerberus.Domain/bin/Debug/net10.0/ArturRios.Cerberus.Domain.dll
  ArturRios.Cerberus.Shared -> /tmp/cerberus-uc23-worktree/src/Application/ArturRios.Cerberus.Shared/bin/Debug/net10.0/ArturRios.Cerberus.Shared.dll
  ArturRios.Cerberus.Query -> /tmp/cerberus-uc23-worktree/src/Application/ArturRios.Cerberus.Query/bin/Debug/net10.0/ArturRios.Cerberus.Query.dll
  ArturRios.Cerberus.Data -> /tmp/cerberus-uc23-worktree/src/Infrastructure/ArturRios.Cerberus.Data/bin/Debug/net10.0/ArturRios.Cerberus.Data.dll
  ArturRios.Cerberus.Command -> /tmp/cerberus-uc23-worktree/src/Application/ArturRios.Cerberus.Command/bin/Debug/net10.0/ArturRios.Cerberus.Command.dll
  ArturRios.Cerberus.Domain.Tests -> /tmp/cerberus-uc23-worktree/tests/Domain/ArturRios.Cerberus.Domain.Tests/bin/Debug/net10.0/ArturRios.Cerberus.Domain.Tests.dll
Test run for /tmp/cerberus-uc23-worktree/tests/Domain/ArturRios.Cerberus.Domain.Tests/bin/Debug/net10.0/ArturRios.Cerberus.Domain.Tests.dll (.NETCoreApp,Version=v10.0)
  ArturRios.Cerberus.Shared.Tests -> /tmp/cerberus-uc23-worktree/tests/Application/ArturRios.Cerberus.Shared.Tests/bin/Debug/net10.0/ArturRios.Cerberus.Shared.Tests.dll
  ArturRios.Cerberus.Query.Tests -> /tmp/cerberus-uc23-worktree/tests/Application/ArturRios.Cerberus.Query.Tests/bin/Debug/net10.0/ArturRios.Cerberus.Query.Tests.dll
VSTest version 18.0.2 (x64)

Test run for /tmp/cerberus-uc23-worktree/tests/Application/ArturRios.Cerberus.Query.Tests/bin/Debug/net10.0/ArturRios.Cerberus.Query.Tests.dll (.NETCoreApp,Version=v10.0)
Test run for /tmp/cerberus-uc23-worktree/tests/Application/ArturRios.Cerberus.Shared.Tests/bin/Debug/net10.0/ArturRios.Cerberus.Shared.Tests.dll (.NETCoreApp,Version=v10.0)
VSTest version 18.0.2 (x64)

VSTest version 18.0.2 (x64)

Starting test execution, please wait...
A total of 1 test files matched the specified pattern.
Starting test execution, please wait...
A total of 1 test files matched the specified pattern.
Starting test execution, please wait...
A total of 1 test files matched the specified pattern.
  ArturRios.Cerberus.Data.Tests -> /tmp/cerberus-uc23-worktree/tests/Infrastructure/ArturRios.Cerberus.Data.Tests/bin/Debug/net10.0/ArturRios.Cerberus.Data.Tests.dll
Test run for /tmp/cerberus-uc23-worktree/tests/Infrastructure/ArturRios.Cerberus.Data.Tests/bin/Debug/net10.0/ArturRios.Cerberus.Data.Tests.dll (.NETCoreApp,Version=v10.0)
VSTest version 18.0.2 (x64)

Starting test execution, please wait...
A total of 1 test files matched the specified pattern.

Passed!  - Failed:     0, Passed:   361, Skipped:     0, Total:   361, Duration: 182 ms - ArturRios.Cerberus.Domain.Tests.dll (net10.0)

Passed!  - Failed:     0, Passed:   125, Skipped:     0, Total:   125, Duration: 355 ms - ArturRios.Cerberus.Shared.Tests.dll (net10.0)

Passed!  - Failed:     0, Passed:   259, Skipped:     0, Total:   259, Duration: 406 ms - ArturRios.Cerberus.Query.Tests.dll (net10.0)

Passed!  - Failed:     0, Passed:  1740, Skipped:     0, Total:  1740, Duration: 5 m 1 s - ArturRios.Cerberus.Data.Tests.dll (net10.0)
  ArturRios.Cerberus.WebApi -> /tmp/cerberus-uc23-worktree/src/Presentation/ArturRios.Cerberus.WebApi/bin/Debug/net10.0/ArturRios.Cerberus.WebApi.dll
  ArturRios.Cerberus.WebApi.Tests -> /tmp/cerberus-uc23-worktree/tests/Presentation/ArturRios.Cerberus.WebApi.Tests/bin/Debug/net10.0/ArturRios.Cerberus.WebApi.Tests.dll
Test run for /tmp/cerberus-uc23-worktree/tests/Presentation/ArturRios.Cerberus.WebApi.Tests/bin/Debug/net10.0/ArturRios.Cerberus.WebApi.Tests.dll (.NETCoreApp,Version=v10.0)
VSTest version 18.0.2 (x64)

Starting test execution, please wait...
  ArturRios.Cerberus.Command.Tests -> /tmp/cerberus-uc23-worktree/tests/Application/ArturRios.Cerberus.Command.Tests/bin/Debug/net10.0/ArturRios.Cerberus.Command.Tests.dll
A total of 1 test files matched the specified pattern.
Test run for /tmp/cerberus-uc23-worktree/tests/Application/ArturRios.Cerberus.Command.Tests/bin/Debug/net10.0/ArturRios.Cerberus.Command.Tests.dll (.NETCoreApp,Version=v10.0)
VSTest version 18.0.2 (x64)

Starting test execution, please wait...
A total of 1 test files matched the specified pattern.

Passed!  - Failed:     0, Passed:   841, Skipped:     0, Total:   841, Duration: 535 ms - ArturRios.Cerberus.Command.Tests.dll (net10.0)

Passed!  - Failed:     0, Passed:  1593, Skipped:     0, Total:  1593, Duration: 2 m 49 s - ArturRios.Cerberus.WebApi.Tests.dll (net10.0)

Attachments:
  /tmp/cerberus-uc23-worktree/tests/Domain/ArturRios.Cerberus.Domain.Tests/TestResults/9dbdbd88-45df-4794-a489-6fd644d91442/coverage.cobertura.xml
  /tmp/cerberus-uc23-worktree/tests/Application/ArturRios.Cerberus.Shared.Tests/TestResults/12f6e48f-7d62-4a7c-b77b-83d776c1fa5c/coverage.cobertura.xml
  /tmp/cerberus-uc23-worktree/tests/Application/ArturRios.Cerberus.Query.Tests/TestResults/373ccab3-135d-4413-9ea7-f79f172ab030/coverage.cobertura.xml
  /tmp/cerberus-uc23-worktree/tests/Infrastructure/ArturRios.Cerberus.Data.Tests/TestResults/0f27fac0-6ac5-491d-a881-a3e1d54094e4/coverage.cobertura.xml
  /tmp/cerberus-uc23-worktree/tests/Application/ArturRios.Cerberus.Command.Tests/TestResults/da447128-504f-4071-8a5d-df82d2dc3b48/coverage.cobertura.xml
  /tmp/cerberus-uc23-worktree/tests/Presentation/ArturRios.Cerberus.WebApi.Tests/TestResults/9776daa4-9a4b-4f54-820a-ced661aa4342/coverage.cobertura.xml
Found 6 coverage file(s)
REPORTGENERATOR_LICENSE is not set; generating with the free version
$ reportgenerator -reports:/tmp/cerberus-uc23-worktree/tests/Application/ArturRios.Cerberus.Command.Tests/TestResults/da447128-504f-4071-8a5d-df82d2dc3b48/coverage.cobertura.xml;/tmp/cerberus-uc23-worktree/tests/Application/ArturRios.Cerberus.Query.Tests/TestResults/373ccab3-135d-4413-9ea7-f79f172ab030/coverage.cobertura.xml;/tmp/cerberus-uc23-worktree/tests/Application/ArturRios.Cerberus.Shared.Tests/TestResults/12f6e48f-7d62-4a7c-b77b-83d776c1fa5c/coverage.cobertura.xml;/tmp/cerberus-uc23-worktree/tests/Domain/ArturRios.Cerberus.Domain.Tests/TestResults/9dbdbd88-45df-4794-a489-6fd644d91442/coverage.cobertura.xml;/tmp/cerberus-uc23-worktree/tests/Infrastructure/ArturRios.Cerberus.Data.Tests/TestResults/0f27fac0-6ac5-491d-a881-a3e1d54094e4/coverage.cobertura.xml;/tmp/cerberus-uc23-worktree/tests/Presentation/ArturRios.Cerberus.WebApi.Tests/TestResults/9776daa4-9a4b-4f54-820a-ced661aa4342/coverage.cobertura.xml -targetdir:/tmp/cerberus-uc23-worktree/docs/coverage-report -reporttypes:Html;JsonSummary -assemblyfilters:+ArturRios.Cerberus.*;-*.Tests -title:Cerberus API
2026-10-09T05:59:46: Arguments
2026-10-09T05:59:46:  -reports:/tmp/cerberus-uc23-worktree/tests/Application/ArturRios.Cerberus.Command.Tests/TestResults/da447128-504f-4071-8a5d-df82d2dc3b48/coverage.cobertura.xml;/tmp/cerberus-uc23-worktree/tests/Application/ArturRios.Cerberus.Query.Tests/TestResults/373ccab3-135d-4413-9ea7-f79f172ab030/coverage.cobertura.xml;/tmp/cerberus-uc23-worktree/tests/Application/ArturRios.Cerberus.Shared.Tests/TestResults/12f6e48f-7d62-4a7c-b77b-83d776c1fa5c/coverage.cobertura.xml;/tmp/cerberus-uc23-worktree/tests/Domain/ArturRios.Cerberus.Domain.Tests/TestResults/9dbdbd88-45df-4794-a489-6fd644d91442/coverage.cobertura.xml;/tmp/cerberus-uc23-worktree/tests/Infrastructure/ArturRios.Cerberus.Data.Tests/TestResults/0f27fac0-6ac5-491d-a881-a3e1d54094e4/coverage.cobertura.xml;/tmp/cerberus-uc23-worktree/tests/Presentation/ArturRios.Cerberus.WebApi.Tests/TestResults/9776daa4-9a4b-4f54-820a-ced661aa4342/coverage.cobertura.xml
2026-10-09T05:59:46:  -targetdir:/tmp/cerberus-uc23-worktree/docs/coverage-report
2026-10-09T05:59:46:  -reporttypes:Html;JsonSummary
2026-10-09T05:59:46:  -assemblyfilters:+ArturRios.Cerberus.*;-*.Tests
2026-10-09T05:59:46:  -title:Cerberus API
2026-10-09T05:59:47: Writing report file '/tmp/cerberus-uc23-worktree/docs/coverage-report/index.html'
2026-10-09T05:59:47: Writing report file '/tmp/cerberus-uc23-worktree/docs/coverage-report/Summary.json'
2026-10-09T05:59:47: Report generation took 0.8 seconds

Report written to /tmp/cerberus-uc23-worktree/docs/coverage-report
Line coverage 98.4% (minimum 90.0%)
Open the HTML report at: /tmp/cerberus-uc23-worktree/docs/coverage-report/index.html
