Refreshing checks status every 30 seconds. Press Ctrl+C to quit.

test	pending	0	https://github.com/artur-rios/cerberus-api/actions/runs/37891925199/job/113694544529	
branch-policy	pass	7s	https://github.com/artur-rios/cerberus-api/actions/runs/37891925406/job/113694544479	
docker	pass	38s	https://github.com/artur-rios/cerberus-api/actions/runs/37891925199/job/113694544302	
Refreshing checks status every 30 seconds. Press Ctrl+C to quit.

test	pending	0	https://github.com/artur-rios/cerberus-api/actions/runs/37891925199/job/113694544529	
branch-policy	pass	7s	https://github.com/artur-rios/cerberus-api/actions/runs/37891925406/job/113694544479	
docker	pass	38s	https://github.com/artur-rios/cerberus-api/actions/runs/37891925199/job/113694544302	
Refreshing checks status every 30 seconds. Press Ctrl+C to quit.

test	pending	0	https://github.com/artur-rios/cerberus-api/actions/runs/37891925199/job/113694544529	
branch-policy	pass	7s	https://github.com/artur-rios/cerberus-api/actions/runs/37891925406/job/113694544479	
docker	pass	38s	https://github.com/artur-rios/cerberus-api/actions/runs/37891925199/job/113694544302	
Refreshing checks status every 30 seconds. Press Ctrl+C to quit.

test	pending	0	https://github.com/artur-rios/cerberus-api/actions/runs/37891925199/job/113694544529	
branch-policy	pass	7s	https://github.com/artur-rios/cerberus-api/actions/runs/37891925406/job/113694544479	
docker	pass	38s	https://github.com/artur-rios/cerberus-api/actions/runs/37891925199/job/113694544302	
Refreshing checks status every 30 seconds. Press Ctrl+C to quit.

test	pending	0	https://github.com/artur-rios/cerberus-api/actions/runs/37891925199/job/113694544529	
branch-policy	pass	7s	https://github.com/artur-rios/cerberus-api/actions/runs/37891925406/job/113694544479	
docker	pass	38s	https://github.com/artur-rios/cerberus-api/actions/runs/37891925199/job/113694544302	
Refreshing checks status every 30 seconds. Press Ctrl+C to quit.

test	pending	0	https://github.com/artur-rios/cerberus-api/actions/runs/37891925199/job/113694544529	
branch-policy	pass	7s	https://github.com/artur-rios/cerberus-api/actions/runs/37891925406/job/113694544479	
docker	pass	38s	https://github.com/artur-rios/cerberus-api/actions/runs/37891925199/job/113694544302	
Refreshing checks status every 30 seconds. Press Ctrl+C to quit.

test	pending	0	https://github.com/artur-rios/cerberus-api/actions/runs/37891925199/job/113694544529	
branch-policy	pass	7s	https://github.com/artur-rios/cerberus-api/actions/runs/37891925406/job/113694544479	
docker	pass	38s	https://github.com/artur-rios/cerberus-api/actions/runs/37891925199/job/113694544302	
Refreshing checks status every 30 seconds. Press Ctrl+C to quit.

test	pending	0	https://github.com/artur-rios/cerberus-api/actions/runs/37891925199/job/113694544529	
branch-policy	pass	7s	https://github.com/artur-rios/cerberus-api/actions/runs/37891925406/job/113694544479	
docker	pass	38s	https://github.com/artur-rios/cerberus-api/actions/runs/37891925199/job/113694544302	
Refreshing checks status every 30 seconds. Press Ctrl+C to quit.

test	pending	0	https://github.com/artur-rios/cerberus-api/actions/runs/37891925199/job/113694544529	
branch-policy	pass	7s	https://github.com/artur-rios/cerberus-api/actions/runs/37891925406/job/113694544479	
docker	pass	38s	https://github.com/artur-rios/cerberus-api/actions/runs/37891925199/job/113694544302	
Refreshing checks status every 30 seconds. Press Ctrl+C to quit.

test	pending	0	https://github.com/artur-rios/cerberus-api/actions/runs/37891925199/job/113694544529	
branch-policy	pass	7s	https://github.com/artur-rios/cerberus-api/actions/runs/37891925406/job/113694544479	
docker	pass	38s	https://github.com/artur-rios/cerberus-api/actions/runs/37891925199/job/113694544302	
Refreshing checks status every 30 seconds. Press Ctrl+C to quit.

test	pending	0	https://github.com/artur-rios/cerberus-api/actions/runs/37891925199/job/113694544529	
branch-policy	pass	7s	https://github.com/artur-rios/cerberus-api/actions/runs/37891925406/job/113694544479	
docker	pass	38s	https://github.com/artur-rios/cerberus-api/actions/runs/37891925199/job/113694544302	
Refreshing checks status every 30 seconds. Press Ctrl+C to quit.

test	pending	0	https://github.com/artur-rios/cerberus-api/actions/runs/37891925199/job/113694544529	
branch-policy	pass	7s	https://github.com/artur-rios/cerberus-api/actions/runs/37891925406/job/113694544479	
docker	pass	38s	https://github.com/artur-rios/cerberus-api/actions/runs/37891925199/job/113694544302	
Refreshing checks status every 30 seconds. Press Ctrl+C to quit.

test	pending	0	https://github.com/artur-rios/cerberus-api/actions/runs/37891925199/job/113694544529	
branch-policy	pass	7s	https://github.com/artur-rios/cerberus-api/actions/runs/37891925406/job/113694544479	
docker	pass	38s	https://github.com/artur-rios/cerberus-api/actions/runs/37891925199/job/113694544302	
Refreshing checks status every 30 seconds. Press Ctrl+C to quit.

test	pending	0	https://github.com/artur-rios/cerberus-api/actions/runs/37891925199/job/113694544529	
branch-policy	pass	7s	https://github.com/artur-rios/cerberus-api/actions/runs/37891925406/job/113694544479	
docker	pass	38s	https://github.com/artur-rios/cerberus-api/actions/runs/37891925199/job/113694544302	
Refreshing checks status every 30 seconds. Press Ctrl+C to quit.

test	pending	0	https://github.com/artur-rios/cerberus-api/actions/runs/37891925199/job/113694544529	
branch-policy	pass	7s	https://github.com/artur-rios/cerberus-api/actions/runs/37891925406/job/113694544479	
docker	pass	38s	https://github.com/artur-rios/cerberus-api/actions/runs/37891925199/job/113694544302	
Refreshing checks status every 30 seconds. Press Ctrl+C to quit.

test	pending	0	https://github.com/artur-rios/cerberus-api/actions/runs/37891925199/job/113694544529	
branch-policy	pass	7s	https://github.com/artur-rios/cerberus-api/actions/runs/37891925406/job/113694544479	
docker	pass	38s	https://github.com/artur-rios/cerberus-api/actions/runs/37891925199/job/113694544302	
Refreshing checks status every 30 seconds. Press Ctrl+C to quit.

test	pending	0	https://github.com/artur-rios/cerberus-api/actions/runs/37891925199/job/113694544529	
branch-policy	pass	7s	https://github.com/artur-rios/cerberus-api/actions/runs/37891925406/job/113694544479	
docker	pass	38s	https://github.com/artur-rios/cerberus-api/actions/runs/37891925199/job/113694544302	
Refreshing checks status every 30 seconds. Press Ctrl+C to quit.

test	pending	0	https://github.com/artur-rios/cerberus-api/actions/runs/37891925199/job/113694544529	
branch-policy	pass	7s	https://github.com/artur-rios/cerberus-api/actions/runs/37891925406/job/113694544479	
docker	pass	38s	https://github.com/artur-rios/cerberus-api/actions/runs/37891925199/job/113694544302	
Refreshing checks status every 30 seconds. Press Ctrl+C to quit.

test	pending	0	https://github.com/artur-rios/cerberus-api/actions/runs/37891925199/job/113694544529	
branch-policy	pass	7s	https://github.com/artur-rios/cerberus-api/actions/runs/37891925406/job/113694544479	
docker	pass	38s	https://github.com/artur-rios/cerberus-api/actions/runs/37891925199/job/113694544302	
Refreshing checks status every 30 seconds. Press Ctrl+C to quit.

test	pending	0	https://github.com/artur-rios/cerberus-api/actions/runs/37891925199/job/113694544529	
branch-policy	pass	7s	https://github.com/artur-rios/cerberus-api/actions/runs/37891925406/job/113694544479	
docker	pass	38s	https://github.com/artur-rios/cerberus-api/actions/runs/37891925199/job/113694544302	
branch-policy	pass	7s	https://github.com/artur-rios/cerberus-api/actions/runs/37891925406/job/113694544479	
docker	pass	38s	https://github.com/artur-rios/cerberus-api/actions/runs/37891925199/job/113694544302	
test	pass	13m27s	https://github.com/artur-rios/cerberus-api/actions/runs/37891925199/job/113694544529	
branch-policy	pass	7s	https://github.com/artur-rios/cerberus-api/actions/runs/37891925406/job/113694544479	
docker	pass	38s	https://github.com/artur-rios/cerberus-api/actions/runs/37891925199/job/113694544302	
test	pass	13m27s	https://github.com/artur-rios/cerberus-api/actions/runs/37891925199/job/113694544529	
