$ dotnet test /tmp/cerberus-uc15-worktree/src/ArturRios.Cerberus.sln --collect:XPlat Code Coverage
  Determining projects to restore...
  All projects are up-to-date for restore.
  ArturRios.Cerberus.Domain -> /tmp/cerberus-uc15-worktree/src/Domain/ArturRios.Cerberus.Domain/bin/Debug/net10.0/ArturRios.Cerberus.Domain.dll
  ArturRios.Cerberus.Shared -> /tmp/cerberus-uc15-worktree/src/Application/ArturRios.Cerberus.Shared/bin/Debug/net10.0/ArturRios.Cerberus.Shared.dll
  ArturRios.Cerberus.Command -> /tmp/cerberus-uc15-worktree/src/Application/ArturRios.Cerberus.Command/bin/Debug/net10.0/ArturRios.Cerberus.Command.dll
  ArturRios.Cerberus.Data -> /tmp/cerberus-uc15-worktree/src/Infrastructure/ArturRios.Cerberus.Data/bin/Debug/net10.0/ArturRios.Cerberus.Data.dll
  ArturRios.Cerberus.Query -> /tmp/cerberus-uc15-worktree/src/Application/ArturRios.Cerberus.Query/bin/Debug/net10.0/ArturRios.Cerberus.Query.dll
  ArturRios.Cerberus.Domain.Tests -> /tmp/cerberus-uc15-worktree/tests/Domain/ArturRios.Cerberus.Domain.Tests/bin/Debug/net10.0/ArturRios.Cerberus.Domain.Tests.dll
Test run for /tmp/cerberus-uc15-worktree/tests/Domain/ArturRios.Cerberus.Domain.Tests/bin/Debug/net10.0/ArturRios.Cerberus.Domain.Tests.dll (.NETCoreApp,Version=v10.0)
VSTest version 18.0.2 (x64)

Starting test execution, please wait...
A total of 1 test files matched the specified pattern.
  ArturRios.Cerberus.Shared.Tests -> /tmp/cerberus-uc15-worktree/tests/Application/ArturRios.Cerberus.Shared.Tests/bin/Debug/net10.0/ArturRios.Cerberus.Shared.Tests.dll
  ArturRios.Cerberus.Command.Tests -> /tmp/cerberus-uc15-worktree/tests/Application/ArturRios.Cerberus.Command.Tests/bin/Debug/net10.0/ArturRios.Cerberus.Command.Tests.dll
Test run for /tmp/cerberus-uc15-worktree/tests/Application/ArturRios.Cerberus.Shared.Tests/bin/Debug/net10.0/ArturRios.Cerberus.Shared.Tests.dll (.NETCoreApp,Version=v10.0)
Test run for /tmp/cerberus-uc15-worktree/tests/Application/ArturRios.Cerberus.Command.Tests/bin/Debug/net10.0/ArturRios.Cerberus.Command.Tests.dll (.NETCoreApp,Version=v10.0)
VSTest version 18.0.2 (x64)

  ArturRios.Cerberus.Query.Tests -> /tmp/cerberus-uc15-worktree/tests/Application/ArturRios.Cerberus.Query.Tests/bin/Debug/net10.0/ArturRios.Cerberus.Query.Tests.dll
Test run for /tmp/cerberus-uc15-worktree/tests/Application/ArturRios.Cerberus.Query.Tests/bin/Debug/net10.0/ArturRios.Cerberus.Query.Tests.dll (.NETCoreApp,Version=v10.0)
VSTest version 18.0.2 (x64)

Starting test execution, please wait...
A total of 1 test files matched the specified pattern.
VSTest version 18.0.2 (x64)

Starting test execution, please wait...
A total of 1 test files matched the specified pattern.
Starting test execution, please wait...
A total of 1 test files matched the specified pattern.

Passed!  - Failed:     0, Passed:   267, Skipped:     0, Total:   267, Duration: 255 ms - ArturRios.Cerberus.Domain.Tests.dll (net10.0)

Passed!  - Failed:     0, Passed:   109, Skipped:     0, Total:   109, Duration: 152 ms - ArturRios.Cerberus.Query.Tests.dll (net10.0)

Passed!  - Failed:     0, Passed:   125, Skipped:     0, Total:   125, Duration: 302 ms - ArturRios.Cerberus.Shared.Tests.dll (net10.0)
  ArturRios.Cerberus.Data.Tests -> /tmp/cerberus-uc15-worktree/tests/Infrastructure/ArturRios.Cerberus.Data.Tests/bin/Debug/net10.0/ArturRios.Cerberus.Data.Tests.dll
Test run for /tmp/cerberus-uc15-worktree/tests/Infrastructure/ArturRios.Cerberus.Data.Tests/bin/Debug/net10.0/ArturRios.Cerberus.Data.Tests.dll (.NETCoreApp,Version=v10.0)
  ArturRios.Cerberus.WebApi -> /tmp/cerberus-uc15-worktree/src/Presentation/ArturRios.Cerberus.WebApi/bin/Debug/net10.0/ArturRios.Cerberus.WebApi.dll
VSTest version 18.0.2 (x64)

Starting test execution, please wait...
A total of 1 test files matched the specified pattern.
  ArturRios.Cerberus.WebApi.Tests -> /tmp/cerberus-uc15-worktree/tests/Presentation/ArturRios.Cerberus.WebApi.Tests/bin/Debug/net10.0/ArturRios.Cerberus.WebApi.Tests.dll
Test run for /tmp/cerberus-uc15-worktree/tests/Presentation/ArturRios.Cerberus.WebApi.Tests/bin/Debug/net10.0/ArturRios.Cerberus.WebApi.Tests.dll (.NETCoreApp,Version=v10.0)
VSTest version 18.0.2 (x64)


Starting test execution, please wait...
Passed!  - Failed:     0, Passed:   440, Skipped:     0, Total:   440, Duration: 783 ms - ArturRios.Cerberus.Command.Tests.dll (net10.0)
A total of 1 test files matched the specified pattern.

Passed!  - Failed:     0, Passed:   821, Skipped:     0, Total:   821, Duration: 1 m 45 s - ArturRios.Cerberus.WebApi.Tests.dll (net10.0)

Passed!  - Failed:     0, Passed:   787, Skipped:     0, Total:   787, Duration: 2 m 41 s - ArturRios.Cerberus.Data.Tests.dll (net10.0)

Attachments:
  /tmp/cerberus-uc15-worktree/tests/Domain/ArturRios.Cerberus.Domain.Tests/TestResults/ce907cea-9be0-4023-a77f-40ff11134621/coverage.cobertura.xml
  /tmp/cerberus-uc15-worktree/tests/Application/ArturRios.Cerberus.Query.Tests/TestResults/282f4a9c-431d-418e-a1ee-3ff9b92fbdec/coverage.cobertura.xml
  /tmp/cerberus-uc15-worktree/tests/Application/ArturRios.Cerberus.Shared.Tests/TestResults/640c55ee-9462-455f-98fa-c08c8d8e59e7/coverage.cobertura.xml
  /tmp/cerberus-uc15-worktree/tests/Application/ArturRios.Cerberus.Command.Tests/TestResults/70062c6c-4b8d-4cdb-a602-174c761a9c3b/coverage.cobertura.xml
  /tmp/cerberus-uc15-worktree/tests/Presentation/ArturRios.Cerberus.WebApi.Tests/TestResults/576263b4-8b46-491a-bf12-e512d45ed210/coverage.cobertura.xml
  /tmp/cerberus-uc15-worktree/tests/Infrastructure/ArturRios.Cerberus.Data.Tests/TestResults/a850b9fa-e138-42f6-a5ab-3ed2c2be5b0d/coverage.cobertura.xml
Found 6 coverage file(s)
REPORTGENERATOR_LICENSE is not set; generating with the free version
$ reportgenerator -reports:/tmp/cerberus-uc15-worktree/tests/Application/ArturRios.Cerberus.Command.Tests/TestResults/70062c6c-4b8d-4cdb-a602-174c761a9c3b/coverage.cobertura.xml;/tmp/cerberus-uc15-worktree/tests/Application/ArturRios.Cerberus.Query.Tests/TestResults/282f4a9c-431d-418e-a1ee-3ff9b92fbdec/coverage.cobertura.xml;/tmp/cerberus-uc15-worktree/tests/Application/ArturRios.Cerberus.Shared.Tests/TestResults/640c55ee-9462-455f-98fa-c08c8d8e59e7/coverage.cobertura.xml;/tmp/cerberus-uc15-worktree/tests/Domain/ArturRios.Cerberus.Domain.Tests/TestResults/ce907cea-9be0-4023-a77f-40ff11134621/coverage.cobertura.xml;/tmp/cerberus-uc15-worktree/tests/Infrastructure/ArturRios.Cerberus.Data.Tests/TestResults/a850b9fa-e138-42f6-a5ab-3ed2c2be5b0d/coverage.cobertura.xml;/tmp/cerberus-uc15-worktree/tests/Presentation/ArturRios.Cerberus.WebApi.Tests/TestResults/576263b4-8b46-491a-bf12-e512d45ed210/coverage.cobertura.xml -targetdir:/tmp/cerberus-uc15-worktree/docs/coverage-report -reporttypes:Html;JsonSummary -assemblyfilters:+ArturRios.Cerberus.*;-*.Tests -title:Cerberus API
2026-10-08T21:50:48: Arguments
2026-10-08T21:50:48:  -reports:/tmp/cerberus-uc15-worktree/tests/Application/ArturRios.Cerberus.Command.Tests/TestResults/70062c6c-4b8d-4cdb-a602-174c761a9c3b/coverage.cobertura.xml;/tmp/cerberus-uc15-worktree/tests/Application/ArturRios.Cerberus.Query.Tests/TestResults/282f4a9c-431d-418e-a1ee-3ff9b92fbdec/coverage.cobertura.xml;/tmp/cerberus-uc15-worktree/tests/Application/ArturRios.Cerberus.Shared.Tests/TestResults/640c55ee-9462-455f-98fa-c08c8d8e59e7/coverage.cobertura.xml;/tmp/cerberus-uc15-worktree/tests/Domain/ArturRios.Cerberus.Domain.Tests/TestResults/ce907cea-9be0-4023-a77f-40ff11134621/coverage.cobertura.xml;/tmp/cerberus-uc15-worktree/tests/Infrastructure/ArturRios.Cerberus.Data.Tests/TestResults/a850b9fa-e138-42f6-a5ab-3ed2c2be5b0d/coverage.cobertura.xml;/tmp/cerberus-uc15-worktree/tests/Presentation/ArturRios.Cerberus.WebApi.Tests/TestResults/576263b4-8b46-491a-bf12-e512d45ed210/coverage.cobertura.xml
2026-10-08T21:50:48:  -targetdir:/tmp/cerberus-uc15-worktree/docs/coverage-report
2026-10-08T21:50:48:  -reporttypes:Html;JsonSummary
2026-10-08T21:50:48:  -assemblyfilters:+ArturRios.Cerberus.*;-*.Tests
2026-10-08T21:50:48:  -title:Cerberus API
2026-10-08T21:50:48: Writing report file '/tmp/cerberus-uc15-worktree/docs/coverage-report/index.html'
2026-10-08T21:50:48: Writing report file '/tmp/cerberus-uc15-worktree/docs/coverage-report/Summary.json'
2026-10-08T21:50:48: Report generation took 0.7 seconds

Report written to /tmp/cerberus-uc15-worktree/docs/coverage-report
Line coverage 98.1% (minimum 90.0%)
Open the HTML report at: /tmp/cerberus-uc15-worktree/docs/coverage-report/index.html
