  ArturRios.Cerberus.Domain -> /tmp/cerberus-uc15-worktree/src/Domain/ArturRios.Cerberus.Domain/bin/Debug/net10.0/ArturRios.Cerberus.Domain.dll
  ArturRios.Cerberus.Shared -> /tmp/cerberus-uc15-worktree/src/Application/ArturRios.Cerberus.Shared/bin/Debug/net10.0/ArturRios.Cerberus.Shared.dll
  ArturRios.Cerberus.Query -> /tmp/cerberus-uc15-worktree/src/Application/ArturRios.Cerberus.Query/bin/Debug/net10.0/ArturRios.Cerberus.Query.dll
  ArturRios.Cerberus.Command -> /tmp/cerberus-uc15-worktree/src/Application/ArturRios.Cerberus.Command/bin/Debug/net10.0/ArturRios.Cerberus.Command.dll
  ArturRios.Cerberus.Data -> /tmp/cerberus-uc15-worktree/src/Infrastructure/ArturRios.Cerberus.Data/bin/Debug/net10.0/ArturRios.Cerberus.Data.dll
  ArturRios.Cerberus.WebApi -> /tmp/cerberus-uc15-worktree/src/Presentation/ArturRios.Cerberus.WebApi/bin/Debug/net10.0/ArturRios.Cerberus.WebApi.dll
  ArturRios.Cerberus.WebApi.Tests -> /tmp/cerberus-uc15-worktree/tests/Presentation/ArturRios.Cerberus.WebApi.Tests/bin/Debug/net10.0/ArturRios.Cerberus.WebApi.Tests.dll
Test run for /tmp/cerberus-uc15-worktree/tests/Presentation/ArturRios.Cerberus.WebApi.Tests/bin/Debug/net10.0/ArturRios.Cerberus.WebApi.Tests.dll (.NETCoreApp,Version=v10.0)
VSTest version 18.0.2 (x64)

Starting test execution, please wait...
A total of 1 test files matched the specified pattern.
[xUnit.net 00:00:10.51]     ArturRios.Cerberus.WebApi.Tests.ProfileAccessHttpTests.GivenNativeProfileAndCurrentIdentity_WhenOpeningWithoutPriorHandle_ThenIssueOnlySelectedHashedAccess(mode: "PerProfile", renewal: True) [FAIL]
  Failed ArturRios.Cerberus.WebApi.Tests.ProfileAccessHttpTests.GivenNativeProfileAndCurrentIdentity_WhenOpeningWithoutPriorHandle_ThenIssueOnlySelectedHashedAccess(mode: "PerProfile", renewal: True) [2 s]
  Error Message:
   Assert.Equal() Failure: Values differ
Expected: Created
Actual:   NotFound
  Stack Trace:
     at ArturRios.Cerberus.WebApi.Tests.ProfileAccessHttpTests.Success[T](HttpResponseMessage r, Int32 status) in /tmp/cerberus-uc15-worktree/tests/Presentation/ArturRios.Cerberus.WebApi.Tests/ProfileAccessHttpTests.cs:line 118
   at ArturRios.Cerberus.WebApi.Tests.ProfileAccessHttpTests.Challenge(State s, Guid id) in /tmp/cerberus-uc15-worktree/tests/Presentation/ArturRios.Cerberus.WebApi.Tests/ProfileAccessHttpTests.cs:line 115
   at ArturRios.Cerberus.WebApi.Tests.ProfileAccessHttpTests.GivenNativeProfileAndCurrentIdentity_WhenOpeningWithoutPriorHandle_ThenIssueOnlySelectedHashedAccess(String mode, Boolean renewal) in /tmp/cerberus-uc15-worktree/tests/Presentation/ArturRios.Cerberus.WebApi.Tests/ProfileAccessHttpTests.cs:line 34
--- End of stack trace from previous location ---
[xUnit.net 00:00:10.76]     ArturRios.Cerberus.WebApi.Tests.ProfileAccessHttpTests.GivenNativeProfileAndCurrentIdentity_WhenOpeningWithoutPriorHandle_ThenIssueOnlySelectedHashedAccess(mode: "Master", renewal: True) [FAIL]
[xUnit.net 00:00:10.91]     ArturRios.Cerberus.WebApi.Tests.ProfileAccessHttpTests.GivenNativeProfileAndCurrentIdentity_WhenOpeningWithoutPriorHandle_ThenIssueOnlySelectedHashedAccess(mode: "Master", renewal: False) [FAIL]
[xUnit.net 00:00:11.04]     ArturRios.Cerberus.WebApi.Tests.ProfileAccessHttpTests.GivenNativeProfileAndCurrentIdentity_WhenOpeningWithoutPriorHandle_ThenIssueOnlySelectedHashedAccess(mode: "PerProfile", renewal: False) [FAIL]
  Failed ArturRios.Cerberus.WebApi.Tests.ProfileAccessHttpTests.GivenNativeProfileAndCurrentIdentity_WhenOpeningWithoutPriorHandle_ThenIssueOnlySelectedHashedAccess(mode: "Master", renewal: True) [248 ms]
  Error Message:
   Assert.Equal() Failure: Values differ
Expected: Created
Actual:   NotFound
  Stack Trace:
     at ArturRios.Cerberus.WebApi.Tests.ProfileAccessHttpTests.Success[T](HttpResponseMessage r, Int32 status) in /tmp/cerberus-uc15-worktree/tests/Presentation/ArturRios.Cerberus.WebApi.Tests/ProfileAccessHttpTests.cs:line 118
   at ArturRios.Cerberus.WebApi.Tests.ProfileAccessHttpTests.Challenge(State s, Guid id) in /tmp/cerberus-uc15-worktree/tests/Presentation/ArturRios.Cerberus.WebApi.Tests/ProfileAccessHttpTests.cs:line 115
   at ArturRios.Cerberus.WebApi.Tests.ProfileAccessHttpTests.GivenNativeProfileAndCurrentIdentity_WhenOpeningWithoutPriorHandle_ThenIssueOnlySelectedHashedAccess(String mode, Boolean renewal) in /tmp/cerberus-uc15-worktree/tests/Presentation/ArturRios.Cerberus.WebApi.Tests/ProfileAccessHttpTests.cs:line 34
--- End of stack trace from previous location ---
  Failed ArturRios.Cerberus.WebApi.Tests.ProfileAccessHttpTests.GivenNativeProfileAndCurrentIdentity_WhenOpeningWithoutPriorHandle_ThenIssueOnlySelectedHashedAccess(mode: "Master", renewal: False) [151 ms]
  Error Message:
   Assert.Equal() Failure: Values differ
Expected: Created
Actual:   NotFound
  Stack Trace:
     at ArturRios.Cerberus.WebApi.Tests.ProfileAccessHttpTests.Success[T](HttpResponseMessage r, Int32 status) in /tmp/cerberus-uc15-worktree/tests/Presentation/ArturRios.Cerberus.WebApi.Tests/ProfileAccessHttpTests.cs:line 118
   at ArturRios.Cerberus.WebApi.Tests.ProfileAccessHttpTests.Challenge(State s, Guid id) in /tmp/cerberus-uc15-worktree/tests/Presentation/ArturRios.Cerberus.WebApi.Tests/ProfileAccessHttpTests.cs:line 115
   at ArturRios.Cerberus.WebApi.Tests.ProfileAccessHttpTests.GivenNativeProfileAndCurrentIdentity_WhenOpeningWithoutPriorHandle_ThenIssueOnlySelectedHashedAccess(String mode, Boolean renewal) in /tmp/cerberus-uc15-worktree/tests/Presentation/ArturRios.Cerberus.WebApi.Tests/ProfileAccessHttpTests.cs:line 34
--- End of stack trace from previous location ---
  Failed ArturRios.Cerberus.WebApi.Tests.ProfileAccessHttpTests.GivenNativeProfileAndCurrentIdentity_WhenOpeningWithoutPriorHandle_ThenIssueOnlySelectedHashedAccess(mode: "PerProfile", renewal: False) [132 ms]
  Error Message:
   Assert.Equal() Failure: Values differ
Expected: Created
Actual:   NotFound
  Stack Trace:
     at ArturRios.Cerberus.WebApi.Tests.ProfileAccessHttpTests.Success[T](HttpResponseMessage r, Int32 status) in /tmp/cerberus-uc15-worktree/tests/Presentation/ArturRios.Cerberus.WebApi.Tests/ProfileAccessHttpTests.cs:line 118
   at ArturRios.Cerberus.WebApi.Tests.ProfileAccessHttpTests.Challenge(State s, Guid id) in /tmp/cerberus-uc15-worktree/tests/Presentation/ArturRios.Cerberus.WebApi.Tests/ProfileAccessHttpTests.cs:line 115
   at ArturRios.Cerberus.WebApi.Tests.ProfileAccessHttpTests.GivenNativeProfileAndCurrentIdentity_WhenOpeningWithoutPriorHandle_ThenIssueOnlySelectedHashedAccess(String mode, Boolean renewal) in /tmp/cerberus-uc15-worktree/tests/Presentation/ArturRios.Cerberus.WebApi.Tests/ProfileAccessHttpTests.cs:line 34
--- End of stack trace from previous location ---

Failed!  - Failed:     4, Passed:     0, Skipped:     0, Total:     4, Duration: 2 s - ArturRios.Cerberus.WebApi.Tests.dll (net10.0)
