$ dotnet test /tmp/cerberus-uc16-worktree/src/ArturRios.Cerberus.sln --collect:XPlat Code Coverage
  Determining projects to restore...
  All projects are up-to-date for restore.
  ArturRios.Cerberus.Domain -> /tmp/cerberus-uc16-worktree/src/Domain/ArturRios.Cerberus.Domain/bin/Debug/net10.0/ArturRios.Cerberus.Domain.dll
  ArturRios.Cerberus.Shared -> /tmp/cerberus-uc16-worktree/src/Application/ArturRios.Cerberus.Shared/bin/Debug/net10.0/ArturRios.Cerberus.Shared.dll
  ArturRios.Cerberus.Command -> /tmp/cerberus-uc16-worktree/src/Application/ArturRios.Cerberus.Command/bin/Debug/net10.0/ArturRios.Cerberus.Command.dll
  ArturRios.Cerberus.Query -> /tmp/cerberus-uc16-worktree/src/Application/ArturRios.Cerberus.Query/bin/Debug/net10.0/ArturRios.Cerberus.Query.dll
  ArturRios.Cerberus.Data -> /tmp/cerberus-uc16-worktree/src/Infrastructure/ArturRios.Cerberus.Data/bin/Debug/net10.0/ArturRios.Cerberus.Data.dll
  ArturRios.Cerberus.Domain.Tests -> /tmp/cerberus-uc16-worktree/tests/Domain/ArturRios.Cerberus.Domain.Tests/bin/Debug/net10.0/ArturRios.Cerberus.Domain.Tests.dll
  ArturRios.Cerberus.Shared.Tests -> /tmp/cerberus-uc16-worktree/tests/Application/ArturRios.Cerberus.Shared.Tests/bin/Debug/net10.0/ArturRios.Cerberus.Shared.Tests.dll
  ArturRios.Cerberus.Query.Tests -> /tmp/cerberus-uc16-worktree/tests/Application/ArturRios.Cerberus.Query.Tests/bin/Debug/net10.0/ArturRios.Cerberus.Query.Tests.dll
Test run for /tmp/cerberus-uc16-worktree/tests/Domain/ArturRios.Cerberus.Domain.Tests/bin/Debug/net10.0/ArturRios.Cerberus.Domain.Tests.dll (.NETCoreApp,Version=v10.0)
  ArturRios.Cerberus.Command.Tests -> /tmp/cerberus-uc16-worktree/tests/Application/ArturRios.Cerberus.Command.Tests/bin/Debug/net10.0/ArturRios.Cerberus.Command.Tests.dll
VSTest version 18.0.2 (x64)
Test run for /tmp/cerberus-uc16-worktree/tests/Application/ArturRios.Cerberus.Query.Tests/bin/Debug/net10.0/ArturRios.Cerberus.Query.Tests.dll (.NETCoreApp,Version=v10.0)
Test run for /tmp/cerberus-uc16-worktree/tests/Application/ArturRios.Cerberus.Shared.Tests/bin/Debug/net10.0/ArturRios.Cerberus.Shared.Tests.dll (.NETCoreApp,Version=v10.0)

Test run for /tmp/cerberus-uc16-worktree/tests/Application/ArturRios.Cerberus.Command.Tests/bin/Debug/net10.0/ArturRios.Cerberus.Command.Tests.dll (.NETCoreApp,Version=v10.0)
VSTest version 18.0.2 (x64)

VSTest version 18.0.2 (x64)
VSTest version 18.0.2 (x64)


Starting test execution, please wait...
A total of 1 test files matched the specified pattern.
Starting test execution, please wait...
Starting test execution, please wait...
Starting test execution, please wait...
A total of 1 test files matched the specified pattern.
A total of 1 test files matched the specified pattern.
A total of 1 test files matched the specified pattern.

Passed!  - Failed:     0, Passed:   313, Skipped:     0, Total:   313, Duration: 387 ms - ArturRios.Cerberus.Domain.Tests.dll (net10.0)

Passed!  - Failed:     0, Passed:   125, Skipped:     0, Total:   125, Duration: 576 ms - ArturRios.Cerberus.Shared.Tests.dll (net10.0)

Passed!  - Failed:     0, Passed:   109, Skipped:     0, Total:   109, Duration: 296 ms - ArturRios.Cerberus.Query.Tests.dll (net10.0)

Passed!  - Failed:     0, Passed:   496, Skipped:     0, Total:   496, Duration: 1 s - ArturRios.Cerberus.Command.Tests.dll (net10.0)
  ArturRios.Cerberus.Data.Tests -> /tmp/cerberus-uc16-worktree/tests/Infrastructure/ArturRios.Cerberus.Data.Tests/bin/Debug/net10.0/ArturRios.Cerberus.Data.Tests.dll
Test run for /tmp/cerberus-uc16-worktree/tests/Infrastructure/ArturRios.Cerberus.Data.Tests/bin/Debug/net10.0/ArturRios.Cerberus.Data.Tests.dll (.NETCoreApp,Version=v10.0)
  ArturRios.Cerberus.WebApi -> /tmp/cerberus-uc16-worktree/src/Presentation/ArturRios.Cerberus.WebApi/bin/Debug/net10.0/ArturRios.Cerberus.WebApi.dll
VSTest version 18.0.2 (x64)

Starting test execution, please wait...
A total of 1 test files matched the specified pattern.
  ArturRios.Cerberus.WebApi.Tests -> /tmp/cerberus-uc16-worktree/tests/Presentation/ArturRios.Cerberus.WebApi.Tests/bin/Debug/net10.0/ArturRios.Cerberus.WebApi.Tests.dll
Test run for /tmp/cerberus-uc16-worktree/tests/Presentation/ArturRios.Cerberus.WebApi.Tests/bin/Debug/net10.0/ArturRios.Cerberus.WebApi.Tests.dll (.NETCoreApp,Version=v10.0)
VSTest version 18.0.2 (x64)

Starting test execution, please wait...
A total of 1 test files matched the specified pattern.

Passed!  - Failed:     0, Passed:   919, Skipped:     0, Total:   919, Duration: 1 m 47 s - ArturRios.Cerberus.WebApi.Tests.dll (net10.0)

Passed!  - Failed:     0, Passed:   870, Skipped:     0, Total:   870, Duration: 2 m 52 s - ArturRios.Cerberus.Data.Tests.dll (net10.0)

Attachments:
  /tmp/cerberus-uc16-worktree/tests/Domain/ArturRios.Cerberus.Domain.Tests/TestResults/46ee1ea6-3602-4cca-9e9f-d7d905b7e7a0/coverage.cobertura.xml
  /tmp/cerberus-uc16-worktree/tests/Application/ArturRios.Cerberus.Shared.Tests/TestResults/61e105b7-c40c-42e2-8ccf-03e7b3bef558/coverage.cobertura.xml
  /tmp/cerberus-uc16-worktree/tests/Application/ArturRios.Cerberus.Query.Tests/TestResults/a6a738a6-fd60-4e4f-ac86-f803e3fdcef6/coverage.cobertura.xml
  /tmp/cerberus-uc16-worktree/tests/Application/ArturRios.Cerberus.Command.Tests/TestResults/d7290534-e24c-4bc4-a930-f192c4b1186e/coverage.cobertura.xml
  /tmp/cerberus-uc16-worktree/tests/Presentation/ArturRios.Cerberus.WebApi.Tests/TestResults/4ca0334a-4597-4388-98ea-f331529746a3/coverage.cobertura.xml
  /tmp/cerberus-uc16-worktree/tests/Infrastructure/ArturRios.Cerberus.Data.Tests/TestResults/733c06ec-a3ff-4232-bfbf-cc58ae0704d3/coverage.cobertura.xml
Found 6 coverage file(s)
REPORTGENERATOR_LICENSE is not set; generating with the free version
$ reportgenerator -reports:/tmp/cerberus-uc16-worktree/tests/Application/ArturRios.Cerberus.Command.Tests/TestResults/d7290534-e24c-4bc4-a930-f192c4b1186e/coverage.cobertura.xml;/tmp/cerberus-uc16-worktree/tests/Application/ArturRios.Cerberus.Query.Tests/TestResults/a6a738a6-fd60-4e4f-ac86-f803e3fdcef6/coverage.cobertura.xml;/tmp/cerberus-uc16-worktree/tests/Application/ArturRios.Cerberus.Shared.Tests/TestResults/61e105b7-c40c-42e2-8ccf-03e7b3bef558/coverage.cobertura.xml;/tmp/cerberus-uc16-worktree/tests/Domain/ArturRios.Cerberus.Domain.Tests/TestResults/46ee1ea6-3602-4cca-9e9f-d7d905b7e7a0/coverage.cobertura.xml;/tmp/cerberus-uc16-worktree/tests/Infrastructure/ArturRios.Cerberus.Data.Tests/TestResults/733c06ec-a3ff-4232-bfbf-cc58ae0704d3/coverage.cobertura.xml;/tmp/cerberus-uc16-worktree/tests/Presentation/ArturRios.Cerberus.WebApi.Tests/TestResults/4ca0334a-4597-4388-98ea-f331529746a3/coverage.cobertura.xml -targetdir:/tmp/cerberus-uc16-worktree/docs/coverage-report -reporttypes:Html;JsonSummary -assemblyfilters:+ArturRios.Cerberus.*;-*.Tests -title:Cerberus API
2026-10-08T22:30:23: Arguments
2026-10-08T22:30:23:  -reports:/tmp/cerberus-uc16-worktree/tests/Application/ArturRios.Cerberus.Command.Tests/TestResults/d7290534-e24c-4bc4-a930-f192c4b1186e/coverage.cobertura.xml;/tmp/cerberus-uc16-worktree/tests/Application/ArturRios.Cerberus.Query.Tests/TestResults/a6a738a6-fd60-4e4f-ac86-f803e3fdcef6/coverage.cobertura.xml;/tmp/cerberus-uc16-worktree/tests/Application/ArturRios.Cerberus.Shared.Tests/TestResults/61e105b7-c40c-42e2-8ccf-03e7b3bef558/coverage.cobertura.xml;/tmp/cerberus-uc16-worktree/tests/Domain/ArturRios.Cerberus.Domain.Tests/TestResults/46ee1ea6-3602-4cca-9e9f-d7d905b7e7a0/coverage.cobertura.xml;/tmp/cerberus-uc16-worktree/tests/Infrastructure/ArturRios.Cerberus.Data.Tests/TestResults/733c06ec-a3ff-4232-bfbf-cc58ae0704d3/coverage.cobertura.xml;/tmp/cerberus-uc16-worktree/tests/Presentation/ArturRios.Cerberus.WebApi.Tests/TestResults/4ca0334a-4597-4388-98ea-f331529746a3/coverage.cobertura.xml
2026-10-08T22:30:23:  -targetdir:/tmp/cerberus-uc16-worktree/docs/coverage-report
2026-10-08T22:30:23:  -reporttypes:Html;JsonSummary
2026-10-08T22:30:23:  -assemblyfilters:+ArturRios.Cerberus.*;-*.Tests
2026-10-08T22:30:23:  -title:Cerberus API
2026-10-08T22:30:24: Writing report file '/tmp/cerberus-uc16-worktree/docs/coverage-report/index.html'
2026-10-08T22:30:24: Writing report file '/tmp/cerberus-uc16-worktree/docs/coverage-report/Summary.json'
2026-10-08T22:30:24: Report generation took 0.8 seconds

Report written to /tmp/cerberus-uc16-worktree/docs/coverage-report
Line coverage 98.1% (minimum 90.0%)
Open the HTML report at: /tmp/cerberus-uc16-worktree/docs/coverage-report/index.html
