$ dotnet list /tmp/cerberus-uc17-worktree/src/ArturRios.Cerberus.sln package --vulnerable --include-transitive
  Determining projects to restore...
  Restored /tmp/cerberus-uc17-worktree/tests/Application/ArturRios.Cerberus.Shared.Tests/ArturRios.Cerberus.Shared.Tests.csproj (in 361 ms).
  Restored /tmp/cerberus-uc17-worktree/tests/Infrastructure/ArturRios.Cerberus.Data.Tests/ArturRios.Cerberus.Data.Tests.csproj (in 363 ms).
  Restored /tmp/cerberus-uc17-worktree/tests/Presentation/ArturRios.Cerberus.WebApi.Tests/ArturRios.Cerberus.WebApi.Tests.csproj (in 446 ms).
  Restored /tmp/cerberus-uc17-worktree/tests/Application/ArturRios.Cerberus.Command.Tests/ArturRios.Cerberus.Command.Tests.csproj (in 444 ms).
  Restored /tmp/cerberus-uc17-worktree/tests/Application/ArturRios.Cerberus.Query.Tests/ArturRios.Cerberus.Query.Tests.csproj (in 448 ms).
  Restored /tmp/cerberus-uc17-worktree/tests/Domain/ArturRios.Cerberus.Domain.Tests/ArturRios.Cerberus.Domain.Tests.csproj (in 362 ms).
  6 of 12 projects are up-to-date for restore.

The following sources were used:
   https://api.nuget.org/v3/index.json

The given project `ArturRios.Cerberus.Domain` has no vulnerable packages given the current sources.
The given project `ArturRios.Cerberus.Command` has no vulnerable packages given the current sources.
The given project `ArturRios.Cerberus.Shared` has no vulnerable packages given the current sources.
The given project `ArturRios.Cerberus.Query` has no vulnerable packages given the current sources.
The given project `ArturRios.Cerberus.Data` has no vulnerable packages given the current sources.
The given project `ArturRios.Cerberus.WebApi` has no vulnerable packages given the current sources.
The given project `ArturRios.Cerberus.Domain.Tests` has no vulnerable packages given the current sources.
The given project `ArturRios.Cerberus.Command.Tests` has no vulnerable packages given the current sources.
The given project `ArturRios.Cerberus.Query.Tests` has no vulnerable packages given the current sources.
The given project `ArturRios.Cerberus.Shared.Tests` has no vulnerable packages given the current sources.
The given project `ArturRios.Cerberus.Data.Tests` has no vulnerable packages given the current sources.
The given project `ArturRios.Cerberus.WebApi.Tests` has no vulnerable packages given the current sources.

No known vulnerabilities in any dependency, direct or transitive.
