  ArturRios.Cerberus.Domain -> /tmp/cerberus-uc28-worktree/src/Domain/ArturRios.Cerberus.Domain/bin/Debug/net10.0/ArturRios.Cerberus.Domain.dll
  ArturRios.Cerberus.Shared -> /tmp/cerberus-uc28-worktree/src/Application/ArturRios.Cerberus.Shared/bin/Debug/net10.0/ArturRios.Cerberus.Shared.dll
  ArturRios.Cerberus.Query -> /tmp/cerberus-uc28-worktree/src/Application/ArturRios.Cerberus.Query/bin/Debug/net10.0/ArturRios.Cerberus.Query.dll
  ArturRios.Cerberus.Command -> /tmp/cerberus-uc28-worktree/src/Application/ArturRios.Cerberus.Command/bin/Debug/net10.0/ArturRios.Cerberus.Command.dll
  ArturRios.Cerberus.Data -> /tmp/cerberus-uc28-worktree/src/Infrastructure/ArturRios.Cerberus.Data/bin/Debug/net10.0/ArturRios.Cerberus.Data.dll
  ArturRios.Cerberus.WebApi -> /tmp/cerberus-uc28-worktree/src/Presentation/ArturRios.Cerberus.WebApi/bin/Debug/net10.0/ArturRios.Cerberus.WebApi.dll
  ArturRios.Cerberus.WebApi.Tests -> /tmp/cerberus-uc28-worktree/tests/Presentation/ArturRios.Cerberus.WebApi.Tests/bin/Debug/net10.0/ArturRios.Cerberus.WebApi.Tests.dll
Test run for /tmp/cerberus-uc28-worktree/tests/Presentation/ArturRios.Cerberus.WebApi.Tests/bin/Debug/net10.0/ArturRios.Cerberus.WebApi.Tests.dll (.NETCoreApp,Version=v10.0)
VSTest version 18.0.2 (x64)

Starting test execution, please wait...
A total of 1 test files matched the specified pattern.
[xUnit.net 00:00:08.62]     ArturRios.Cerberus.WebApi.Tests.FolderMoveHttpTests.GivenUnmodifiedStrictBodyFixture_WhenMoving_ThenAcceptValidBodyAndReturnExactMetadata [FAIL]
  Failed ArturRios.Cerberus.WebApi.Tests.FolderMoveHttpTests.GivenUnmodifiedStrictBodyFixture_WhenMoving_ThenAcceptValidBodyAndReturnExactMetadata [1 s]
  Error Message:
   Assert.Equal() Failure: Values differ
Expected: OK
Actual:   BadRequest
  Stack Trace:
     at ArturRios.Cerberus.WebApi.Tests.FolderMoveHttpTests.Success[T](HttpResponseMessage r, Int32 status) in /tmp/cerberus-uc28-worktree/tests/Presentation/ArturRios.Cerberus.WebApi.Tests/FolderMoveHttpTests.cs:line 222
   at ArturRios.Cerberus.WebApi.Tests.FolderMoveHttpTests.GivenUnmodifiedStrictBodyFixture_WhenMoving_ThenAcceptValidBodyAndReturnExactMetadata() in /tmp/cerberus-uc28-worktree/tests/Presentation/ArturRios.Cerberus.WebApi.Tests/FolderMoveHttpTests.cs:line 137
--- End of stack trace from previous location ---

Failed!  - Failed:     1, Passed:     0, Skipped:     0, Total:     1, Duration: 1 s - ArturRios.Cerberus.WebApi.Tests.dll (net10.0)
