$ dotnet test /tmp/cerberus-uc28-worktree/src/ArturRios.Cerberus.sln --collect:XPlat Code Coverage
  Determining projects to restore...
  All projects are up-to-date for restore.
  ArturRios.Cerberus.Domain -> /tmp/cerberus-uc28-worktree/src/Domain/ArturRios.Cerberus.Domain/bin/Debug/net10.0/ArturRios.Cerberus.Domain.dll
  ArturRios.Cerberus.Shared -> /tmp/cerberus-uc28-worktree/src/Application/ArturRios.Cerberus.Shared/bin/Debug/net10.0/ArturRios.Cerberus.Shared.dll
  ArturRios.Cerberus.Data -> /tmp/cerberus-uc28-worktree/src/Infrastructure/ArturRios.Cerberus.Data/bin/Debug/net10.0/ArturRios.Cerberus.Data.dll
  ArturRios.Cerberus.Command -> /tmp/cerberus-uc28-worktree/src/Application/ArturRios.Cerberus.Command/bin/Debug/net10.0/ArturRios.Cerberus.Command.dll
  ArturRios.Cerberus.Query -> /tmp/cerberus-uc28-worktree/src/Application/ArturRios.Cerberus.Query/bin/Debug/net10.0/ArturRios.Cerberus.Query.dll
  ArturRios.Cerberus.Shared.Tests -> /tmp/cerberus-uc28-worktree/tests/Application/ArturRios.Cerberus.Shared.Tests/bin/Debug/net10.0/ArturRios.Cerberus.Shared.Tests.dll
  ArturRios.Cerberus.Domain.Tests -> /tmp/cerberus-uc28-worktree/tests/Domain/ArturRios.Cerberus.Domain.Tests/bin/Debug/net10.0/ArturRios.Cerberus.Domain.Tests.dll
Test run for /tmp/cerberus-uc28-worktree/tests/Application/ArturRios.Cerberus.Shared.Tests/bin/Debug/net10.0/ArturRios.Cerberus.Shared.Tests.dll (.NETCoreApp,Version=v10.0)
Test run for /tmp/cerberus-uc28-worktree/tests/Domain/ArturRios.Cerberus.Domain.Tests/bin/Debug/net10.0/ArturRios.Cerberus.Domain.Tests.dll (.NETCoreApp,Version=v10.0)
VSTest version 18.0.2 (x64)

VSTest version 18.0.2 (x64)

Starting test execution, please wait...
A total of 1 test files matched the specified pattern.
  ArturRios.Cerberus.Query.Tests -> /tmp/cerberus-uc28-worktree/tests/Application/ArturRios.Cerberus.Query.Tests/bin/Debug/net10.0/ArturRios.Cerberus.Query.Tests.dll
Starting test execution, please wait...
A total of 1 test files matched the specified pattern.
Test run for /tmp/cerberus-uc28-worktree/tests/Application/ArturRios.Cerberus.Query.Tests/bin/Debug/net10.0/ArturRios.Cerberus.Query.Tests.dll (.NETCoreApp,Version=v10.0)
VSTest version 18.0.2 (x64)

Starting test execution, please wait...
A total of 1 test files matched the specified pattern.

Passed!  - Failed:     0, Passed:   361, Skipped:     0, Total:   361, Duration: 508 ms - ArturRios.Cerberus.Domain.Tests.dll (net10.0)

Passed!  - Failed:     0, Passed:   125, Skipped:     0, Total:   125, Duration: 236 ms - ArturRios.Cerberus.Shared.Tests.dll (net10.0)
  ArturRios.Cerberus.Data.Tests -> /tmp/cerberus-uc28-worktree/tests/Infrastructure/ArturRios.Cerberus.Data.Tests/bin/Debug/net10.0/ArturRios.Cerberus.Data.Tests.dll
Test run for /tmp/cerberus-uc28-worktree/tests/Infrastructure/ArturRios.Cerberus.Data.Tests/bin/Debug/net10.0/ArturRios.Cerberus.Data.Tests.dll (.NETCoreApp,Version=v10.0)
VSTest version 18.0.2 (x64)

Starting test execution, please wait...
A total of 1 test files matched the specified pattern.

Passed!  - Failed:     0, Passed:   411, Skipped:     0, Total:   411, Duration: 416 ms - ArturRios.Cerberus.Query.Tests.dll (net10.0)

Passed!  - Failed:     0, Passed:  2456, Skipped:     0, Total:  2456, Duration: 8 m 46 s - ArturRios.Cerberus.Data.Tests.dll (net10.0)
  ArturRios.Cerberus.WebApi -> /tmp/cerberus-uc28-worktree/src/Presentation/ArturRios.Cerberus.WebApi/bin/Debug/net10.0/ArturRios.Cerberus.WebApi.dll
  ArturRios.Cerberus.Command.Tests -> /tmp/cerberus-uc28-worktree/tests/Application/ArturRios.Cerberus.Command.Tests/bin/Debug/net10.0/ArturRios.Cerberus.Command.Tests.dll
Test run for /tmp/cerberus-uc28-worktree/tests/Application/ArturRios.Cerberus.Command.Tests/bin/Debug/net10.0/ArturRios.Cerberus.Command.Tests.dll (.NETCoreApp,Version=v10.0)
VSTest version 18.0.2 (x64)

Starting test execution, please wait...
A total of 1 test files matched the specified pattern.
  ArturRios.Cerberus.WebApi.Tests -> /tmp/cerberus-uc28-worktree/tests/Presentation/ArturRios.Cerberus.WebApi.Tests/bin/Debug/net10.0/ArturRios.Cerberus.WebApi.Tests.dll
Test run for /tmp/cerberus-uc28-worktree/tests/Presentation/ArturRios.Cerberus.WebApi.Tests/bin/Debug/net10.0/ArturRios.Cerberus.WebApi.Tests.dll (.NETCoreApp,Version=v10.0)
VSTest version 18.0.2 (x64)

Starting test execution, please wait...
A total of 1 test files matched the specified pattern.

Passed!  - Failed:     0, Passed:  1076, Skipped:     0, Total:  1076, Duration: 712 ms - ArturRios.Cerberus.Command.Tests.dll (net10.0)

Passed!  - Failed:     0, Passed:  2129, Skipped:     0, Total:  2129, Duration: 6 m 27 s - ArturRios.Cerberus.WebApi.Tests.dll (net10.0)

Attachments:
  /tmp/cerberus-uc28-worktree/tests/Domain/ArturRios.Cerberus.Domain.Tests/TestResults/e857ef21-67f7-43af-b53c-9e50bf3ba66c/coverage.cobertura.xml
  /tmp/cerberus-uc28-worktree/tests/Application/ArturRios.Cerberus.Shared.Tests/TestResults/cbc8702f-d005-4188-a9f7-9cf268c4caff/coverage.cobertura.xml
  /tmp/cerberus-uc28-worktree/tests/Application/ArturRios.Cerberus.Query.Tests/TestResults/98273795-5c9d-4315-99fa-c07ef47998bc/coverage.cobertura.xml
  /tmp/cerberus-uc28-worktree/tests/Infrastructure/ArturRios.Cerberus.Data.Tests/TestResults/8193a19c-3891-4047-9187-e9821eb5c3e7/coverage.cobertura.xml
  /tmp/cerberus-uc28-worktree/tests/Application/ArturRios.Cerberus.Command.Tests/TestResults/753daea1-8de1-414c-a071-a78e7245c2ab/coverage.cobertura.xml
  /tmp/cerberus-uc28-worktree/tests/Presentation/ArturRios.Cerberus.WebApi.Tests/TestResults/2a44849e-27e5-4d02-a434-609aef58ac74/coverage.cobertura.xml
Found 6 coverage file(s)
REPORTGENERATOR_LICENSE is not set; generating with the free version
$ reportgenerator -reports:/tmp/cerberus-uc28-worktree/tests/Application/ArturRios.Cerberus.Command.Tests/TestResults/753daea1-8de1-414c-a071-a78e7245c2ab/coverage.cobertura.xml;/tmp/cerberus-uc28-worktree/tests/Application/ArturRios.Cerberus.Query.Tests/TestResults/98273795-5c9d-4315-99fa-c07ef47998bc/coverage.cobertura.xml;/tmp/cerberus-uc28-worktree/tests/Application/ArturRios.Cerberus.Shared.Tests/TestResults/cbc8702f-d005-4188-a9f7-9cf268c4caff/coverage.cobertura.xml;/tmp/cerberus-uc28-worktree/tests/Domain/ArturRios.Cerberus.Domain.Tests/TestResults/e857ef21-67f7-43af-b53c-9e50bf3ba66c/coverage.cobertura.xml;/tmp/cerberus-uc28-worktree/tests/Infrastructure/ArturRios.Cerberus.Data.Tests/TestResults/8193a19c-3891-4047-9187-e9821eb5c3e7/coverage.cobertura.xml;/tmp/cerberus-uc28-worktree/tests/Presentation/ArturRios.Cerberus.WebApi.Tests/TestResults/2a44849e-27e5-4d02-a434-609aef58ac74/coverage.cobertura.xml -targetdir:/tmp/cerberus-uc28-worktree/docs/coverage-report -reporttypes:Html;JsonSummary -assemblyfilters:+ArturRios.Cerberus.*;-*.Tests -title:Cerberus API
2026-10-09T11:51:04: Arguments
2026-10-09T11:51:04:  -reports:/tmp/cerberus-uc28-worktree/tests/Application/ArturRios.Cerberus.Command.Tests/TestResults/753daea1-8de1-414c-a071-a78e7245c2ab/coverage.cobertura.xml;/tmp/cerberus-uc28-worktree/tests/Application/ArturRios.Cerberus.Query.Tests/TestResults/98273795-5c9d-4315-99fa-c07ef47998bc/coverage.cobertura.xml;/tmp/cerberus-uc28-worktree/tests/Application/ArturRios.Cerberus.Shared.Tests/TestResults/cbc8702f-d005-4188-a9f7-9cf268c4caff/coverage.cobertura.xml;/tmp/cerberus-uc28-worktree/tests/Domain/ArturRios.Cerberus.Domain.Tests/TestResults/e857ef21-67f7-43af-b53c-9e50bf3ba66c/coverage.cobertura.xml;/tmp/cerberus-uc28-worktree/tests/Infrastructure/ArturRios.Cerberus.Data.Tests/TestResults/8193a19c-3891-4047-9187-e9821eb5c3e7/coverage.cobertura.xml;/tmp/cerberus-uc28-worktree/tests/Presentation/ArturRios.Cerberus.WebApi.Tests/TestResults/2a44849e-27e5-4d02-a434-609aef58ac74/coverage.cobertura.xml
2026-10-09T11:51:04:  -targetdir:/tmp/cerberus-uc28-worktree/docs/coverage-report
2026-10-09T11:51:04:  -reporttypes:Html;JsonSummary
2026-10-09T11:51:04:  -assemblyfilters:+ArturRios.Cerberus.*;-*.Tests
2026-10-09T11:51:04:  -title:Cerberus API
2026-10-09T11:51:05: Writing report file '/tmp/cerberus-uc28-worktree/docs/coverage-report/index.html'
2026-10-09T11:51:05: Writing report file '/tmp/cerberus-uc28-worktree/docs/coverage-report/Summary.json'
2026-10-09T11:51:06: Report generation took 1.6 seconds

Report written to /tmp/cerberus-uc28-worktree/docs/coverage-report
Line coverage 98.4% (minimum 90.0%)
Open the HTML report at: /tmp/cerberus-uc28-worktree/docs/coverage-report/index.html
