  ArturRios.Cerberus.Domain -> /tmp/cerberus-uc28-worktree/src/Domain/ArturRios.Cerberus.Domain/bin/Debug/net10.0/ArturRios.Cerberus.Domain.dll
  ArturRios.Cerberus.Shared -> /tmp/cerberus-uc28-worktree/src/Application/ArturRios.Cerberus.Shared/bin/Debug/net10.0/ArturRios.Cerberus.Shared.dll
  ArturRios.Cerberus.Command -> /tmp/cerberus-uc28-worktree/src/Application/ArturRios.Cerberus.Command/bin/Debug/net10.0/ArturRios.Cerberus.Command.dll
  ArturRios.Cerberus.Command.Tests -> /tmp/cerberus-uc28-worktree/tests/Application/ArturRios.Cerberus.Command.Tests/bin/Debug/net10.0/ArturRios.Cerberus.Command.Tests.dll
Test run for /tmp/cerberus-uc28-worktree/tests/Application/ArturRios.Cerberus.Command.Tests/bin/Debug/net10.0/ArturRios.Cerberus.Command.Tests.dll (.NETCoreApp,Version=v10.0)
VSTest version 18.0.2 (x64)

Starting test execution, please wait...
A total of 1 test files matched the specified pattern.
[xUnit.net 00:00:00.71]     ArturRios.Cerberus.Command.Tests.MoveFolderHandlerTests.GivenNoncanonicalParentIdentifier_WhenParsing_ThenReject(kind: "zero") [FAIL]
  Failed ArturRios.Cerberus.Command.Tests.MoveFolderHandlerTests.GivenNoncanonicalParentIdentifier_WhenParsing_ThenReject(kind: "zero") [3 ms]
  Error Message:
   Assert.Throws() Failure: No exception was thrown
Expected: typeof(System.Text.Json.JsonException)
  Stack Trace:
     at ArturRios.Cerberus.Command.Tests.MoveFolderHandlerTests.GivenNoncanonicalParentIdentifier_WhenParsing_ThenReject(String kind) in /tmp/cerberus-uc28-worktree/tests/Application/ArturRios.Cerberus.Command.Tests/MoveFolderHandlerTests.cs:line 47
   at System.Reflection.MethodBaseInvoker.InterpretedInvoke_Method(Object obj, IntPtr* args)
   at System.Reflection.MethodBaseInvoker.InvokeDirectByRefWithFewArgs(Object obj, Span`1 copyOfArgs, BindingFlags invokeAttr)
[xUnit.net 00:00:00.71]     ArturRios.Cerberus.Command.Tests.MoveFolderHandlerTests.GivenNoncanonicalParentIdentifier_WhenParsing_ThenReject(kind: "uppercase") [FAIL]
  Failed ArturRios.Cerberus.Command.Tests.MoveFolderHandlerTests.GivenNoncanonicalParentIdentifier_WhenParsing_ThenReject(kind: "uppercase") [< 1 ms]
  Error Message:
   Assert.Throws() Failure: No exception was thrown
Expected: typeof(System.Text.Json.JsonException)
  Stack Trace:
     at ArturRios.Cerberus.Command.Tests.MoveFolderHandlerTests.GivenNoncanonicalParentIdentifier_WhenParsing_ThenReject(String kind) in /tmp/cerberus-uc28-worktree/tests/Application/ArturRios.Cerberus.Command.Tests/MoveFolderHandlerTests.cs:line 47
   at InvokeStub_MoveFolderHandlerTests.GivenNoncanonicalParentIdentifier_WhenParsing_ThenReject(Object, Span`1)
   at System.Reflection.MethodBaseInvoker.InvokeWithOneArg(Object obj, BindingFlags invokeAttr, Binder binder, Object[] parameters, CultureInfo culture)

Failed!  - Failed:     2, Passed:    87, Skipped:     0, Total:    89, Duration: 240 ms - ArturRios.Cerberus.Command.Tests.dll (net10.0)
