Refreshing checks status every 30 seconds. Press Ctrl+C to quit.

test	pending	0	https://github.com/artur-rios/cerberus-api/actions/runs/37928692280/job/113813774325	
branch-policy	pass	3s	https://github.com/artur-rios/cerberus-api/actions/runs/37928692282/job/113813773883	
docker	pass	40s	https://github.com/artur-rios/cerberus-api/actions/runs/37928692280/job/113813773939	
Refreshing checks status every 30 seconds. Press Ctrl+C to quit.

test	pending	0	https://github.com/artur-rios/cerberus-api/actions/runs/37928692280/job/113813774325	
branch-policy	pass	3s	https://github.com/artur-rios/cerberus-api/actions/runs/37928692282/job/113813773883	
docker	pass	40s	https://github.com/artur-rios/cerberus-api/actions/runs/37928692280/job/113813773939	
Refreshing checks status every 30 seconds. Press Ctrl+C to quit.

test	pending	0	https://github.com/artur-rios/cerberus-api/actions/runs/37928692280/job/113813774325	
branch-policy	pass	3s	https://github.com/artur-rios/cerberus-api/actions/runs/37928692282/job/113813773883	
docker	pass	40s	https://github.com/artur-rios/cerberus-api/actions/runs/37928692280/job/113813773939	
Refreshing checks status every 30 seconds. Press Ctrl+C to quit.

test	pending	0	https://github.com/artur-rios/cerberus-api/actions/runs/37928692280/job/113813774325	
branch-policy	pass	3s	https://github.com/artur-rios/cerberus-api/actions/runs/37928692282/job/113813773883	
docker	pass	40s	https://github.com/artur-rios/cerberus-api/actions/runs/37928692280/job/113813773939	
Refreshing checks status every 30 seconds. Press Ctrl+C to quit.

test	pending	0	https://github.com/artur-rios/cerberus-api/actions/runs/37928692280/job/113813774325	
branch-policy	pass	3s	https://github.com/artur-rios/cerberus-api/actions/runs/37928692282/job/113813773883	
docker	pass	40s	https://github.com/artur-rios/cerberus-api/actions/runs/37928692280/job/113813773939	
Refreshing checks status every 30 seconds. Press Ctrl+C to quit.

test	pending	0	https://github.com/artur-rios/cerberus-api/actions/runs/37928692280/job/113813774325	
branch-policy	pass	3s	https://github.com/artur-rios/cerberus-api/actions/runs/37928692282/job/113813773883	
docker	pass	40s	https://github.com/artur-rios/cerberus-api/actions/runs/37928692280/job/113813773939	
Refreshing checks status every 30 seconds. Press Ctrl+C to quit.

test	pending	0	https://github.com/artur-rios/cerberus-api/actions/runs/37928692280/job/113813774325	
branch-policy	pass	3s	https://github.com/artur-rios/cerberus-api/actions/runs/37928692282/job/113813773883	
docker	pass	40s	https://github.com/artur-rios/cerberus-api/actions/runs/37928692280/job/113813773939	
Refreshing checks status every 30 seconds. Press Ctrl+C to quit.

test	pending	0	https://github.com/artur-rios/cerberus-api/actions/runs/37928692280/job/113813774325	
branch-policy	pass	3s	https://github.com/artur-rios/cerberus-api/actions/runs/37928692282/job/113813773883	
docker	pass	40s	https://github.com/artur-rios/cerberus-api/actions/runs/37928692280/job/113813773939	
Refreshing checks status every 30 seconds. Press Ctrl+C to quit.

test	pending	0	https://github.com/artur-rios/cerberus-api/actions/runs/37928692280/job/113813774325	
branch-policy	pass	3s	https://github.com/artur-rios/cerberus-api/actions/runs/37928692282/job/113813773883	
docker	pass	40s	https://github.com/artur-rios/cerberus-api/actions/runs/37928692280/job/113813773939	
Refreshing checks status every 30 seconds. Press Ctrl+C to quit.

test	pending	0	https://github.com/artur-rios/cerberus-api/actions/runs/37928692280/job/113813774325	
branch-policy	pass	3s	https://github.com/artur-rios/cerberus-api/actions/runs/37928692282/job/113813773883	
docker	pass	40s	https://github.com/artur-rios/cerberus-api/actions/runs/37928692280/job/113813773939	
Refreshing checks status every 30 seconds. Press Ctrl+C to quit.

test	pending	0	https://github.com/artur-rios/cerberus-api/actions/runs/37928692280/job/113813774325	
branch-policy	pass	3s	https://github.com/artur-rios/cerberus-api/actions/runs/37928692282/job/113813773883	
docker	pass	40s	https://github.com/artur-rios/cerberus-api/actions/runs/37928692280/job/113813773939	
Refreshing checks status every 30 seconds. Press Ctrl+C to quit.

test	pending	0	https://github.com/artur-rios/cerberus-api/actions/runs/37928692280/job/113813774325	
branch-policy	pass	3s	https://github.com/artur-rios/cerberus-api/actions/runs/37928692282/job/113813773883	
docker	pass	40s	https://github.com/artur-rios/cerberus-api/actions/runs/37928692280/job/113813773939	
Refreshing checks status every 30 seconds. Press Ctrl+C to quit.

test	pending	0	https://github.com/artur-rios/cerberus-api/actions/runs/37928692280/job/113813774325	
branch-policy	pass	3s	https://github.com/artur-rios/cerberus-api/actions/runs/37928692282/job/113813773883	
docker	pass	40s	https://github.com/artur-rios/cerberus-api/actions/runs/37928692280/job/113813773939	
Refreshing checks status every 30 seconds. Press Ctrl+C to quit.

test	pending	0	https://github.com/artur-rios/cerberus-api/actions/runs/37928692280/job/113813774325	
branch-policy	pass	3s	https://github.com/artur-rios/cerberus-api/actions/runs/37928692282/job/113813773883	
docker	pass	40s	https://github.com/artur-rios/cerberus-api/actions/runs/37928692280/job/113813773939	
Refreshing checks status every 30 seconds. Press Ctrl+C to quit.

test	pending	0	https://github.com/artur-rios/cerberus-api/actions/runs/37928692280/job/113813774325	
branch-policy	pass	3s	https://github.com/artur-rios/cerberus-api/actions/runs/37928692282/job/113813773883	
docker	pass	40s	https://github.com/artur-rios/cerberus-api/actions/runs/37928692280/job/113813773939	
Refreshing checks status every 30 seconds. Press Ctrl+C to quit.

test	pending	0	https://github.com/artur-rios/cerberus-api/actions/runs/37928692280/job/113813774325	
branch-policy	pass	3s	https://github.com/artur-rios/cerberus-api/actions/runs/37928692282/job/113813773883	
docker	pass	40s	https://github.com/artur-rios/cerberus-api/actions/runs/37928692280/job/113813773939	
Refreshing checks status every 30 seconds. Press Ctrl+C to quit.

test	pending	0	https://github.com/artur-rios/cerberus-api/actions/runs/37928692280/job/113813774325	
branch-policy	pass	3s	https://github.com/artur-rios/cerberus-api/actions/runs/37928692282/job/113813773883	
docker	pass	40s	https://github.com/artur-rios/cerberus-api/actions/runs/37928692280/job/113813773939	
Refreshing checks status every 30 seconds. Press Ctrl+C to quit.

test	pending	0	https://github.com/artur-rios/cerberus-api/actions/runs/37928692280/job/113813774325	
branch-policy	pass	3s	https://github.com/artur-rios/cerberus-api/actions/runs/37928692282/job/113813773883	
docker	pass	40s	https://github.com/artur-rios/cerberus-api/actions/runs/37928692280/job/113813773939	
Refreshing checks status every 30 seconds. Press Ctrl+C to quit.

test	pending	0	https://github.com/artur-rios/cerberus-api/actions/runs/37928692280/job/113813774325	
branch-policy	pass	3s	https://github.com/artur-rios/cerberus-api/actions/runs/37928692282/job/113813773883	
docker	pass	40s	https://github.com/artur-rios/cerberus-api/actions/runs/37928692280/job/113813773939	
Refreshing checks status every 30 seconds. Press Ctrl+C to quit.

test	pending	0	https://github.com/artur-rios/cerberus-api/actions/runs/37928692280/job/113813774325	
branch-policy	pass	3s	https://github.com/artur-rios/cerberus-api/actions/runs/37928692282/job/113813773883	
docker	pass	40s	https://github.com/artur-rios/cerberus-api/actions/runs/37928692280/job/113813773939	
Refreshing checks status every 30 seconds. Press Ctrl+C to quit.

test	pending	0	https://github.com/artur-rios/cerberus-api/actions/runs/37928692280/job/113813774325	
branch-policy	pass	3s	https://github.com/artur-rios/cerberus-api/actions/runs/37928692282/job/113813773883	
docker	pass	40s	https://github.com/artur-rios/cerberus-api/actions/runs/37928692280/job/113813773939	
Refreshing checks status every 30 seconds. Press Ctrl+C to quit.

test	pending	0	https://github.com/artur-rios/cerberus-api/actions/runs/37928692280/job/113813774325	
branch-policy	pass	3s	https://github.com/artur-rios/cerberus-api/actions/runs/37928692282/job/113813773883	
docker	pass	40s	https://github.com/artur-rios/cerberus-api/actions/runs/37928692280/job/113813773939	
Refreshing checks status every 30 seconds. Press Ctrl+C to quit.

test	pending	0	https://github.com/artur-rios/cerberus-api/actions/runs/37928692280/job/113813774325	
branch-policy	pass	3s	https://github.com/artur-rios/cerberus-api/actions/runs/37928692282/job/113813773883	
docker	pass	40s	https://github.com/artur-rios/cerberus-api/actions/runs/37928692280/job/113813773939	
Refreshing checks status every 30 seconds. Press Ctrl+C to quit.

test	pending	0	https://github.com/artur-rios/cerberus-api/actions/runs/37928692280/job/113813774325	
branch-policy	pass	3s	https://github.com/artur-rios/cerberus-api/actions/runs/37928692282/job/113813773883	
docker	pass	40s	https://github.com/artur-rios/cerberus-api/actions/runs/37928692280/job/113813773939	
Refreshing checks status every 30 seconds. Press Ctrl+C to quit.

test	pending	0	https://github.com/artur-rios/cerberus-api/actions/runs/37928692280/job/113813774325	
branch-policy	pass	3s	https://github.com/artur-rios/cerberus-api/actions/runs/37928692282/job/113813773883	
docker	pass	40s	https://github.com/artur-rios/cerberus-api/actions/runs/37928692280/job/113813773939	
Refreshing checks status every 30 seconds. Press Ctrl+C to quit.

test	pending	0	https://github.com/artur-rios/cerberus-api/actions/runs/37928692280/job/113813774325	
branch-policy	pass	3s	https://github.com/artur-rios/cerberus-api/actions/runs/37928692282/job/113813773883	
docker	pass	40s	https://github.com/artur-rios/cerberus-api/actions/runs/37928692280/job/113813773939	
Refreshing checks status every 30 seconds. Press Ctrl+C to quit.

test	pending	0	https://github.com/artur-rios/cerberus-api/actions/runs/37928692280/job/113813774325	
branch-policy	pass	3s	https://github.com/artur-rios/cerberus-api/actions/runs/37928692282/job/113813773883	
docker	pass	40s	https://github.com/artur-rios/cerberus-api/actions/runs/37928692280/job/113813773939	
branch-policy	pass	3s	https://github.com/artur-rios/cerberus-api/actions/runs/37928692282/job/113813773883	
docker	pass	40s	https://github.com/artur-rios/cerberus-api/actions/runs/37928692280/job/113813773939	
test	pass	19m23s	https://github.com/artur-rios/cerberus-api/actions/runs/37928692280/job/113813774325	
branch-policy	pass	3s	https://github.com/artur-rios/cerberus-api/actions/runs/37928692282/job/113813773883	
docker	pass	40s	https://github.com/artur-rios/cerberus-api/actions/runs/37928692280/job/113813773939	
test	pass	19m23s	https://github.com/artur-rios/cerberus-api/actions/runs/37928692280/job/113813774325	
