  Determining projects to restore...
  All projects are up-to-date for restore.
  ArturRios.Cerberus.Domain -> /tmp/cerberus-uc14-worktree/src/Domain/ArturRios.Cerberus.Domain/bin/Debug/net10.0/ArturRios.Cerberus.Domain.dll
  ArturRios.Cerberus.Shared -> /tmp/cerberus-uc14-worktree/src/Application/ArturRios.Cerberus.Shared/bin/Debug/net10.0/ArturRios.Cerberus.Shared.dll
  ArturRios.Cerberus.Data -> /tmp/cerberus-uc14-worktree/src/Infrastructure/ArturRios.Cerberus.Data/bin/Debug/net10.0/ArturRios.Cerberus.Data.dll
  ArturRios.Cerberus.Command -> /tmp/cerberus-uc14-worktree/src/Application/ArturRios.Cerberus.Command/bin/Debug/net10.0/ArturRios.Cerberus.Command.dll
  ArturRios.Cerberus.Query -> /tmp/cerberus-uc14-worktree/src/Application/ArturRios.Cerberus.Query/bin/Debug/net10.0/ArturRios.Cerberus.Query.dll
  ArturRios.Cerberus.WebApi -> /tmp/cerberus-uc14-worktree/src/Presentation/ArturRios.Cerberus.WebApi/bin/Debug/net10.0/ArturRios.Cerberus.WebApi.dll
  ArturRios.Cerberus.WebApi.Tests -> /tmp/cerberus-uc14-worktree/tests/Presentation/ArturRios.Cerberus.WebApi.Tests/bin/Debug/net10.0/ArturRios.Cerberus.WebApi.Tests.dll
Test run for /tmp/cerberus-uc14-worktree/tests/Presentation/ArturRios.Cerberus.WebApi.Tests/bin/Debug/net10.0/ArturRios.Cerberus.WebApi.Tests.dll (.NETCoreApp,Version=v10.0)
VSTest version 18.0.2 (x64)

Starting test execution, please wait...
A total of 1 test files matched the specified pattern.
[xUnit.net 00:00:08.93]     ArturRios.Cerberus.WebApi.Tests.ProfileAssociationHttpTests.GivenSelectedProfileAndCorruptGrantOutsideSelection_WhenAddingCollectionOverHttp_ThenNotFoundWithoutChangingProfileOrLinks(kind: "ownerPins") [FAIL]
  Failed ArturRios.Cerberus.WebApi.Tests.ProfileAssociationHttpTests.GivenSelectedProfileAndCorruptGrantOutsideSelection_WhenAddingCollectionOverHttp_ThenNotFoundWithoutChangingProfileOrLinks(kind: "ownerPins") [2 s]
  Error Message:
   Assert.Equal() Failure: Values differ
Expected: NotFound
Actual:   ServiceUnavailable
  Stack Trace:
     at ArturRios.Cerberus.WebApi.Tests.ProfileAssociationHttpTests.Failure(HttpResponseMessage response, Int32 status, String error) in /tmp/cerberus-uc14-worktree/tests/Presentation/ArturRios.Cerberus.WebApi.Tests/ProfileAssociationHttpTests.cs:line 148
   at ArturRios.Cerberus.WebApi.Tests.ProfileAssociationHttpTests.GivenSelectedProfileAndCorruptGrantOutsideSelection_WhenAddingCollectionOverHttp_ThenNotFoundWithoutChangingProfileOrLinks(String kind) in /tmp/cerberus-uc14-worktree/tests/Presentation/ArturRios.Cerberus.WebApi.Tests/ProfileAssociationHttpTests.cs:line 48
--- End of stack trace from previous location ---
[xUnit.net 00:00:09.27]     ArturRios.Cerberus.WebApi.Tests.ProfileAssociationHttpTests.GivenSelectedProfileAndCorruptGrantOutsideSelection_WhenAddingCollectionOverHttp_ThenNotFoundWithoutChangingProfileOrLinks(kind: "recipientPins") [FAIL]
[xUnit.net 00:00:09.57]     ArturRios.Cerberus.WebApi.Tests.ProfileAssociationHttpTests.GivenSelectedProfileAndCorruptGrantOutsideSelection_WhenAddingCollectionOverHttp_ThenNotFoundWithoutChangingProfileOrLinks(kind: "grant") [FAIL]
  Failed ArturRios.Cerberus.WebApi.Tests.ProfileAssociationHttpTests.GivenSelectedProfileAndCorruptGrantOutsideSelection_WhenAddingCollectionOverHttp_ThenNotFoundWithoutChangingProfileOrLinks(kind: "recipientPins") [343 ms]
  Error Message:
   Assert.Equal() Failure: Values differ
Expected: NotFound
Actual:   ServiceUnavailable
  Stack Trace:
     at ArturRios.Cerberus.WebApi.Tests.ProfileAssociationHttpTests.Failure(HttpResponseMessage response, Int32 status, String error) in /tmp/cerberus-uc14-worktree/tests/Presentation/ArturRios.Cerberus.WebApi.Tests/ProfileAssociationHttpTests.cs:line 148
   at ArturRios.Cerberus.WebApi.Tests.ProfileAssociationHttpTests.GivenSelectedProfileAndCorruptGrantOutsideSelection_WhenAddingCollectionOverHttp_ThenNotFoundWithoutChangingProfileOrLinks(String kind) in /tmp/cerberus-uc14-worktree/tests/Presentation/ArturRios.Cerberus.WebApi.Tests/ProfileAssociationHttpTests.cs:line 48
--- End of stack trace from previous location ---
  Failed ArturRios.Cerberus.WebApi.Tests.ProfileAssociationHttpTests.GivenSelectedProfileAndCorruptGrantOutsideSelection_WhenAddingCollectionOverHttp_ThenNotFoundWithoutChangingProfileOrLinks(kind: "grant") [295 ms]
  Error Message:
   Assert.Equal() Failure: Values differ
Expected: NotFound
Actual:   ServiceUnavailable
  Stack Trace:
     at ArturRios.Cerberus.WebApi.Tests.ProfileAssociationHttpTests.Failure(HttpResponseMessage response, Int32 status, String error) in /tmp/cerberus-uc14-worktree/tests/Presentation/ArturRios.Cerberus.WebApi.Tests/ProfileAssociationHttpTests.cs:line 148
   at ArturRios.Cerberus.WebApi.Tests.ProfileAssociationHttpTests.GivenSelectedProfileAndCorruptGrantOutsideSelection_WhenAddingCollectionOverHttp_ThenNotFoundWithoutChangingProfileOrLinks(String kind) in /tmp/cerberus-uc14-worktree/tests/Presentation/ArturRios.Cerberus.WebApi.Tests/ProfileAssociationHttpTests.cs:line 48
--- End of stack trace from previous location ---

Failed!  - Failed:     3, Passed:     0, Skipped:     0, Total:     3, Duration: 2 s - ArturRios.Cerberus.WebApi.Tests.dll (net10.0)
