Refreshing checks status every 30 seconds. Press Ctrl+C to quit.

test	pending	0	https://github.com/artur-rios/cerberus-api/actions/runs/37909553612/job/113751136614	
branch-policy	pass	6s	https://github.com/artur-rios/cerberus-api/actions/runs/37909553591/job/113751142251	
docker	pending	0	https://github.com/artur-rios/cerberus-api/actions/runs/37909553612/job/113751136381	
Refreshing checks status every 30 seconds. Press Ctrl+C to quit.

test	pending	0	https://github.com/artur-rios/cerberus-api/actions/runs/37909553612/job/113751136614	
branch-policy	pass	6s	https://github.com/artur-rios/cerberus-api/actions/runs/37909553591/job/113751142251	
docker	pass	36s	https://github.com/artur-rios/cerberus-api/actions/runs/37909553612/job/113751136381	
Refreshing checks status every 30 seconds. Press Ctrl+C to quit.

test	pending	0	https://github.com/artur-rios/cerberus-api/actions/runs/37909553612/job/113751136614	
branch-policy	pass	6s	https://github.com/artur-rios/cerberus-api/actions/runs/37909553591/job/113751142251	
docker	pass	36s	https://github.com/artur-rios/cerberus-api/actions/runs/37909553612/job/113751136381	
Refreshing checks status every 30 seconds. Press Ctrl+C to quit.

test	pending	0	https://github.com/artur-rios/cerberus-api/actions/runs/37909553612/job/113751136614	
branch-policy	pass	6s	https://github.com/artur-rios/cerberus-api/actions/runs/37909553591/job/113751142251	
docker	pass	36s	https://github.com/artur-rios/cerberus-api/actions/runs/37909553612/job/113751136381	
Refreshing checks status every 30 seconds. Press Ctrl+C to quit.

test	pending	0	https://github.com/artur-rios/cerberus-api/actions/runs/37909553612/job/113751136614	
branch-policy	pass	6s	https://github.com/artur-rios/cerberus-api/actions/runs/37909553591/job/113751142251	
docker	pass	36s	https://github.com/artur-rios/cerberus-api/actions/runs/37909553612/job/113751136381	
Refreshing checks status every 30 seconds. Press Ctrl+C to quit.

test	pending	0	https://github.com/artur-rios/cerberus-api/actions/runs/37909553612/job/113751136614	
branch-policy	pass	6s	https://github.com/artur-rios/cerberus-api/actions/runs/37909553591/job/113751142251	
docker	pass	36s	https://github.com/artur-rios/cerberus-api/actions/runs/37909553612/job/113751136381	
Refreshing checks status every 30 seconds. Press Ctrl+C to quit.

test	pending	0	https://github.com/artur-rios/cerberus-api/actions/runs/37909553612/job/113751136614	
branch-policy	pass	6s	https://github.com/artur-rios/cerberus-api/actions/runs/37909553591/job/113751142251	
docker	pass	36s	https://github.com/artur-rios/cerberus-api/actions/runs/37909553612/job/113751136381	
Refreshing checks status every 30 seconds. Press Ctrl+C to quit.

test	pending	0	https://github.com/artur-rios/cerberus-api/actions/runs/37909553612/job/113751136614	
branch-policy	pass	6s	https://github.com/artur-rios/cerberus-api/actions/runs/37909553591/job/113751142251	
docker	pass	36s	https://github.com/artur-rios/cerberus-api/actions/runs/37909553612/job/113751136381	
Refreshing checks status every 30 seconds. Press Ctrl+C to quit.

test	pending	0	https://github.com/artur-rios/cerberus-api/actions/runs/37909553612/job/113751136614	
branch-policy	pass	6s	https://github.com/artur-rios/cerberus-api/actions/runs/37909553591/job/113751142251	
docker	pass	36s	https://github.com/artur-rios/cerberus-api/actions/runs/37909553612/job/113751136381	
Refreshing checks status every 30 seconds. Press Ctrl+C to quit.

test	pending	0	https://github.com/artur-rios/cerberus-api/actions/runs/37909553612/job/113751136614	
branch-policy	pass	6s	https://github.com/artur-rios/cerberus-api/actions/runs/37909553591/job/113751142251	
docker	pass	36s	https://github.com/artur-rios/cerberus-api/actions/runs/37909553612/job/113751136381	
Refreshing checks status every 30 seconds. Press Ctrl+C to quit.

test	pending	0	https://github.com/artur-rios/cerberus-api/actions/runs/37909553612/job/113751136614	
branch-policy	pass	6s	https://github.com/artur-rios/cerberus-api/actions/runs/37909553591/job/113751142251	
docker	pass	36s	https://github.com/artur-rios/cerberus-api/actions/runs/37909553612/job/113751136381	
Refreshing checks status every 30 seconds. Press Ctrl+C to quit.

test	pending	0	https://github.com/artur-rios/cerberus-api/actions/runs/37909553612/job/113751136614	
branch-policy	pass	6s	https://github.com/artur-rios/cerberus-api/actions/runs/37909553591/job/113751142251	
docker	pass	36s	https://github.com/artur-rios/cerberus-api/actions/runs/37909553612/job/113751136381	
Refreshing checks status every 30 seconds. Press Ctrl+C to quit.

test	pending	0	https://github.com/artur-rios/cerberus-api/actions/runs/37909553612/job/113751136614	
branch-policy	pass	6s	https://github.com/artur-rios/cerberus-api/actions/runs/37909553591/job/113751142251	
docker	pass	36s	https://github.com/artur-rios/cerberus-api/actions/runs/37909553612/job/113751136381	
Refreshing checks status every 30 seconds. Press Ctrl+C to quit.

test	pending	0	https://github.com/artur-rios/cerberus-api/actions/runs/37909553612/job/113751136614	
branch-policy	pass	6s	https://github.com/artur-rios/cerberus-api/actions/runs/37909553591/job/113751142251	
docker	pass	36s	https://github.com/artur-rios/cerberus-api/actions/runs/37909553612/job/113751136381	
Refreshing checks status every 30 seconds. Press Ctrl+C to quit.

test	pending	0	https://github.com/artur-rios/cerberus-api/actions/runs/37909553612/job/113751136614	
branch-policy	pass	6s	https://github.com/artur-rios/cerberus-api/actions/runs/37909553591/job/113751142251	
docker	pass	36s	https://github.com/artur-rios/cerberus-api/actions/runs/37909553612/job/113751136381	
Refreshing checks status every 30 seconds. Press Ctrl+C to quit.

test	pending	0	https://github.com/artur-rios/cerberus-api/actions/runs/37909553612/job/113751136614	
branch-policy	pass	6s	https://github.com/artur-rios/cerberus-api/actions/runs/37909553591/job/113751142251	
docker	pass	36s	https://github.com/artur-rios/cerberus-api/actions/runs/37909553612/job/113751136381	
Refreshing checks status every 30 seconds. Press Ctrl+C to quit.

test	pending	0	https://github.com/artur-rios/cerberus-api/actions/runs/37909553612/job/113751136614	
branch-policy	pass	6s	https://github.com/artur-rios/cerberus-api/actions/runs/37909553591/job/113751142251	
docker	pass	36s	https://github.com/artur-rios/cerberus-api/actions/runs/37909553612/job/113751136381	
Refreshing checks status every 30 seconds. Press Ctrl+C to quit.

test	pending	0	https://github.com/artur-rios/cerberus-api/actions/runs/37909553612/job/113751136614	
branch-policy	pass	6s	https://github.com/artur-rios/cerberus-api/actions/runs/37909553591/job/113751142251	
docker	pass	36s	https://github.com/artur-rios/cerberus-api/actions/runs/37909553612/job/113751136381	
Refreshing checks status every 30 seconds. Press Ctrl+C to quit.

test	pending	0	https://github.com/artur-rios/cerberus-api/actions/runs/37909553612/job/113751136614	
branch-policy	pass	6s	https://github.com/artur-rios/cerberus-api/actions/runs/37909553591/job/113751142251	
docker	pass	36s	https://github.com/artur-rios/cerberus-api/actions/runs/37909553612/job/113751136381	
Refreshing checks status every 30 seconds. Press Ctrl+C to quit.

test	pending	0	https://github.com/artur-rios/cerberus-api/actions/runs/37909553612/job/113751136614	
branch-policy	pass	6s	https://github.com/artur-rios/cerberus-api/actions/runs/37909553591/job/113751142251	
docker	pass	36s	https://github.com/artur-rios/cerberus-api/actions/runs/37909553612/job/113751136381	
Refreshing checks status every 30 seconds. Press Ctrl+C to quit.

test	pending	0	https://github.com/artur-rios/cerberus-api/actions/runs/37909553612/job/113751136614	
branch-policy	pass	6s	https://github.com/artur-rios/cerberus-api/actions/runs/37909553591/job/113751142251	
docker	pass	36s	https://github.com/artur-rios/cerberus-api/actions/runs/37909553612/job/113751136381	
Refreshing checks status every 30 seconds. Press Ctrl+C to quit.

test	pending	0	https://github.com/artur-rios/cerberus-api/actions/runs/37909553612/job/113751136614	
branch-policy	pass	6s	https://github.com/artur-rios/cerberus-api/actions/runs/37909553591/job/113751142251	
docker	pass	36s	https://github.com/artur-rios/cerberus-api/actions/runs/37909553612/job/113751136381	
Refreshing checks status every 30 seconds. Press Ctrl+C to quit.

test	pending	0	https://github.com/artur-rios/cerberus-api/actions/runs/37909553612/job/113751136614	
branch-policy	pass	6s	https://github.com/artur-rios/cerberus-api/actions/runs/37909553591/job/113751142251	
docker	pass	36s	https://github.com/artur-rios/cerberus-api/actions/runs/37909553612/job/113751136381	
Refreshing checks status every 30 seconds. Press Ctrl+C to quit.

test	pending	0	https://github.com/artur-rios/cerberus-api/actions/runs/37909553612/job/113751136614	
branch-policy	pass	6s	https://github.com/artur-rios/cerberus-api/actions/runs/37909553591/job/113751142251	
docker	pass	36s	https://github.com/artur-rios/cerberus-api/actions/runs/37909553612/job/113751136381	
Refreshing checks status every 30 seconds. Press Ctrl+C to quit.

test	pending	0	https://github.com/artur-rios/cerberus-api/actions/runs/37909553612/job/113751136614	
branch-policy	pass	6s	https://github.com/artur-rios/cerberus-api/actions/runs/37909553591/job/113751142251	
docker	pass	36s	https://github.com/artur-rios/cerberus-api/actions/runs/37909553612/job/113751136381	
Refreshing checks status every 30 seconds. Press Ctrl+C to quit.

test	pending	0	https://github.com/artur-rios/cerberus-api/actions/runs/37909553612/job/113751136614	
branch-policy	pass	6s	https://github.com/artur-rios/cerberus-api/actions/runs/37909553591/job/113751142251	
docker	pass	36s	https://github.com/artur-rios/cerberus-api/actions/runs/37909553612/job/113751136381	
Refreshing checks status every 30 seconds. Press Ctrl+C to quit.

test	pending	0	https://github.com/artur-rios/cerberus-api/actions/runs/37909553612/job/113751136614	
branch-policy	pass	6s	https://github.com/artur-rios/cerberus-api/actions/runs/37909553591/job/113751142251	
docker	pass	36s	https://github.com/artur-rios/cerberus-api/actions/runs/37909553612/job/113751136381	
Refreshing checks status every 30 seconds. Press Ctrl+C to quit.

test	pending	0	https://github.com/artur-rios/cerberus-api/actions/runs/37909553612/job/113751136614	
branch-policy	pass	6s	https://github.com/artur-rios/cerberus-api/actions/runs/37909553591/job/113751142251	
docker	pass	36s	https://github.com/artur-rios/cerberus-api/actions/runs/37909553612/job/113751136381	
Refreshing checks status every 30 seconds. Press Ctrl+C to quit.

test	pending	0	https://github.com/artur-rios/cerberus-api/actions/runs/37909553612/job/113751136614	
branch-policy	pass	6s	https://github.com/artur-rios/cerberus-api/actions/runs/37909553591/job/113751142251	
docker	pass	36s	https://github.com/artur-rios/cerberus-api/actions/runs/37909553612/job/113751136381	
branch-policy	pass	6s	https://github.com/artur-rios/cerberus-api/actions/runs/37909553591/job/113751142251	
docker	pass	36s	https://github.com/artur-rios/cerberus-api/actions/runs/37909553612/job/113751136381	
test	pass	14m50s	https://github.com/artur-rios/cerberus-api/actions/runs/37909553612/job/113751136614	
branch-policy	pass	6s	https://github.com/artur-rios/cerberus-api/actions/runs/37909553591/job/113751142251	
docker	pass	36s	https://github.com/artur-rios/cerberus-api/actions/runs/37909553612/job/113751136381	
test	pass	14m50s	https://github.com/artur-rios/cerberus-api/actions/runs/37909553612/job/113751136614	
