Refreshing checks status every 30 seconds. Press Ctrl+C to quit.

test	pending	0	https://github.com/artur-rios/cerberus-api/actions/runs/37897839803/job/113713183350	
branch-policy	pass	6s	https://github.com/artur-rios/cerberus-api/actions/runs/37897839713/job/113713183518	
docker	pending	0	https://github.com/artur-rios/cerberus-api/actions/runs/37897839803/job/113713183115	
Refreshing checks status every 30 seconds. Press Ctrl+C to quit.

test	pending	0	https://github.com/artur-rios/cerberus-api/actions/runs/37897839803/job/113713183350	
branch-policy	pass	6s	https://github.com/artur-rios/cerberus-api/actions/runs/37897839713/job/113713183518	
docker	pass	37s	https://github.com/artur-rios/cerberus-api/actions/runs/37897839803/job/113713183115	
Refreshing checks status every 30 seconds. Press Ctrl+C to quit.

test	pending	0	https://github.com/artur-rios/cerberus-api/actions/runs/37897839803/job/113713183350	
branch-policy	pass	6s	https://github.com/artur-rios/cerberus-api/actions/runs/37897839713/job/113713183518	
docker	pass	37s	https://github.com/artur-rios/cerberus-api/actions/runs/37897839803/job/113713183115	
Refreshing checks status every 30 seconds. Press Ctrl+C to quit.

test	pending	0	https://github.com/artur-rios/cerberus-api/actions/runs/37897839803/job/113713183350	
branch-policy	pass	6s	https://github.com/artur-rios/cerberus-api/actions/runs/37897839713/job/113713183518	
docker	pass	37s	https://github.com/artur-rios/cerberus-api/actions/runs/37897839803/job/113713183115	
Refreshing checks status every 30 seconds. Press Ctrl+C to quit.

test	pending	0	https://github.com/artur-rios/cerberus-api/actions/runs/37897839803/job/113713183350	
branch-policy	pass	6s	https://github.com/artur-rios/cerberus-api/actions/runs/37897839713/job/113713183518	
docker	pass	37s	https://github.com/artur-rios/cerberus-api/actions/runs/37897839803/job/113713183115	
Refreshing checks status every 30 seconds. Press Ctrl+C to quit.

test	pending	0	https://github.com/artur-rios/cerberus-api/actions/runs/37897839803/job/113713183350	
branch-policy	pass	6s	https://github.com/artur-rios/cerberus-api/actions/runs/37897839713/job/113713183518	
docker	pass	37s	https://github.com/artur-rios/cerberus-api/actions/runs/37897839803/job/113713183115	
Refreshing checks status every 30 seconds. Press Ctrl+C to quit.

test	pending	0	https://github.com/artur-rios/cerberus-api/actions/runs/37897839803/job/113713183350	
branch-policy	pass	6s	https://github.com/artur-rios/cerberus-api/actions/runs/37897839713/job/113713183518	
docker	pass	37s	https://github.com/artur-rios/cerberus-api/actions/runs/37897839803/job/113713183115	
Refreshing checks status every 30 seconds. Press Ctrl+C to quit.

test	pending	0	https://github.com/artur-rios/cerberus-api/actions/runs/37897839803/job/113713183350	
branch-policy	pass	6s	https://github.com/artur-rios/cerberus-api/actions/runs/37897839713/job/113713183518	
docker	pass	37s	https://github.com/artur-rios/cerberus-api/actions/runs/37897839803/job/113713183115	
Refreshing checks status every 30 seconds. Press Ctrl+C to quit.

test	pending	0	https://github.com/artur-rios/cerberus-api/actions/runs/37897839803/job/113713183350	
branch-policy	pass	6s	https://github.com/artur-rios/cerberus-api/actions/runs/37897839713/job/113713183518	
docker	pass	37s	https://github.com/artur-rios/cerberus-api/actions/runs/37897839803/job/113713183115	
Refreshing checks status every 30 seconds. Press Ctrl+C to quit.

test	pending	0	https://github.com/artur-rios/cerberus-api/actions/runs/37897839803/job/113713183350	
branch-policy	pass	6s	https://github.com/artur-rios/cerberus-api/actions/runs/37897839713/job/113713183518	
docker	pass	37s	https://github.com/artur-rios/cerberus-api/actions/runs/37897839803/job/113713183115	
Refreshing checks status every 30 seconds. Press Ctrl+C to quit.

test	pending	0	https://github.com/artur-rios/cerberus-api/actions/runs/37897839803/job/113713183350	
branch-policy	pass	6s	https://github.com/artur-rios/cerberus-api/actions/runs/37897839713/job/113713183518	
docker	pass	37s	https://github.com/artur-rios/cerberus-api/actions/runs/37897839803/job/113713183115	
Refreshing checks status every 30 seconds. Press Ctrl+C to quit.

test	pending	0	https://github.com/artur-rios/cerberus-api/actions/runs/37897839803/job/113713183350	
branch-policy	pass	6s	https://github.com/artur-rios/cerberus-api/actions/runs/37897839713/job/113713183518	
docker	pass	37s	https://github.com/artur-rios/cerberus-api/actions/runs/37897839803/job/113713183115	
Refreshing checks status every 30 seconds. Press Ctrl+C to quit.

test	pending	0	https://github.com/artur-rios/cerberus-api/actions/runs/37897839803/job/113713183350	
branch-policy	pass	6s	https://github.com/artur-rios/cerberus-api/actions/runs/37897839713/job/113713183518	
docker	pass	37s	https://github.com/artur-rios/cerberus-api/actions/runs/37897839803/job/113713183115	
Refreshing checks status every 30 seconds. Press Ctrl+C to quit.

test	pending	0	https://github.com/artur-rios/cerberus-api/actions/runs/37897839803/job/113713183350	
branch-policy	pass	6s	https://github.com/artur-rios/cerberus-api/actions/runs/37897839713/job/113713183518	
docker	pass	37s	https://github.com/artur-rios/cerberus-api/actions/runs/37897839803/job/113713183115	
Refreshing checks status every 30 seconds. Press Ctrl+C to quit.

test	pending	0	https://github.com/artur-rios/cerberus-api/actions/runs/37897839803/job/113713183350	
branch-policy	pass	6s	https://github.com/artur-rios/cerberus-api/actions/runs/37897839713/job/113713183518	
docker	pass	37s	https://github.com/artur-rios/cerberus-api/actions/runs/37897839803/job/113713183115	
Refreshing checks status every 30 seconds. Press Ctrl+C to quit.

test	pending	0	https://github.com/artur-rios/cerberus-api/actions/runs/37897839803/job/113713183350	
branch-policy	pass	6s	https://github.com/artur-rios/cerberus-api/actions/runs/37897839713/job/113713183518	
docker	pass	37s	https://github.com/artur-rios/cerberus-api/actions/runs/37897839803/job/113713183115	
Refreshing checks status every 30 seconds. Press Ctrl+C to quit.

test	pending	0	https://github.com/artur-rios/cerberus-api/actions/runs/37897839803/job/113713183350	
branch-policy	pass	6s	https://github.com/artur-rios/cerberus-api/actions/runs/37897839713/job/113713183518	
docker	pass	37s	https://github.com/artur-rios/cerberus-api/actions/runs/37897839803/job/113713183115	
Refreshing checks status every 30 seconds. Press Ctrl+C to quit.

test	pending	0	https://github.com/artur-rios/cerberus-api/actions/runs/37897839803/job/113713183350	
branch-policy	pass	6s	https://github.com/artur-rios/cerberus-api/actions/runs/37897839713/job/113713183518	
docker	pass	37s	https://github.com/artur-rios/cerberus-api/actions/runs/37897839803/job/113713183115	
Refreshing checks status every 30 seconds. Press Ctrl+C to quit.

test	pending	0	https://github.com/artur-rios/cerberus-api/actions/runs/37897839803/job/113713183350	
branch-policy	pass	6s	https://github.com/artur-rios/cerberus-api/actions/runs/37897839713/job/113713183518	
docker	pass	37s	https://github.com/artur-rios/cerberus-api/actions/runs/37897839803/job/113713183115	
Refreshing checks status every 30 seconds. Press Ctrl+C to quit.

test	pending	0	https://github.com/artur-rios/cerberus-api/actions/runs/37897839803/job/113713183350	
branch-policy	pass	6s	https://github.com/artur-rios/cerberus-api/actions/runs/37897839713/job/113713183518	
docker	pass	37s	https://github.com/artur-rios/cerberus-api/actions/runs/37897839803/job/113713183115	
Refreshing checks status every 30 seconds. Press Ctrl+C to quit.

test	pending	0	https://github.com/artur-rios/cerberus-api/actions/runs/37897839803/job/113713183350	
branch-policy	pass	6s	https://github.com/artur-rios/cerberus-api/actions/runs/37897839713/job/113713183518	
docker	pass	37s	https://github.com/artur-rios/cerberus-api/actions/runs/37897839803/job/113713183115	
Refreshing checks status every 30 seconds. Press Ctrl+C to quit.

test	pending	0	https://github.com/artur-rios/cerberus-api/actions/runs/37897839803/job/113713183350	
branch-policy	pass	6s	https://github.com/artur-rios/cerberus-api/actions/runs/37897839713/job/113713183518	
docker	pass	37s	https://github.com/artur-rios/cerberus-api/actions/runs/37897839803/job/113713183115	
Refreshing checks status every 30 seconds. Press Ctrl+C to quit.

test	pending	0	https://github.com/artur-rios/cerberus-api/actions/runs/37897839803/job/113713183350	
branch-policy	pass	6s	https://github.com/artur-rios/cerberus-api/actions/runs/37897839713/job/113713183518	
docker	pass	37s	https://github.com/artur-rios/cerberus-api/actions/runs/37897839803/job/113713183115	
Refreshing checks status every 30 seconds. Press Ctrl+C to quit.

test	pending	0	https://github.com/artur-rios/cerberus-api/actions/runs/37897839803/job/113713183350	
branch-policy	pass	6s	https://github.com/artur-rios/cerberus-api/actions/runs/37897839713/job/113713183518	
docker	pass	37s	https://github.com/artur-rios/cerberus-api/actions/runs/37897839803/job/113713183115	
Refreshing checks status every 30 seconds. Press Ctrl+C to quit.

test	pending	0	https://github.com/artur-rios/cerberus-api/actions/runs/37897839803/job/113713183350	
branch-policy	pass	6s	https://github.com/artur-rios/cerberus-api/actions/runs/37897839713/job/113713183518	
docker	pass	37s	https://github.com/artur-rios/cerberus-api/actions/runs/37897839803/job/113713183115	
Refreshing checks status every 30 seconds. Press Ctrl+C to quit.

test	pending	0	https://github.com/artur-rios/cerberus-api/actions/runs/37897839803/job/113713183350	
branch-policy	pass	6s	https://github.com/artur-rios/cerberus-api/actions/runs/37897839713/job/113713183518	
docker	pass	37s	https://github.com/artur-rios/cerberus-api/actions/runs/37897839803/job/113713183115	
Refreshing checks status every 30 seconds. Press Ctrl+C to quit.

test	pending	0	https://github.com/artur-rios/cerberus-api/actions/runs/37897839803/job/113713183350	
branch-policy	pass	6s	https://github.com/artur-rios/cerberus-api/actions/runs/37897839713/job/113713183518	
docker	pass	37s	https://github.com/artur-rios/cerberus-api/actions/runs/37897839803/job/113713183115	
branch-policy	pass	6s	https://github.com/artur-rios/cerberus-api/actions/runs/37897839713/job/113713183518	
docker	pass	37s	https://github.com/artur-rios/cerberus-api/actions/runs/37897839803/job/113713183115	
test	pass	13m44s	https://github.com/artur-rios/cerberus-api/actions/runs/37897839803/job/113713183350	
branch-policy	pass	6s	https://github.com/artur-rios/cerberus-api/actions/runs/37897839713/job/113713183518	
docker	pass	37s	https://github.com/artur-rios/cerberus-api/actions/runs/37897839803/job/113713183115	
test	pass	13m44s	https://github.com/artur-rios/cerberus-api/actions/runs/37897839803/job/113713183350	
