Refreshing checks status every 30 seconds. Press Ctrl+C to quit.

test	pending	0	https://github.com/artur-rios/cerberus-api/actions/runs/37903029003/job/113729789302	
branch-policy	pass	4s	https://github.com/artur-rios/cerberus-api/actions/runs/37903029015/job/113729789174	
docker	pending	0	https://github.com/artur-rios/cerberus-api/actions/runs/37903029003/job/113729789497	
Refreshing checks status every 30 seconds. Press Ctrl+C to quit.

test	pending	0	https://github.com/artur-rios/cerberus-api/actions/runs/37903029003/job/113729789302	
branch-policy	pass	4s	https://github.com/artur-rios/cerberus-api/actions/runs/37903029015/job/113729789174	
docker	pending	0	https://github.com/artur-rios/cerberus-api/actions/runs/37903029003/job/113729789497	
Refreshing checks status every 30 seconds. Press Ctrl+C to quit.

test	pending	0	https://github.com/artur-rios/cerberus-api/actions/runs/37903029003/job/113729789302	
branch-policy	pass	4s	https://github.com/artur-rios/cerberus-api/actions/runs/37903029015/job/113729789174	
docker	pass	38s	https://github.com/artur-rios/cerberus-api/actions/runs/37903029003/job/113729789497	
Refreshing checks status every 30 seconds. Press Ctrl+C to quit.

test	pending	0	https://github.com/artur-rios/cerberus-api/actions/runs/37903029003/job/113729789302	
branch-policy	pass	4s	https://github.com/artur-rios/cerberus-api/actions/runs/37903029015/job/113729789174	
docker	pass	38s	https://github.com/artur-rios/cerberus-api/actions/runs/37903029003/job/113729789497	
Refreshing checks status every 30 seconds. Press Ctrl+C to quit.

test	pending	0	https://github.com/artur-rios/cerberus-api/actions/runs/37903029003/job/113729789302	
branch-policy	pass	4s	https://github.com/artur-rios/cerberus-api/actions/runs/37903029015/job/113729789174	
docker	pass	38s	https://github.com/artur-rios/cerberus-api/actions/runs/37903029003/job/113729789497	
Refreshing checks status every 30 seconds. Press Ctrl+C to quit.

test	pending	0	https://github.com/artur-rios/cerberus-api/actions/runs/37903029003/job/113729789302	
branch-policy	pass	4s	https://github.com/artur-rios/cerberus-api/actions/runs/37903029015/job/113729789174	
docker	pass	38s	https://github.com/artur-rios/cerberus-api/actions/runs/37903029003/job/113729789497	
Refreshing checks status every 30 seconds. Press Ctrl+C to quit.

test	pending	0	https://github.com/artur-rios/cerberus-api/actions/runs/37903029003/job/113729789302	
branch-policy	pass	4s	https://github.com/artur-rios/cerberus-api/actions/runs/37903029015/job/113729789174	
docker	pass	38s	https://github.com/artur-rios/cerberus-api/actions/runs/37903029003/job/113729789497	
Refreshing checks status every 30 seconds. Press Ctrl+C to quit.

test	pending	0	https://github.com/artur-rios/cerberus-api/actions/runs/37903029003/job/113729789302	
branch-policy	pass	4s	https://github.com/artur-rios/cerberus-api/actions/runs/37903029015/job/113729789174	
docker	pass	38s	https://github.com/artur-rios/cerberus-api/actions/runs/37903029003/job/113729789497	
Refreshing checks status every 30 seconds. Press Ctrl+C to quit.

test	pending	0	https://github.com/artur-rios/cerberus-api/actions/runs/37903029003/job/113729789302	
branch-policy	pass	4s	https://github.com/artur-rios/cerberus-api/actions/runs/37903029015/job/113729789174	
docker	pass	38s	https://github.com/artur-rios/cerberus-api/actions/runs/37903029003/job/113729789497	
Refreshing checks status every 30 seconds. Press Ctrl+C to quit.

test	pending	0	https://github.com/artur-rios/cerberus-api/actions/runs/37903029003/job/113729789302	
branch-policy	pass	4s	https://github.com/artur-rios/cerberus-api/actions/runs/37903029015/job/113729789174	
docker	pass	38s	https://github.com/artur-rios/cerberus-api/actions/runs/37903029003/job/113729789497	
Refreshing checks status every 30 seconds. Press Ctrl+C to quit.

test	pending	0	https://github.com/artur-rios/cerberus-api/actions/runs/37903029003/job/113729789302	
branch-policy	pass	4s	https://github.com/artur-rios/cerberus-api/actions/runs/37903029015/job/113729789174	
docker	pass	38s	https://github.com/artur-rios/cerberus-api/actions/runs/37903029003/job/113729789497	
Refreshing checks status every 30 seconds. Press Ctrl+C to quit.

test	pending	0	https://github.com/artur-rios/cerberus-api/actions/runs/37903029003/job/113729789302	
branch-policy	pass	4s	https://github.com/artur-rios/cerberus-api/actions/runs/37903029015/job/113729789174	
docker	pass	38s	https://github.com/artur-rios/cerberus-api/actions/runs/37903029003/job/113729789497	
Refreshing checks status every 30 seconds. Press Ctrl+C to quit.

test	pending	0	https://github.com/artur-rios/cerberus-api/actions/runs/37903029003/job/113729789302	
branch-policy	pass	4s	https://github.com/artur-rios/cerberus-api/actions/runs/37903029015/job/113729789174	
docker	pass	38s	https://github.com/artur-rios/cerberus-api/actions/runs/37903029003/job/113729789497	
Refreshing checks status every 30 seconds. Press Ctrl+C to quit.

test	pending	0	https://github.com/artur-rios/cerberus-api/actions/runs/37903029003/job/113729789302	
branch-policy	pass	4s	https://github.com/artur-rios/cerberus-api/actions/runs/37903029015/job/113729789174	
docker	pass	38s	https://github.com/artur-rios/cerberus-api/actions/runs/37903029003/job/113729789497	
Refreshing checks status every 30 seconds. Press Ctrl+C to quit.

test	pending	0	https://github.com/artur-rios/cerberus-api/actions/runs/37903029003/job/113729789302	
branch-policy	pass	4s	https://github.com/artur-rios/cerberus-api/actions/runs/37903029015/job/113729789174	
docker	pass	38s	https://github.com/artur-rios/cerberus-api/actions/runs/37903029003/job/113729789497	
Refreshing checks status every 30 seconds. Press Ctrl+C to quit.

test	pending	0	https://github.com/artur-rios/cerberus-api/actions/runs/37903029003/job/113729789302	
branch-policy	pass	4s	https://github.com/artur-rios/cerberus-api/actions/runs/37903029015/job/113729789174	
docker	pass	38s	https://github.com/artur-rios/cerberus-api/actions/runs/37903029003/job/113729789497	
Refreshing checks status every 30 seconds. Press Ctrl+C to quit.

test	pending	0	https://github.com/artur-rios/cerberus-api/actions/runs/37903029003/job/113729789302	
branch-policy	pass	4s	https://github.com/artur-rios/cerberus-api/actions/runs/37903029015/job/113729789174	
docker	pass	38s	https://github.com/artur-rios/cerberus-api/actions/runs/37903029003/job/113729789497	
Refreshing checks status every 30 seconds. Press Ctrl+C to quit.

test	pending	0	https://github.com/artur-rios/cerberus-api/actions/runs/37903029003/job/113729789302	
branch-policy	pass	4s	https://github.com/artur-rios/cerberus-api/actions/runs/37903029015/job/113729789174	
docker	pass	38s	https://github.com/artur-rios/cerberus-api/actions/runs/37903029003/job/113729789497	
Refreshing checks status every 30 seconds. Press Ctrl+C to quit.

test	pending	0	https://github.com/artur-rios/cerberus-api/actions/runs/37903029003/job/113729789302	
branch-policy	pass	4s	https://github.com/artur-rios/cerberus-api/actions/runs/37903029015/job/113729789174	
docker	pass	38s	https://github.com/artur-rios/cerberus-api/actions/runs/37903029003/job/113729789497	
Refreshing checks status every 30 seconds. Press Ctrl+C to quit.

test	pending	0	https://github.com/artur-rios/cerberus-api/actions/runs/37903029003/job/113729789302	
branch-policy	pass	4s	https://github.com/artur-rios/cerberus-api/actions/runs/37903029015/job/113729789174	
docker	pass	38s	https://github.com/artur-rios/cerberus-api/actions/runs/37903029003/job/113729789497	
Refreshing checks status every 30 seconds. Press Ctrl+C to quit.

test	pending	0	https://github.com/artur-rios/cerberus-api/actions/runs/37903029003/job/113729789302	
branch-policy	pass	4s	https://github.com/artur-rios/cerberus-api/actions/runs/37903029015/job/113729789174	
docker	pass	38s	https://github.com/artur-rios/cerberus-api/actions/runs/37903029003/job/113729789497	
Refreshing checks status every 30 seconds. Press Ctrl+C to quit.

test	pending	0	https://github.com/artur-rios/cerberus-api/actions/runs/37903029003/job/113729789302	
branch-policy	pass	4s	https://github.com/artur-rios/cerberus-api/actions/runs/37903029015/job/113729789174	
docker	pass	38s	https://github.com/artur-rios/cerberus-api/actions/runs/37903029003/job/113729789497	
Refreshing checks status every 30 seconds. Press Ctrl+C to quit.

test	pending	0	https://github.com/artur-rios/cerberus-api/actions/runs/37903029003/job/113729789302	
branch-policy	pass	4s	https://github.com/artur-rios/cerberus-api/actions/runs/37903029015/job/113729789174	
docker	pass	38s	https://github.com/artur-rios/cerberus-api/actions/runs/37903029003/job/113729789497	
Refreshing checks status every 30 seconds. Press Ctrl+C to quit.

test	pending	0	https://github.com/artur-rios/cerberus-api/actions/runs/37903029003/job/113729789302	
branch-policy	pass	4s	https://github.com/artur-rios/cerberus-api/actions/runs/37903029015/job/113729789174	
docker	pass	38s	https://github.com/artur-rios/cerberus-api/actions/runs/37903029003/job/113729789497	
Refreshing checks status every 30 seconds. Press Ctrl+C to quit.

test	pending	0	https://github.com/artur-rios/cerberus-api/actions/runs/37903029003/job/113729789302	
branch-policy	pass	4s	https://github.com/artur-rios/cerberus-api/actions/runs/37903029015/job/113729789174	
docker	pass	38s	https://github.com/artur-rios/cerberus-api/actions/runs/37903029003/job/113729789497	
Refreshing checks status every 30 seconds. Press Ctrl+C to quit.

test	pending	0	https://github.com/artur-rios/cerberus-api/actions/runs/37903029003/job/113729789302	
branch-policy	pass	4s	https://github.com/artur-rios/cerberus-api/actions/runs/37903029015/job/113729789174	
docker	pass	38s	https://github.com/artur-rios/cerberus-api/actions/runs/37903029003/job/113729789497	
Refreshing checks status every 30 seconds. Press Ctrl+C to quit.

test	pending	0	https://github.com/artur-rios/cerberus-api/actions/runs/37903029003/job/113729789302	
branch-policy	pass	4s	https://github.com/artur-rios/cerberus-api/actions/runs/37903029015/job/113729789174	
docker	pass	38s	https://github.com/artur-rios/cerberus-api/actions/runs/37903029003/job/113729789497	
Refreshing checks status every 30 seconds. Press Ctrl+C to quit.

test	pending	0	https://github.com/artur-rios/cerberus-api/actions/runs/37903029003/job/113729789302	
branch-policy	pass	4s	https://github.com/artur-rios/cerberus-api/actions/runs/37903029015/job/113729789174	
docker	pass	38s	https://github.com/artur-rios/cerberus-api/actions/runs/37903029003/job/113729789497	
branch-policy	pass	4s	https://github.com/artur-rios/cerberus-api/actions/runs/37903029015/job/113729789174	
docker	pass	38s	https://github.com/artur-rios/cerberus-api/actions/runs/37903029003/job/113729789497	
test	pass	14m13s	https://github.com/artur-rios/cerberus-api/actions/runs/37903029003/job/113729789302	
branch-policy	pass	4s	https://github.com/artur-rios/cerberus-api/actions/runs/37903029015/job/113729789174	
docker	pass	38s	https://github.com/artur-rios/cerberus-api/actions/runs/37903029003/job/113729789497	
test	pass	14m13s	https://github.com/artur-rios/cerberus-api/actions/runs/37903029003/job/113729789302	
