$ dotnet test /tmp/cerberus-uc25-worktree/src/ArturRios.Cerberus.sln --collect:XPlat Code Coverage
  Determining projects to restore...
  All projects are up-to-date for restore.
  ArturRios.Cerberus.Domain -> /tmp/cerberus-uc25-worktree/src/Domain/ArturRios.Cerberus.Domain/bin/Debug/net10.0/ArturRios.Cerberus.Domain.dll
  ArturRios.Cerberus.Shared -> /tmp/cerberus-uc25-worktree/src/Application/ArturRios.Cerberus.Shared/bin/Debug/net10.0/ArturRios.Cerberus.Shared.dll
  ArturRios.Cerberus.Command -> /tmp/cerberus-uc25-worktree/src/Application/ArturRios.Cerberus.Command/bin/Debug/net10.0/ArturRios.Cerberus.Command.dll
  ArturRios.Cerberus.Query -> /tmp/cerberus-uc25-worktree/src/Application/ArturRios.Cerberus.Query/bin/Debug/net10.0/ArturRios.Cerberus.Query.dll
  ArturRios.Cerberus.Data -> /tmp/cerberus-uc25-worktree/src/Infrastructure/ArturRios.Cerberus.Data/bin/Debug/net10.0/ArturRios.Cerberus.Data.dll
  ArturRios.Cerberus.Shared.Tests -> /tmp/cerberus-uc25-worktree/tests/Application/ArturRios.Cerberus.Shared.Tests/bin/Debug/net10.0/ArturRios.Cerberus.Shared.Tests.dll
  ArturRios.Cerberus.Domain.Tests -> /tmp/cerberus-uc25-worktree/tests/Domain/ArturRios.Cerberus.Domain.Tests/bin/Debug/net10.0/ArturRios.Cerberus.Domain.Tests.dll
Test run for /tmp/cerberus-uc25-worktree/tests/Application/ArturRios.Cerberus.Shared.Tests/bin/Debug/net10.0/ArturRios.Cerberus.Shared.Tests.dll (.NETCoreApp,Version=v10.0)
Test run for /tmp/cerberus-uc25-worktree/tests/Domain/ArturRios.Cerberus.Domain.Tests/bin/Debug/net10.0/ArturRios.Cerberus.Domain.Tests.dll (.NETCoreApp,Version=v10.0)
VSTest version 18.0.2 (x64)

VSTest version 18.0.2 (x64)

Starting test execution, please wait...
A total of 1 test files matched the specified pattern.
Starting test execution, please wait...
A total of 1 test files matched the specified pattern.
  ArturRios.Cerberus.Command.Tests -> /tmp/cerberus-uc25-worktree/tests/Application/ArturRios.Cerberus.Command.Tests/bin/Debug/net10.0/ArturRios.Cerberus.Command.Tests.dll
Test run for /tmp/cerberus-uc25-worktree/tests/Application/ArturRios.Cerberus.Command.Tests/bin/Debug/net10.0/ArturRios.Cerberus.Command.Tests.dll (.NETCoreApp,Version=v10.0)
VSTest version 18.0.2 (x64)

Starting test execution, please wait...
A total of 1 test files matched the specified pattern.
  ArturRios.Cerberus.Data.Tests -> /tmp/cerberus-uc25-worktree/tests/Infrastructure/ArturRios.Cerberus.Data.Tests/bin/Debug/net10.0/ArturRios.Cerberus.Data.Tests.dll
Test run for /tmp/cerberus-uc25-worktree/tests/Infrastructure/ArturRios.Cerberus.Data.Tests/bin/Debug/net10.0/ArturRios.Cerberus.Data.Tests.dll (.NETCoreApp,Version=v10.0)
VSTest version 18.0.2 (x64)

Starting test execution, please wait...
A total of 1 test files matched the specified pattern.

Passed!  - Failed:     0, Passed:   361, Skipped:     0, Total:   361, Duration: 318 ms - ArturRios.Cerberus.Domain.Tests.dll (net10.0)

Passed!  - Failed:     0, Passed:   125, Skipped:     0, Total:   125, Duration: 378 ms - ArturRios.Cerberus.Shared.Tests.dll (net10.0)
  ArturRios.Cerberus.Query.Tests -> /tmp/cerberus-uc25-worktree/tests/Application/ArturRios.Cerberus.Query.Tests/bin/Debug/net10.0/ArturRios.Cerberus.Query.Tests.dll
Test run for /tmp/cerberus-uc25-worktree/tests/Application/ArturRios.Cerberus.Query.Tests/bin/Debug/net10.0/ArturRios.Cerberus.Query.Tests.dll (.NETCoreApp,Version=v10.0)
VSTest version 18.0.2 (x64)

Starting test execution, please wait...
A total of 1 test files matched the specified pattern.

Passed!  - Failed:     0, Passed:   841, Skipped:     0, Total:   841, Duration: 832 ms - ArturRios.Cerberus.Command.Tests.dll (net10.0)

Passed!  - Failed:     0, Passed:   411, Skipped:     0, Total:   411, Duration: 273 ms - ArturRios.Cerberus.Query.Tests.dll (net10.0)

Passed!  - Failed:     0, Passed:  1971, Skipped:     0, Total:  1971, Duration: 5 m 30 s - ArturRios.Cerberus.Data.Tests.dll (net10.0)
  ArturRios.Cerberus.WebApi -> /tmp/cerberus-uc25-worktree/src/Presentation/ArturRios.Cerberus.WebApi/bin/Debug/net10.0/ArturRios.Cerberus.WebApi.dll
  ArturRios.Cerberus.WebApi.Tests -> /tmp/cerberus-uc25-worktree/tests/Presentation/ArturRios.Cerberus.WebApi.Tests/bin/Debug/net10.0/ArturRios.Cerberus.WebApi.Tests.dll
Test run for /tmp/cerberus-uc25-worktree/tests/Presentation/ArturRios.Cerberus.WebApi.Tests/bin/Debug/net10.0/ArturRios.Cerberus.WebApi.Tests.dll (.NETCoreApp,Version=v10.0)
VSTest version 18.0.2 (x64)

Starting test execution, please wait...
A total of 1 test files matched the specified pattern.

Passed!  - Failed:     0, Passed:  1765, Skipped:     0, Total:  1765, Duration: 3 m 20 s - ArturRios.Cerberus.WebApi.Tests.dll (net10.0)

Attachments:
  /tmp/cerberus-uc25-worktree/tests/Domain/ArturRios.Cerberus.Domain.Tests/TestResults/35960265-de95-436f-aa73-9866c1e07680/coverage.cobertura.xml
  /tmp/cerberus-uc25-worktree/tests/Application/ArturRios.Cerberus.Shared.Tests/TestResults/2c9890b4-4377-4c06-9d8b-244af7dcf581/coverage.cobertura.xml
  /tmp/cerberus-uc25-worktree/tests/Application/ArturRios.Cerberus.Command.Tests/TestResults/8bdcd0dd-81c2-4031-b24a-0f0efc4d30d1/coverage.cobertura.xml
  /tmp/cerberus-uc25-worktree/tests/Application/ArturRios.Cerberus.Query.Tests/TestResults/3aea69d3-fe82-48c6-8075-78f1d5048098/coverage.cobertura.xml
  /tmp/cerberus-uc25-worktree/tests/Infrastructure/ArturRios.Cerberus.Data.Tests/TestResults/fffed396-c9e3-4a2e-ac44-be6bbbddb9c0/coverage.cobertura.xml
  /tmp/cerberus-uc25-worktree/tests/Presentation/ArturRios.Cerberus.WebApi.Tests/TestResults/26c4d66a-dd8b-48b2-9136-d34e3a33f7f9/coverage.cobertura.xml
Found 6 coverage file(s)
REPORTGENERATOR_LICENSE is not set; generating with the free version
$ reportgenerator -reports:/tmp/cerberus-uc25-worktree/tests/Application/ArturRios.Cerberus.Command.Tests/TestResults/8bdcd0dd-81c2-4031-b24a-0f0efc4d30d1/coverage.cobertura.xml;/tmp/cerberus-uc25-worktree/tests/Application/ArturRios.Cerberus.Query.Tests/TestResults/3aea69d3-fe82-48c6-8075-78f1d5048098/coverage.cobertura.xml;/tmp/cerberus-uc25-worktree/tests/Application/ArturRios.Cerberus.Shared.Tests/TestResults/2c9890b4-4377-4c06-9d8b-244af7dcf581/coverage.cobertura.xml;/tmp/cerberus-uc25-worktree/tests/Domain/ArturRios.Cerberus.Domain.Tests/TestResults/35960265-de95-436f-aa73-9866c1e07680/coverage.cobertura.xml;/tmp/cerberus-uc25-worktree/tests/Infrastructure/ArturRios.Cerberus.Data.Tests/TestResults/fffed396-c9e3-4a2e-ac44-be6bbbddb9c0/coverage.cobertura.xml;/tmp/cerberus-uc25-worktree/tests/Presentation/ArturRios.Cerberus.WebApi.Tests/TestResults/26c4d66a-dd8b-48b2-9136-d34e3a33f7f9/coverage.cobertura.xml -targetdir:/tmp/cerberus-uc25-worktree/docs/coverage-report -reporttypes:Html;JsonSummary -assemblyfilters:+ArturRios.Cerberus.*;-*.Tests -title:Cerberus API
2026-10-09T07:56:56: Arguments
2026-10-09T07:56:56:  -reports:/tmp/cerberus-uc25-worktree/tests/Application/ArturRios.Cerberus.Command.Tests/TestResults/8bdcd0dd-81c2-4031-b24a-0f0efc4d30d1/coverage.cobertura.xml;/tmp/cerberus-uc25-worktree/tests/Application/ArturRios.Cerberus.Query.Tests/TestResults/3aea69d3-fe82-48c6-8075-78f1d5048098/coverage.cobertura.xml;/tmp/cerberus-uc25-worktree/tests/Application/ArturRios.Cerberus.Shared.Tests/TestResults/2c9890b4-4377-4c06-9d8b-244af7dcf581/coverage.cobertura.xml;/tmp/cerberus-uc25-worktree/tests/Domain/ArturRios.Cerberus.Domain.Tests/TestResults/35960265-de95-436f-aa73-9866c1e07680/coverage.cobertura.xml;/tmp/cerberus-uc25-worktree/tests/Infrastructure/ArturRios.Cerberus.Data.Tests/TestResults/fffed396-c9e3-4a2e-ac44-be6bbbddb9c0/coverage.cobertura.xml;/tmp/cerberus-uc25-worktree/tests/Presentation/ArturRios.Cerberus.WebApi.Tests/TestResults/26c4d66a-dd8b-48b2-9136-d34e3a33f7f9/coverage.cobertura.xml
2026-10-09T07:56:56:  -targetdir:/tmp/cerberus-uc25-worktree/docs/coverage-report
2026-10-09T07:56:56:  -reporttypes:Html;JsonSummary
2026-10-09T07:56:56:  -assemblyfilters:+ArturRios.Cerberus.*;-*.Tests
2026-10-09T07:56:56:  -title:Cerberus API
2026-10-09T07:56:57: Writing report file '/tmp/cerberus-uc25-worktree/docs/coverage-report/index.html'
2026-10-09T07:56:57: Writing report file '/tmp/cerberus-uc25-worktree/docs/coverage-report/Summary.json'
2026-10-09T07:56:57: Report generation took 0.8 seconds

Report written to /tmp/cerberus-uc25-worktree/docs/coverage-report
Line coverage 98.4% (minimum 90.0%)
Open the HTML report at: /tmp/cerberus-uc25-worktree/docs/coverage-report/index.html
