  Determining projects to restore...
  Restored /tmp/cerberus-uc21-worktree/src/Application/ArturRios.Cerberus.Query/ArturRios.Cerberus.Query.csproj (in 368 ms).
  Restored /tmp/cerberus-uc21-worktree/src/Presentation/ArturRios.Cerberus.WebApi/ArturRios.Cerberus.WebApi.csproj (in 368 ms).
  Restored /tmp/cerberus-uc21-worktree/tests/Presentation/ArturRios.Cerberus.WebApi.Tests/ArturRios.Cerberus.WebApi.Tests.csproj (in 368 ms).
  4 of 7 projects are up-to-date for restore.
  ArturRios.Cerberus.Domain -> /tmp/cerberus-uc21-worktree/src/Domain/ArturRios.Cerberus.Domain/bin/Debug/net10.0/ArturRios.Cerberus.Domain.dll
  ArturRios.Cerberus.Shared -> /tmp/cerberus-uc21-worktree/src/Application/ArturRios.Cerberus.Shared/bin/Debug/net10.0/ArturRios.Cerberus.Shared.dll
  ArturRios.Cerberus.Command -> /tmp/cerberus-uc21-worktree/src/Application/ArturRios.Cerberus.Command/bin/Debug/net10.0/ArturRios.Cerberus.Command.dll
  ArturRios.Cerberus.Query -> /tmp/cerberus-uc21-worktree/src/Application/ArturRios.Cerberus.Query/bin/Debug/net10.0/ArturRios.Cerberus.Query.dll
  ArturRios.Cerberus.Data -> /tmp/cerberus-uc21-worktree/src/Infrastructure/ArturRios.Cerberus.Data/bin/Debug/net10.0/ArturRios.Cerberus.Data.dll
  ArturRios.Cerberus.WebApi -> /tmp/cerberus-uc21-worktree/src/Presentation/ArturRios.Cerberus.WebApi/bin/Debug/net10.0/ArturRios.Cerberus.WebApi.dll
  ArturRios.Cerberus.WebApi.Tests -> /tmp/cerberus-uc21-worktree/tests/Presentation/ArturRios.Cerberus.WebApi.Tests/bin/Debug/net10.0/ArturRios.Cerberus.WebApi.Tests.dll
Test run for /tmp/cerberus-uc21-worktree/tests/Presentation/ArturRios.Cerberus.WebApi.Tests/bin/Debug/net10.0/ArturRios.Cerberus.WebApi.Tests.dll (.NETCoreApp,Version=v10.0)
VSTest version 18.0.2 (x64)

Starting test execution, please wait...
A total of 1 test files matched the specified pattern.
[xUnit.net 00:00:09.56]     ArturRios.Cerberus.WebApi.Tests.RecordMoveHttpTests.GivenActualNativeOwnedScope_WhenMoving_ThenRetainCipherLinksAndHandleAndReturnFourFields(mode: "wide", route: "fromRoot") [FAIL]
  Failed ArturRios.Cerberus.WebApi.Tests.RecordMoveHttpTests.GivenActualNativeOwnedScope_WhenMoving_ThenRetainCipherLinksAndHandleAndReturnFourFields(mode: "wide", route: "fromRoot") [2 s]
  Error Message:
   Assert.Contains() Failure: Sub-string not found
String:    ""
Not found: "record_moved"
  Stack Trace:
     at ArturRios.Cerberus.WebApi.Tests.RecordMoveHttpTests.GivenActualNativeOwnedScope_WhenMoving_ThenRetainCipherLinksAndHandleAndReturnFourFields(String mode, String route) in /tmp/cerberus-uc21-worktree/tests/Presentation/ArturRios.Cerberus.WebApi.Tests/RecordMoveHttpTests.cs:line 36
--- End of stack trace from previous location ---
[xUnit.net 00:00:10.21]     ArturRios.Cerberus.WebApi.Tests.RecordMoveHttpTests.GivenActualNativeOwnedScope_WhenMoving_ThenRetainCipherLinksAndHandleAndReturnFourFields(mode: "PerProfile", route: "toRoot") [FAIL]
[xUnit.net 00:00:10.36]     ArturRios.Cerberus.WebApi.Tests.RecordMoveHttpTests.GivenActualNativeOwnedScope_WhenMoving_ThenRetainCipherLinksAndHandleAndReturnFourFields(mode: "wide", route: "same") [FAIL]
[xUnit.net 00:00:10.71]     ArturRios.Cerberus.WebApi.Tests.RecordMoveHttpTests.GivenActualNativeOwnedScope_WhenMoving_ThenRetainCipherLinksAndHandleAndReturnFourFields(mode: "Master", route: "same") [FAIL]
[xUnit.net 00:00:10.85]     ArturRios.Cerberus.WebApi.Tests.RecordMoveHttpTests.GivenActualNativeOwnedScope_WhenMoving_ThenRetainCipherLinksAndHandleAndReturnFourFields(mode: "wide", route: "between") [FAIL]
[xUnit.net 00:00:11.04]     ArturRios.Cerberus.WebApi.Tests.RecordMoveHttpTests.GivenActualNativeOwnedScope_WhenMoving_ThenRetainCipherLinksAndHandleAndReturnFourFields(mode: "PerProfile", route: "same") [FAIL]
  Failed ArturRios.Cerberus.WebApi.Tests.RecordMoveHttpTests.GivenActualNativeOwnedScope_WhenMoving_ThenRetainCipherLinksAndHandleAndReturnFourFields(mode: "PerProfile", route: "toRoot") [651 ms]
  Error Message:
   Assert.Contains() Failure: Sub-string not found
String:    ""
Not found: "record_moved"
  Stack Trace:
     at ArturRios.Cerberus.WebApi.Tests.RecordMoveHttpTests.GivenActualNativeOwnedScope_WhenMoving_ThenRetainCipherLinksAndHandleAndReturnFourFields(String mode, String route) in /tmp/cerberus-uc21-worktree/tests/Presentation/ArturRios.Cerberus.WebApi.Tests/RecordMoveHttpTests.cs:line 36
--- End of stack trace from previous location ---
  Failed ArturRios.Cerberus.WebApi.Tests.RecordMoveHttpTests.GivenActualNativeOwnedScope_WhenMoving_ThenRetainCipherLinksAndHandleAndReturnFourFields(mode: "wide", route: "same") [147 ms]
  Error Message:
   Assert.Contains() Failure: Sub-string not found
String:    ""
Not found: "record_moved"
  Stack Trace:
     at ArturRios.Cerberus.WebApi.Tests.RecordMoveHttpTests.GivenActualNativeOwnedScope_WhenMoving_ThenRetainCipherLinksAndHandleAndReturnFourFields(String mode, String route) in /tmp/cerberus-uc21-worktree/tests/Presentation/ArturRios.Cerberus.WebApi.Tests/RecordMoveHttpTests.cs:line 36
--- End of stack trace from previous location ---
  Failed ArturRios.Cerberus.WebApi.Tests.RecordMoveHttpTests.GivenActualNativeOwnedScope_WhenMoving_ThenRetainCipherLinksAndHandleAndReturnFourFields(mode: "Master", route: "same") [344 ms]
  Error Message:
   Assert.Contains() Failure: Sub-string not found
String:    ""
Not found: "record_moved"
  Stack Trace:
     at ArturRios.Cerberus.WebApi.Tests.RecordMoveHttpTests.GivenActualNativeOwnedScope_WhenMoving_ThenRetainCipherLinksAndHandleAndReturnFourFields(String mode, String route) in /tmp/cerberus-uc21-worktree/tests/Presentation/ArturRios.Cerberus.WebApi.Tests/RecordMoveHttpTests.cs:line 36
--- End of stack trace from previous location ---
  Failed ArturRios.Cerberus.WebApi.Tests.RecordMoveHttpTests.GivenActualNativeOwnedScope_WhenMoving_ThenRetainCipherLinksAndHandleAndReturnFourFields(mode: "wide", route: "between") [147 ms]
  Error Message:
   Assert.Contains() Failure: Sub-string not found
String:    ""
Not found: "record_moved"
  Stack Trace:
     at ArturRios.Cerberus.WebApi.Tests.RecordMoveHttpTests.GivenActualNativeOwnedScope_WhenMoving_ThenRetainCipherLinksAndHandleAndReturnFourFields(String mode, String route) in /tmp/cerberus-uc21-worktree/tests/Presentation/ArturRios.Cerberus.WebApi.Tests/RecordMoveHttpTests.cs:line 36
--- End of stack trace from previous location ---
  Failed ArturRios.Cerberus.WebApi.Tests.RecordMoveHttpTests.GivenActualNativeOwnedScope_WhenMoving_ThenRetainCipherLinksAndHandleAndReturnFourFields(mode: "PerProfile", route: "same") [189 ms]
  Error Message:
   Assert.Contains() Failure: Sub-string not found
String:    ""
Not found: "record_moved"
  Stack Trace:
     at ArturRios.Cerberus.WebApi.Tests.RecordMoveHttpTests.GivenActualNativeOwnedScope_WhenMoving_ThenRetainCipherLinksAndHandleAndReturnFourFields(String mode, String route) in /tmp/cerberus-uc21-worktree/tests/Presentation/ArturRios.Cerberus.WebApi.Tests/RecordMoveHttpTests.cs:line 36
--- End of stack trace from previous location ---
[xUnit.net 00:00:11.29]     ArturRios.Cerberus.WebApi.Tests.RecordMoveHttpTests.GivenActualNativeOwnedScope_WhenMoving_ThenRetainCipherLinksAndHandleAndReturnFourFields(mode: "PerProfile", route: "between") [FAIL]
[xUnit.net 00:00:11.52]     ArturRios.Cerberus.WebApi.Tests.RecordMoveHttpTests.GivenActualNativeOwnedScope_WhenMoving_ThenRetainCipherLinksAndHandleAndReturnFourFields(mode: "Master", route: "toRoot") [FAIL]
[xUnit.net 00:00:11.76]     ArturRios.Cerberus.WebApi.Tests.RecordMoveHttpTests.GivenActualNativeOwnedScope_WhenMoving_ThenRetainCipherLinksAndHandleAndReturnFourFields(mode: "Master", route: "between") [FAIL]
[xUnit.net 00:00:11.88]     ArturRios.Cerberus.WebApi.Tests.RecordMoveHttpTests.GivenActualNativeOwnedScope_WhenMoving_ThenRetainCipherLinksAndHandleAndReturnFourFields(mode: "wide", route: "toRoot") [FAIL]
[xUnit.net 00:00:12.02]     ArturRios.Cerberus.WebApi.Tests.RecordMoveHttpTests.GivenActualNativeOwnedScope_WhenMoving_ThenRetainCipherLinksAndHandleAndReturnFourFields(mode: "wide", route: "rootNoop") [FAIL]
  Failed ArturRios.Cerberus.WebApi.Tests.RecordMoveHttpTests.GivenActualNativeOwnedScope_WhenMoving_ThenRetainCipherLinksAndHandleAndReturnFourFields(mode: "PerProfile", route: "between") [243 ms]
  Error Message:
   Assert.Contains() Failure: Sub-string not found
String:    ""
Not found: "record_moved"
  Stack Trace:
     at ArturRios.Cerberus.WebApi.Tests.RecordMoveHttpTests.GivenActualNativeOwnedScope_WhenMoving_ThenRetainCipherLinksAndHandleAndReturnFourFields(String mode, String route) in /tmp/cerberus-uc21-worktree/tests/Presentation/ArturRios.Cerberus.WebApi.Tests/RecordMoveHttpTests.cs:line 36
--- End of stack trace from previous location ---
  Failed ArturRios.Cerberus.WebApi.Tests.RecordMoveHttpTests.GivenActualNativeOwnedScope_WhenMoving_ThenRetainCipherLinksAndHandleAndReturnFourFields(mode: "Master", route: "toRoot") [226 ms]
  Error Message:
   Assert.Contains() Failure: Sub-string not found
String:    ""
Not found: "record_moved"
  Stack Trace:
     at ArturRios.Cerberus.WebApi.Tests.RecordMoveHttpTests.GivenActualNativeOwnedScope_WhenMoving_ThenRetainCipherLinksAndHandleAndReturnFourFields(String mode, String route) in /tmp/cerberus-uc21-worktree/tests/Presentation/ArturRios.Cerberus.WebApi.Tests/RecordMoveHttpTests.cs:line 36
--- End of stack trace from previous location ---
  Failed ArturRios.Cerberus.WebApi.Tests.RecordMoveHttpTests.GivenActualNativeOwnedScope_WhenMoving_ThenRetainCipherLinksAndHandleAndReturnFourFields(mode: "Master", route: "between") [248 ms]
  Error Message:
   Assert.Contains() Failure: Sub-string not found
String:    ""
Not found: "record_moved"
  Stack Trace:
     at ArturRios.Cerberus.WebApi.Tests.RecordMoveHttpTests.GivenActualNativeOwnedScope_WhenMoving_ThenRetainCipherLinksAndHandleAndReturnFourFields(String mode, String route) in /tmp/cerberus-uc21-worktree/tests/Presentation/ArturRios.Cerberus.WebApi.Tests/RecordMoveHttpTests.cs:line 36
--- End of stack trace from previous location ---
  Failed ArturRios.Cerberus.WebApi.Tests.RecordMoveHttpTests.GivenActualNativeOwnedScope_WhenMoving_ThenRetainCipherLinksAndHandleAndReturnFourFields(mode: "wide", route: "toRoot") [112 ms]
  Error Message:
   Assert.Contains() Failure: Sub-string not found
String:    ""
Not found: "record_moved"
  Stack Trace:
     at ArturRios.Cerberus.WebApi.Tests.RecordMoveHttpTests.GivenActualNativeOwnedScope_WhenMoving_ThenRetainCipherLinksAndHandleAndReturnFourFields(String mode, String route) in /tmp/cerberus-uc21-worktree/tests/Presentation/ArturRios.Cerberus.WebApi.Tests/RecordMoveHttpTests.cs:line 36
--- End of stack trace from previous location ---
  Failed ArturRios.Cerberus.WebApi.Tests.RecordMoveHttpTests.GivenActualNativeOwnedScope_WhenMoving_ThenRetainCipherLinksAndHandleAndReturnFourFields(mode: "wide", route: "rootNoop") [139 ms]
  Error Message:
   Assert.Contains() Failure: Sub-string not found
String:    ""
Not found: "record_moved"
  Stack Trace:
     at ArturRios.Cerberus.WebApi.Tests.RecordMoveHttpTests.GivenActualNativeOwnedScope_WhenMoving_ThenRetainCipherLinksAndHandleAndReturnFourFields(String mode, String route) in /tmp/cerberus-uc21-worktree/tests/Presentation/ArturRios.Cerberus.WebApi.Tests/RecordMoveHttpTests.cs:line 36
--- End of stack trace from previous location ---

Failed!  - Failed:    11, Passed:     0, Skipped:     0, Total:    11, Duration: 5 s - ArturRios.Cerberus.WebApi.Tests.dll (net10.0)
