  Determining projects to restore...
  All projects are up-to-date for restore.
  ArturRios.Cerberus.Domain -> /tmp/cerberus-uc21-worktree/src/Domain/ArturRios.Cerberus.Domain/bin/Debug/net10.0/ArturRios.Cerberus.Domain.dll
  ArturRios.Cerberus.Shared -> /tmp/cerberus-uc21-worktree/src/Application/ArturRios.Cerberus.Shared/bin/Debug/net10.0/ArturRios.Cerberus.Shared.dll
  ArturRios.Cerberus.Data -> /tmp/cerberus-uc21-worktree/src/Infrastructure/ArturRios.Cerberus.Data/bin/Debug/net10.0/ArturRios.Cerberus.Data.dll
  ArturRios.Cerberus.Command -> /tmp/cerberus-uc21-worktree/src/Application/ArturRios.Cerberus.Command/bin/Debug/net10.0/ArturRios.Cerberus.Command.dll
  ArturRios.Cerberus.Query -> /tmp/cerberus-uc21-worktree/src/Application/ArturRios.Cerberus.Query/bin/Debug/net10.0/ArturRios.Cerberus.Query.dll
  ArturRios.Cerberus.WebApi -> /tmp/cerberus-uc21-worktree/src/Presentation/ArturRios.Cerberus.WebApi/bin/Debug/net10.0/ArturRios.Cerberus.WebApi.dll
  ArturRios.Cerberus.WebApi.Tests -> /tmp/cerberus-uc21-worktree/tests/Presentation/ArturRios.Cerberus.WebApi.Tests/bin/Debug/net10.0/ArturRios.Cerberus.WebApi.Tests.dll
Test run for /tmp/cerberus-uc21-worktree/tests/Presentation/ArturRios.Cerberus.WebApi.Tests/bin/Debug/net10.0/ArturRios.Cerberus.WebApi.Tests.dll (.NETCoreApp,Version=v10.0)
VSTest version 18.0.2 (x64)

Starting test execution, please wait...
A total of 1 test files matched the specified pattern.
[xUnit.net 00:00:07.95]     ArturRios.Cerberus.WebApi.Tests.RecordMoveHttpTests.GivenActualNativeOwnedScope_WhenMoving_ThenRetainCipherLinksAndHandleAndReturnFourFields(mode: "wide", route: "fromRoot") [FAIL]
  Failed ArturRios.Cerberus.WebApi.Tests.RecordMoveHttpTests.GivenActualNativeOwnedScope_WhenMoving_ThenRetainCipherLinksAndHandleAndReturnFourFields(mode: "wide", route: "fromRoot") [1 s]
  Error Message:
   Assert.Equal() Failure: Values differ
Expected: OK
Actual:   NotFound
  Stack Trace:
     at ArturRios.Cerberus.WebApi.Tests.RecordMoveHttpTests.Success[T](HttpResponseMessage r, Int32 status) in /tmp/cerberus-uc21-worktree/tests/Presentation/ArturRios.Cerberus.WebApi.Tests/RecordMoveHttpTests.cs:line 149
   at ArturRios.Cerberus.WebApi.Tests.RecordMoveHttpTests.GivenActualNativeOwnedScope_WhenMoving_ThenRetainCipherLinksAndHandleAndReturnFourFields(String mode, String route) in /tmp/cerberus-uc21-worktree/tests/Presentation/ArturRios.Cerberus.WebApi.Tests/RecordMoveHttpTests.cs:line 36
--- End of stack trace from previous location ---
[xUnit.net 00:00:08.61]     ArturRios.Cerberus.WebApi.Tests.RecordMoveHttpTests.GivenActualNativeOwnedScope_WhenMoving_ThenRetainCipherLinksAndHandleAndReturnFourFields(mode: "PerProfile", route: "toRoot") [FAIL]
[xUnit.net 00:00:08.94]     ArturRios.Cerberus.WebApi.Tests.RecordMoveHttpTests.GivenActualNativeOwnedScope_WhenMoving_ThenRetainCipherLinksAndHandleAndReturnFourFields(mode: "MasterFolder", route: "between") [FAIL]
[xUnit.net 00:00:09.11]     ArturRios.Cerberus.WebApi.Tests.RecordMoveHttpTests.GivenActualNativeOwnedScope_WhenMoving_ThenRetainCipherLinksAndHandleAndReturnFourFields(mode: "wide", route: "same") [FAIL]
[xUnit.net 00:00:09.47]     ArturRios.Cerberus.WebApi.Tests.RecordMoveHttpTests.GivenActualNativeOwnedScope_WhenMoving_ThenRetainCipherLinksAndHandleAndReturnFourFields(mode: "Master", route: "same") [FAIL]
  Failed ArturRios.Cerberus.WebApi.Tests.RecordMoveHttpTests.GivenActualNativeOwnedScope_WhenMoving_ThenRetainCipherLinksAndHandleAndReturnFourFields(mode: "PerProfile", route: "toRoot") [658 ms]
  Error Message:
   Assert.Equal() Failure: Values differ
Expected: OK
Actual:   NotFound
  Stack Trace:
     at ArturRios.Cerberus.WebApi.Tests.RecordMoveHttpTests.Success[T](HttpResponseMessage r, Int32 status) in /tmp/cerberus-uc21-worktree/tests/Presentation/ArturRios.Cerberus.WebApi.Tests/RecordMoveHttpTests.cs:line 149
   at ArturRios.Cerberus.WebApi.Tests.RecordMoveHttpTests.GivenActualNativeOwnedScope_WhenMoving_ThenRetainCipherLinksAndHandleAndReturnFourFields(String mode, String route) in /tmp/cerberus-uc21-worktree/tests/Presentation/ArturRios.Cerberus.WebApi.Tests/RecordMoveHttpTests.cs:line 36
--- End of stack trace from previous location ---
  Failed ArturRios.Cerberus.WebApi.Tests.RecordMoveHttpTests.GivenActualNativeOwnedScope_WhenMoving_ThenRetainCipherLinksAndHandleAndReturnFourFields(mode: "MasterFolder", route: "between") [335 ms]
  Error Message:
   Assert.Equal() Failure: Values differ
Expected: OK
Actual:   NotFound
  Stack Trace:
     at ArturRios.Cerberus.WebApi.Tests.RecordMoveHttpTests.Success[T](HttpResponseMessage r, Int32 status) in /tmp/cerberus-uc21-worktree/tests/Presentation/ArturRios.Cerberus.WebApi.Tests/RecordMoveHttpTests.cs:line 149
   at ArturRios.Cerberus.WebApi.Tests.RecordMoveHttpTests.GivenActualNativeOwnedScope_WhenMoving_ThenRetainCipherLinksAndHandleAndReturnFourFields(String mode, String route) in /tmp/cerberus-uc21-worktree/tests/Presentation/ArturRios.Cerberus.WebApi.Tests/RecordMoveHttpTests.cs:line 36
--- End of stack trace from previous location ---
  Failed ArturRios.Cerberus.WebApi.Tests.RecordMoveHttpTests.GivenActualNativeOwnedScope_WhenMoving_ThenRetainCipherLinksAndHandleAndReturnFourFields(mode: "wide", route: "same") [169 ms]
  Error Message:
   Assert.Equal() Failure: Values differ
Expected: OK
Actual:   NotFound
  Stack Trace:
     at ArturRios.Cerberus.WebApi.Tests.RecordMoveHttpTests.Success[T](HttpResponseMessage r, Int32 status) in /tmp/cerberus-uc21-worktree/tests/Presentation/ArturRios.Cerberus.WebApi.Tests/RecordMoveHttpTests.cs:line 149
   at ArturRios.Cerberus.WebApi.Tests.RecordMoveHttpTests.GivenActualNativeOwnedScope_WhenMoving_ThenRetainCipherLinksAndHandleAndReturnFourFields(String mode, String route) in /tmp/cerberus-uc21-worktree/tests/Presentation/ArturRios.Cerberus.WebApi.Tests/RecordMoveHttpTests.cs:line 36
--- End of stack trace from previous location ---
  Failed ArturRios.Cerberus.WebApi.Tests.RecordMoveHttpTests.GivenActualNativeOwnedScope_WhenMoving_ThenRetainCipherLinksAndHandleAndReturnFourFields(mode: "Master", route: "same") [346 ms]
  Error Message:
   Assert.Equal() Failure: Values differ
Expected: OK
Actual:   NotFound
  Stack Trace:
     at ArturRios.Cerberus.WebApi.Tests.RecordMoveHttpTests.Success[T](HttpResponseMessage r, Int32 status) in /tmp/cerberus-uc21-worktree/tests/Presentation/ArturRios.Cerberus.WebApi.Tests/RecordMoveHttpTests.cs:line 149
   at ArturRios.Cerberus.WebApi.Tests.RecordMoveHttpTests.GivenActualNativeOwnedScope_WhenMoving_ThenRetainCipherLinksAndHandleAndReturnFourFields(String mode, String route) in /tmp/cerberus-uc21-worktree/tests/Presentation/ArturRios.Cerberus.WebApi.Tests/RecordMoveHttpTests.cs:line 36
--- End of stack trace from previous location ---
[xUnit.net 00:00:09.66]     ArturRios.Cerberus.WebApi.Tests.RecordMoveHttpTests.GivenActualNativeOwnedScope_WhenMoving_ThenRetainCipherLinksAndHandleAndReturnFourFields(mode: "wide", route: "between") [FAIL]
[xUnit.net 00:00:09.92]     ArturRios.Cerberus.WebApi.Tests.RecordMoveHttpTests.GivenActualNativeOwnedScope_WhenMoving_ThenRetainCipherLinksAndHandleAndReturnFourFields(mode: "PerProfileFolder", route: "between") [FAIL]
[xUnit.net 00:00:10.20]     ArturRios.Cerberus.WebApi.Tests.RecordMoveHttpTests.GivenActualNativeOwnedScope_WhenMoving_ThenRetainCipherLinksAndHandleAndReturnFourFields(mode: "PerProfile", route: "same") [FAIL]
[xUnit.net 00:00:10.45]     ArturRios.Cerberus.WebApi.Tests.RecordMoveHttpTests.GivenActualNativeOwnedScope_WhenMoving_ThenRetainCipherLinksAndHandleAndReturnFourFields(mode: "PerProfile", route: "between") [FAIL]
[xUnit.net 00:00:10.71]     ArturRios.Cerberus.WebApi.Tests.RecordMoveHttpTests.GivenActualNativeOwnedScope_WhenMoving_ThenRetainCipherLinksAndHandleAndReturnFourFields(mode: "Master", route: "toRoot") [FAIL]
[xUnit.net 00:00:10.91]     ArturRios.Cerberus.WebApi.Tests.RecordMoveHttpTests.GivenActualNativeOwnedScope_WhenMoving_ThenRetainCipherLinksAndHandleAndReturnFourFields(mode: "Master", route: "between") [FAIL]
  Failed ArturRios.Cerberus.WebApi.Tests.RecordMoveHttpTests.GivenActualNativeOwnedScope_WhenMoving_ThenRetainCipherLinksAndHandleAndReturnFourFields(mode: "wide", route: "between") [186 ms]
  Error Message:
   Assert.Equal() Failure: Values differ
Expected: OK
Actual:   NotFound
  Stack Trace:
     at ArturRios.Cerberus.WebApi.Tests.RecordMoveHttpTests.Success[T](HttpResponseMessage r, Int32 status) in /tmp/cerberus-uc21-worktree/tests/Presentation/ArturRios.Cerberus.WebApi.Tests/RecordMoveHttpTests.cs:line 149
   at ArturRios.Cerberus.WebApi.Tests.RecordMoveHttpTests.GivenActualNativeOwnedScope_WhenMoving_ThenRetainCipherLinksAndHandleAndReturnFourFields(String mode, String route) in /tmp/cerberus-uc21-worktree/tests/Presentation/ArturRios.Cerberus.WebApi.Tests/RecordMoveHttpTests.cs:line 36
--- End of stack trace from previous location ---
  Failed ArturRios.Cerberus.WebApi.Tests.RecordMoveHttpTests.GivenActualNativeOwnedScope_WhenMoving_ThenRetainCipherLinksAndHandleAndReturnFourFields(mode: "PerProfileFolder", route: "between") [260 ms]
  Error Message:
   Assert.Equal() Failure: Values differ
Expected: OK
Actual:   NotFound
  Stack Trace:
     at ArturRios.Cerberus.WebApi.Tests.RecordMoveHttpTests.Success[T](HttpResponseMessage r, Int32 status) in /tmp/cerberus-uc21-worktree/tests/Presentation/ArturRios.Cerberus.WebApi.Tests/RecordMoveHttpTests.cs:line 149
   at ArturRios.Cerberus.WebApi.Tests.RecordMoveHttpTests.GivenActualNativeOwnedScope_WhenMoving_ThenRetainCipherLinksAndHandleAndReturnFourFields(String mode, String route) in /tmp/cerberus-uc21-worktree/tests/Presentation/ArturRios.Cerberus.WebApi.Tests/RecordMoveHttpTests.cs:line 36
--- End of stack trace from previous location ---
  Failed ArturRios.Cerberus.WebApi.Tests.RecordMoveHttpTests.GivenActualNativeOwnedScope_WhenMoving_ThenRetainCipherLinksAndHandleAndReturnFourFields(mode: "PerProfile", route: "same") [278 ms]
  Error Message:
   Assert.Equal() Failure: Values differ
Expected: OK
Actual:   NotFound
  Stack Trace:
     at ArturRios.Cerberus.WebApi.Tests.RecordMoveHttpTests.Success[T](HttpResponseMessage r, Int32 status) in /tmp/cerberus-uc21-worktree/tests/Presentation/ArturRios.Cerberus.WebApi.Tests/RecordMoveHttpTests.cs:line 149
   at ArturRios.Cerberus.WebApi.Tests.RecordMoveHttpTests.GivenActualNativeOwnedScope_WhenMoving_ThenRetainCipherLinksAndHandleAndReturnFourFields(String mode, String route) in /tmp/cerberus-uc21-worktree/tests/Presentation/ArturRios.Cerberus.WebApi.Tests/RecordMoveHttpTests.cs:line 36
--- End of stack trace from previous location ---
  Failed ArturRios.Cerberus.WebApi.Tests.RecordMoveHttpTests.GivenActualNativeOwnedScope_WhenMoving_ThenRetainCipherLinksAndHandleAndReturnFourFields(mode: "PerProfile", route: "between") [253 ms]
  Error Message:
   Assert.Equal() Failure: Values differ
Expected: OK
Actual:   NotFound
  Stack Trace:
     at ArturRios.Cerberus.WebApi.Tests.RecordMoveHttpTests.Success[T](HttpResponseMessage r, Int32 status) in /tmp/cerberus-uc21-worktree/tests/Presentation/ArturRios.Cerberus.WebApi.Tests/RecordMoveHttpTests.cs:line 149
   at ArturRios.Cerberus.WebApi.Tests.RecordMoveHttpTests.GivenActualNativeOwnedScope_WhenMoving_ThenRetainCipherLinksAndHandleAndReturnFourFields(String mode, String route) in /tmp/cerberus-uc21-worktree/tests/Presentation/ArturRios.Cerberus.WebApi.Tests/RecordMoveHttpTests.cs:line 36
--- End of stack trace from previous location ---
  Failed ArturRios.Cerberus.WebApi.Tests.RecordMoveHttpTests.GivenActualNativeOwnedScope_WhenMoving_ThenRetainCipherLinksAndHandleAndReturnFourFields(mode: "Master", route: "toRoot") [258 ms]
  Error Message:
   Assert.Equal() Failure: Values differ
Expected: OK
Actual:   NotFound
  Stack Trace:
     at ArturRios.Cerberus.WebApi.Tests.RecordMoveHttpTests.Success[T](HttpResponseMessage r, Int32 status) in /tmp/cerberus-uc21-worktree/tests/Presentation/ArturRios.Cerberus.WebApi.Tests/RecordMoveHttpTests.cs:line 149
   at ArturRios.Cerberus.WebApi.Tests.RecordMoveHttpTests.GivenActualNativeOwnedScope_WhenMoving_ThenRetainCipherLinksAndHandleAndReturnFourFields(String mode, String route) in /tmp/cerberus-uc21-worktree/tests/Presentation/ArturRios.Cerberus.WebApi.Tests/RecordMoveHttpTests.cs:line 36
--- End of stack trace from previous location ---
  Failed ArturRios.Cerberus.WebApi.Tests.RecordMoveHttpTests.GivenActualNativeOwnedScope_WhenMoving_ThenRetainCipherLinksAndHandleAndReturnFourFields(mode: "Master", route: "between") [192 ms]
  Error Message:
   Assert.Equal() Failure: Values differ
Expected: OK
Actual:   NotFound
  Stack Trace:
     at ArturRios.Cerberus.WebApi.Tests.RecordMoveHttpTests.Success[T](HttpResponseMessage r, Int32 status) in /tmp/cerberus-uc21-worktree/tests/Presentation/ArturRios.Cerberus.WebApi.Tests/RecordMoveHttpTests.cs:line 149
   at ArturRios.Cerberus.WebApi.Tests.RecordMoveHttpTests.GivenActualNativeOwnedScope_WhenMoving_ThenRetainCipherLinksAndHandleAndReturnFourFields(String mode, String route) in /tmp/cerberus-uc21-worktree/tests/Presentation/ArturRios.Cerberus.WebApi.Tests/RecordMoveHttpTests.cs:line 36
--- End of stack trace from previous location ---
[xUnit.net 00:00:11.06]     ArturRios.Cerberus.WebApi.Tests.RecordMoveHttpTests.GivenActualNativeOwnedScope_WhenMoving_ThenRetainCipherLinksAndHandleAndReturnFourFields(mode: "wide", route: "toRoot") [FAIL]
[xUnit.net 00:00:11.23]     ArturRios.Cerberus.WebApi.Tests.RecordMoveHttpTests.GivenActualNativeOwnedScope_WhenMoving_ThenRetainCipherLinksAndHandleAndReturnFourFields(mode: "wide", route: "rootNoop") [FAIL]
  Failed ArturRios.Cerberus.WebApi.Tests.RecordMoveHttpTests.GivenActualNativeOwnedScope_WhenMoving_ThenRetainCipherLinksAndHandleAndReturnFourFields(mode: "wide", route: "toRoot") [150 ms]
  Error Message:
   Assert.Equal() Failure: Values differ
Expected: OK
Actual:   NotFound
  Stack Trace:
     at ArturRios.Cerberus.WebApi.Tests.RecordMoveHttpTests.Success[T](HttpResponseMessage r, Int32 status) in /tmp/cerberus-uc21-worktree/tests/Presentation/ArturRios.Cerberus.WebApi.Tests/RecordMoveHttpTests.cs:line 149
   at ArturRios.Cerberus.WebApi.Tests.RecordMoveHttpTests.GivenActualNativeOwnedScope_WhenMoving_ThenRetainCipherLinksAndHandleAndReturnFourFields(String mode, String route) in /tmp/cerberus-uc21-worktree/tests/Presentation/ArturRios.Cerberus.WebApi.Tests/RecordMoveHttpTests.cs:line 36
--- End of stack trace from previous location ---
  Failed ArturRios.Cerberus.WebApi.Tests.RecordMoveHttpTests.GivenActualNativeOwnedScope_WhenMoving_ThenRetainCipherLinksAndHandleAndReturnFourFields(mode: "wide", route: "rootNoop") [169 ms]
  Error Message:
   Assert.Equal() Failure: Values differ
Expected: OK
Actual:   NotFound
  Stack Trace:
     at ArturRios.Cerberus.WebApi.Tests.RecordMoveHttpTests.Success[T](HttpResponseMessage r, Int32 status) in /tmp/cerberus-uc21-worktree/tests/Presentation/ArturRios.Cerberus.WebApi.Tests/RecordMoveHttpTests.cs:line 149
   at ArturRios.Cerberus.WebApi.Tests.RecordMoveHttpTests.GivenActualNativeOwnedScope_WhenMoving_ThenRetainCipherLinksAndHandleAndReturnFourFields(String mode, String route) in /tmp/cerberus-uc21-worktree/tests/Presentation/ArturRios.Cerberus.WebApi.Tests/RecordMoveHttpTests.cs:line 36
--- End of stack trace from previous location ---

Failed!  - Failed:    13, Passed:     0, Skipped:     0, Total:    13, Duration: 5 s - ArturRios.Cerberus.WebApi.Tests.dll (net10.0)
