  Determining projects to restore...
  All projects are up-to-date for restore.
  ArturRios.Cerberus.Domain -> /tmp/cerberus-uc21-worktree/src/Domain/ArturRios.Cerberus.Domain/bin/Debug/net10.0/ArturRios.Cerberus.Domain.dll
  ArturRios.Cerberus.Shared -> /tmp/cerberus-uc21-worktree/src/Application/ArturRios.Cerberus.Shared/bin/Debug/net10.0/ArturRios.Cerberus.Shared.dll
  ArturRios.Cerberus.Data -> /tmp/cerberus-uc21-worktree/src/Infrastructure/ArturRios.Cerberus.Data/bin/Debug/net10.0/ArturRios.Cerberus.Data.dll
  ArturRios.Cerberus.Data.Tests -> /tmp/cerberus-uc21-worktree/tests/Infrastructure/ArturRios.Cerberus.Data.Tests/bin/Debug/net10.0/ArturRios.Cerberus.Data.Tests.dll
Test run for /tmp/cerberus-uc21-worktree/tests/Infrastructure/ArturRios.Cerberus.Data.Tests/bin/Debug/net10.0/ArturRios.Cerberus.Data.Tests.dll (.NETCoreApp,Version=v10.0)
VSTest version 18.0.2 (x64)

Starting test execution, please wait...
A total of 1 test files matched the specified pattern.
[xUnit.net 00:00:45.32]     ArturRios.Cerberus.Data.Tests.RecordMoveStoreTests.GivenUnrelatedDeepInventoryAndTwoTargetPaths_WhenMoving_ThenAnalyzeOnlyOneSourceAndDestinationAndOrderOwnedLocks [FAIL]
  Failed ArturRios.Cerberus.Data.Tests.RecordMoveStoreTests.GivenUnrelatedDeepInventoryAndTwoTargetPaths_WhenMoving_ThenAnalyzeOnlyOneSourceAndDestinationAndOrderOwnedLocks [380 ms]
  Error Message:
   Assert.All() Failure: 3 out of 3 items in the collection did not pass.
[0]: Item:  {
                              "Node Type": "CTE Scan",
                              "Parent Relationship": "Outer",
                              "Parallel Aware": false,
                              "Async Capable": false,
                              "CTE Name": "candidates",
                              "Alias": "r_1",
                              "Startup Cost": 0.00,
                              "Total Cost": 0.02,
                              "Plan Rows": 1,
                              "Plan Width": 24,
                              "Actual Startup Time": 0.001,
                              "Actual Total Time": 0.002,
                              "Actual Rows": 1.00,
                              "Actual Loops": 1,
                              "Disabled": false,
                              "Storage": "Memory",
                              "Maximum Storage": 17,
                              "Shared Hit Blocks": 0,
                              "Shared Read Blocks": 0,
                              "Shared Dirtied Blocks": 0,
                              "Shared Written Blocks": 0,
                              "Local Hit Blocks": 0,
                              "Local Read Blocks": 0,
                              "Local Dirtied Blocks": 0,
                              "Local Written Blocks": 0,
                              "Temp Read Blocks": 0,
                              "Temp Written Blocks": 0
                            }
     Error: One of the identified items was in an invalid format.
[1]: Item:  {
                          "Node Type": "CTE Scan",
                          "Parent Relationship": "Outer",
                          "Parallel Aware": false,
                          "Async Capable": false,
                          "CTE Name": "candidates",
                          "Alias": "r_2",
                          "Startup Cost": 0.00,
                          "Total Cost": 0.02,
                          "Plan Rows": 1,
                          "Plan Width": 16,
                          "Actual Startup Time": 0.000,
                          "Actual Total Time": 0.000,
                          "Actual Rows": 1.00,
                          "Actual Loops": 1,
                          "Disabled": false,
                          "Storage": "Memory",
                          "Maximum Storage": 17,
                          "Shared Hit Blocks": 0,
                          "Shared Read Blocks": 0,
                          "Shared Dirtied Blocks": 0,
                          "Shared Written Blocks": 0,
                          "Local Hit Blocks": 0,
                          "Local Read Blocks": 0,
                          "Local Dirtied Blocks": 0,
                          "Local Written Blocks": 0,
                          "Temp Read Blocks": 0,
                          "Temp Written Blocks": 0
                        }
     Error: One of the identified items was in an invalid format.
[2]: Item:  {
                          "Node Type": "CTE Scan",
                          "Parent Relationship": "Outer",
                          "Parallel Aware": false,
                          "Async Capable": false,
                          "CTE Name": "candidates",
                          "Alias": "r_3",
                          "Startup Cost": 0.00,
                          "Total Cost": 0.02,
                          "Plan Rows": 1,
                          "Plan Width": 128,
                          "Actual Startup Time": 0.050,
                          "Actual Total Time": 0.050,
                          "Actual Rows": 1.00,
                          "Actual Loops": 1,
                          "Disabled": false,
                          "Storage": "Memory",
                          "Maximum Storage": 17,
                          "Shared Hit Blocks": 6,
                          "Shared Read Blocks": 0,
                          "Shared Dirtied Blocks": 0,
                          "Shared Written Blocks": 0,
                          "Local Hit Blocks": 0,
                          "Local Read Blocks": 0,
                          "Local Dirtied Blocks": 0,
                          "Local Written Blocks": 0,
                          "Temp Read Blocks": 0,
                          "Temp Written Blocks": 0
                        }
     Error: One of the identified items was in an invalid format.
  Stack Trace:
     at ArturRios.Cerberus.Data.Tests.RecordMoveStoreTests.GivenUnrelatedDeepInventoryAndTwoTargetPaths_WhenMoving_ThenAnalyzeOnlyOneSourceAndDestinationAndOrderOwnedLocks() in /tmp/cerberus-uc21-worktree/tests/Infrastructure/ArturRios.Cerberus.Data.Tests/RecordMoveStoreTests.cs:line 324
--- End of stack trace from previous location ---

Failed!  - Failed:     1, Passed:   132, Skipped:     0, Total:   133, Duration: 39 s - ArturRios.Cerberus.Data.Tests.dll (net10.0)
