Refreshing checks status every 30 seconds. Press Ctrl+C to quit.

test	pending	0	https://github.com/artur-rios/cerberus-api/actions/runs/37940892359/job/113854690452	
branch-policy	pass	4s	https://github.com/artur-rios/cerberus-api/actions/runs/37940892227/job/113854689109	
docker	pass	34s	https://github.com/artur-rios/cerberus-api/actions/runs/37940892359/job/113854689930	
Refreshing checks status every 30 seconds. Press Ctrl+C to quit.

test	pending	0	https://github.com/artur-rios/cerberus-api/actions/runs/37940892359/job/113854690452	
branch-policy	pass	4s	https://github.com/artur-rios/cerberus-api/actions/runs/37940892227/job/113854689109	
docker	pass	34s	https://github.com/artur-rios/cerberus-api/actions/runs/37940892359/job/113854689930	
Refreshing checks status every 30 seconds. Press Ctrl+C to quit.

test	pending	0	https://github.com/artur-rios/cerberus-api/actions/runs/37940892359/job/113854690452	
branch-policy	pass	4s	https://github.com/artur-rios/cerberus-api/actions/runs/37940892227/job/113854689109	
docker	pass	34s	https://github.com/artur-rios/cerberus-api/actions/runs/37940892359/job/113854689930	
Refreshing checks status every 30 seconds. Press Ctrl+C to quit.

test	pending	0	https://github.com/artur-rios/cerberus-api/actions/runs/37940892359/job/113854690452	
branch-policy	pass	4s	https://github.com/artur-rios/cerberus-api/actions/runs/37940892227/job/113854689109	
docker	pass	34s	https://github.com/artur-rios/cerberus-api/actions/runs/37940892359/job/113854689930	
Refreshing checks status every 30 seconds. Press Ctrl+C to quit.

test	pending	0	https://github.com/artur-rios/cerberus-api/actions/runs/37940892359/job/113854690452	
branch-policy	pass	4s	https://github.com/artur-rios/cerberus-api/actions/runs/37940892227/job/113854689109	
docker	pass	34s	https://github.com/artur-rios/cerberus-api/actions/runs/37940892359/job/113854689930	
Refreshing checks status every 30 seconds. Press Ctrl+C to quit.

test	pending	0	https://github.com/artur-rios/cerberus-api/actions/runs/37940892359/job/113854690452	
branch-policy	pass	4s	https://github.com/artur-rios/cerberus-api/actions/runs/37940892227/job/113854689109	
docker	pass	34s	https://github.com/artur-rios/cerberus-api/actions/runs/37940892359/job/113854689930	
Refreshing checks status every 30 seconds. Press Ctrl+C to quit.

test	pending	0	https://github.com/artur-rios/cerberus-api/actions/runs/37940892359/job/113854690452	
branch-policy	pass	4s	https://github.com/artur-rios/cerberus-api/actions/runs/37940892227/job/113854689109	
docker	pass	34s	https://github.com/artur-rios/cerberus-api/actions/runs/37940892359/job/113854689930	
Refreshing checks status every 30 seconds. Press Ctrl+C to quit.

test	pending	0	https://github.com/artur-rios/cerberus-api/actions/runs/37940892359/job/113854690452	
branch-policy	pass	4s	https://github.com/artur-rios/cerberus-api/actions/runs/37940892227/job/113854689109	
docker	pass	34s	https://github.com/artur-rios/cerberus-api/actions/runs/37940892359/job/113854689930	
Refreshing checks status every 30 seconds. Press Ctrl+C to quit.

test	pending	0	https://github.com/artur-rios/cerberus-api/actions/runs/37940892359/job/113854690452	
branch-policy	pass	4s	https://github.com/artur-rios/cerberus-api/actions/runs/37940892227/job/113854689109	
docker	pass	34s	https://github.com/artur-rios/cerberus-api/actions/runs/37940892359/job/113854689930	
Refreshing checks status every 30 seconds. Press Ctrl+C to quit.

test	pending	0	https://github.com/artur-rios/cerberus-api/actions/runs/37940892359/job/113854690452	
branch-policy	pass	4s	https://github.com/artur-rios/cerberus-api/actions/runs/37940892227/job/113854689109	
docker	pass	34s	https://github.com/artur-rios/cerberus-api/actions/runs/37940892359/job/113854689930	
Refreshing checks status every 30 seconds. Press Ctrl+C to quit.

test	pending	0	https://github.com/artur-rios/cerberus-api/actions/runs/37940892359/job/113854690452	
branch-policy	pass	4s	https://github.com/artur-rios/cerberus-api/actions/runs/37940892227/job/113854689109	
docker	pass	34s	https://github.com/artur-rios/cerberus-api/actions/runs/37940892359/job/113854689930	
Refreshing checks status every 30 seconds. Press Ctrl+C to quit.

test	pending	0	https://github.com/artur-rios/cerberus-api/actions/runs/37940892359/job/113854690452	
branch-policy	pass	4s	https://github.com/artur-rios/cerberus-api/actions/runs/37940892227/job/113854689109	
docker	pass	34s	https://github.com/artur-rios/cerberus-api/actions/runs/37940892359/job/113854689930	
Refreshing checks status every 30 seconds. Press Ctrl+C to quit.

test	pending	0	https://github.com/artur-rios/cerberus-api/actions/runs/37940892359/job/113854690452	
branch-policy	pass	4s	https://github.com/artur-rios/cerberus-api/actions/runs/37940892227/job/113854689109	
docker	pass	34s	https://github.com/artur-rios/cerberus-api/actions/runs/37940892359/job/113854689930	
Refreshing checks status every 30 seconds. Press Ctrl+C to quit.

test	pending	0	https://github.com/artur-rios/cerberus-api/actions/runs/37940892359/job/113854690452	
branch-policy	pass	4s	https://github.com/artur-rios/cerberus-api/actions/runs/37940892227/job/113854689109	
docker	pass	34s	https://github.com/artur-rios/cerberus-api/actions/runs/37940892359/job/113854689930	
Refreshing checks status every 30 seconds. Press Ctrl+C to quit.

test	pending	0	https://github.com/artur-rios/cerberus-api/actions/runs/37940892359/job/113854690452	
branch-policy	pass	4s	https://github.com/artur-rios/cerberus-api/actions/runs/37940892227/job/113854689109	
docker	pass	34s	https://github.com/artur-rios/cerberus-api/actions/runs/37940892359/job/113854689930	
Refreshing checks status every 30 seconds. Press Ctrl+C to quit.

test	pending	0	https://github.com/artur-rios/cerberus-api/actions/runs/37940892359/job/113854690452	
branch-policy	pass	4s	https://github.com/artur-rios/cerberus-api/actions/runs/37940892227/job/113854689109	
docker	pass	34s	https://github.com/artur-rios/cerberus-api/actions/runs/37940892359/job/113854689930	
Refreshing checks status every 30 seconds. Press Ctrl+C to quit.

test	pending	0	https://github.com/artur-rios/cerberus-api/actions/runs/37940892359/job/113854690452	
branch-policy	pass	4s	https://github.com/artur-rios/cerberus-api/actions/runs/37940892227/job/113854689109	
docker	pass	34s	https://github.com/artur-rios/cerberus-api/actions/runs/37940892359/job/113854689930	
Refreshing checks status every 30 seconds. Press Ctrl+C to quit.

test	pending	0	https://github.com/artur-rios/cerberus-api/actions/runs/37940892359/job/113854690452	
branch-policy	pass	4s	https://github.com/artur-rios/cerberus-api/actions/runs/37940892227/job/113854689109	
docker	pass	34s	https://github.com/artur-rios/cerberus-api/actions/runs/37940892359/job/113854689930	
Refreshing checks status every 30 seconds. Press Ctrl+C to quit.

test	pending	0	https://github.com/artur-rios/cerberus-api/actions/runs/37940892359/job/113854690452	
branch-policy	pass	4s	https://github.com/artur-rios/cerberus-api/actions/runs/37940892227/job/113854689109	
docker	pass	34s	https://github.com/artur-rios/cerberus-api/actions/runs/37940892359/job/113854689930	
Refreshing checks status every 30 seconds. Press Ctrl+C to quit.

test	pending	0	https://github.com/artur-rios/cerberus-api/actions/runs/37940892359/job/113854690452	
branch-policy	pass	4s	https://github.com/artur-rios/cerberus-api/actions/runs/37940892227/job/113854689109	
docker	pass	34s	https://github.com/artur-rios/cerberus-api/actions/runs/37940892359/job/113854689930	
Refreshing checks status every 30 seconds. Press Ctrl+C to quit.

test	pending	0	https://github.com/artur-rios/cerberus-api/actions/runs/37940892359/job/113854690452	
branch-policy	pass	4s	https://github.com/artur-rios/cerberus-api/actions/runs/37940892227/job/113854689109	
docker	pass	34s	https://github.com/artur-rios/cerberus-api/actions/runs/37940892359/job/113854689930	
Refreshing checks status every 30 seconds. Press Ctrl+C to quit.

test	pending	0	https://github.com/artur-rios/cerberus-api/actions/runs/37940892359/job/113854690452	
branch-policy	pass	4s	https://github.com/artur-rios/cerberus-api/actions/runs/37940892227/job/113854689109	
docker	pass	34s	https://github.com/artur-rios/cerberus-api/actions/runs/37940892359/job/113854689930	
Refreshing checks status every 30 seconds. Press Ctrl+C to quit.

test	pending	0	https://github.com/artur-rios/cerberus-api/actions/runs/37940892359/job/113854690452	
branch-policy	pass	4s	https://github.com/artur-rios/cerberus-api/actions/runs/37940892227/job/113854689109	
docker	pass	34s	https://github.com/artur-rios/cerberus-api/actions/runs/37940892359/job/113854689930	
Refreshing checks status every 30 seconds. Press Ctrl+C to quit.

test	pending	0	https://github.com/artur-rios/cerberus-api/actions/runs/37940892359/job/113854690452	
branch-policy	pass	4s	https://github.com/artur-rios/cerberus-api/actions/runs/37940892227/job/113854689109	
docker	pass	34s	https://github.com/artur-rios/cerberus-api/actions/runs/37940892359/job/113854689930	
Refreshing checks status every 30 seconds. Press Ctrl+C to quit.

test	pending	0	https://github.com/artur-rios/cerberus-api/actions/runs/37940892359/job/113854690452	
branch-policy	pass	4s	https://github.com/artur-rios/cerberus-api/actions/runs/37940892227/job/113854689109	
docker	pass	34s	https://github.com/artur-rios/cerberus-api/actions/runs/37940892359/job/113854689930	
Refreshing checks status every 30 seconds. Press Ctrl+C to quit.

test	pending	0	https://github.com/artur-rios/cerberus-api/actions/runs/37940892359/job/113854690452	
branch-policy	pass	4s	https://github.com/artur-rios/cerberus-api/actions/runs/37940892227/job/113854689109	
docker	pass	34s	https://github.com/artur-rios/cerberus-api/actions/runs/37940892359/job/113854689930	
Refreshing checks status every 30 seconds. Press Ctrl+C to quit.

test	pending	0	https://github.com/artur-rios/cerberus-api/actions/runs/37940892359/job/113854690452	
branch-policy	pass	4s	https://github.com/artur-rios/cerberus-api/actions/runs/37940892227/job/113854689109	
docker	pass	34s	https://github.com/artur-rios/cerberus-api/actions/runs/37940892359/job/113854689930	
Refreshing checks status every 30 seconds. Press Ctrl+C to quit.

test	pending	0	https://github.com/artur-rios/cerberus-api/actions/runs/37940892359/job/113854690452	
branch-policy	pass	4s	https://github.com/artur-rios/cerberus-api/actions/runs/37940892227/job/113854689109	
docker	pass	34s	https://github.com/artur-rios/cerberus-api/actions/runs/37940892359/job/113854689930	
Refreshing checks status every 30 seconds. Press Ctrl+C to quit.

test	pending	0	https://github.com/artur-rios/cerberus-api/actions/runs/37940892359/job/113854690452	
branch-policy	pass	4s	https://github.com/artur-rios/cerberus-api/actions/runs/37940892227/job/113854689109	
docker	pass	34s	https://github.com/artur-rios/cerberus-api/actions/runs/37940892359/job/113854689930	
Refreshing checks status every 30 seconds. Press Ctrl+C to quit.

test	pending	0	https://github.com/artur-rios/cerberus-api/actions/runs/37940892359/job/113854690452	
branch-policy	pass	4s	https://github.com/artur-rios/cerberus-api/actions/runs/37940892227/job/113854689109	
docker	pass	34s	https://github.com/artur-rios/cerberus-api/actions/runs/37940892359/job/113854689930	
Refreshing checks status every 30 seconds. Press Ctrl+C to quit.

test	pending	0	https://github.com/artur-rios/cerberus-api/actions/runs/37940892359/job/113854690452	
branch-policy	pass	4s	https://github.com/artur-rios/cerberus-api/actions/runs/37940892227/job/113854689109	
docker	pass	34s	https://github.com/artur-rios/cerberus-api/actions/runs/37940892359/job/113854689930	
Refreshing checks status every 30 seconds. Press Ctrl+C to quit.

test	pending	0	https://github.com/artur-rios/cerberus-api/actions/runs/37940892359/job/113854690452	
branch-policy	pass	4s	https://github.com/artur-rios/cerberus-api/actions/runs/37940892227/job/113854689109	
docker	pass	34s	https://github.com/artur-rios/cerberus-api/actions/runs/37940892359/job/113854689930	
Refreshing checks status every 30 seconds. Press Ctrl+C to quit.

test	pending	0	https://github.com/artur-rios/cerberus-api/actions/runs/37940892359/job/113854690452	
branch-policy	pass	4s	https://github.com/artur-rios/cerberus-api/actions/runs/37940892227/job/113854689109	
docker	pass	34s	https://github.com/artur-rios/cerberus-api/actions/runs/37940892359/job/113854689930	
Refreshing checks status every 30 seconds. Press Ctrl+C to quit.

test	pending	0	https://github.com/artur-rios/cerberus-api/actions/runs/37940892359/job/113854690452	
branch-policy	pass	4s	https://github.com/artur-rios/cerberus-api/actions/runs/37940892227/job/113854689109	
docker	pass	34s	https://github.com/artur-rios/cerberus-api/actions/runs/37940892359/job/113854689930	
Refreshing checks status every 30 seconds. Press Ctrl+C to quit.

test	pending	0	https://github.com/artur-rios/cerberus-api/actions/runs/37940892359/job/113854690452	
branch-policy	pass	4s	https://github.com/artur-rios/cerberus-api/actions/runs/37940892227/job/113854689109	
docker	pass	34s	https://github.com/artur-rios/cerberus-api/actions/runs/37940892359/job/113854689930	
Refreshing checks status every 30 seconds. Press Ctrl+C to quit.

test	pending	0	https://github.com/artur-rios/cerberus-api/actions/runs/37940892359/job/113854690452	
branch-policy	pass	4s	https://github.com/artur-rios/cerberus-api/actions/runs/37940892227/job/113854689109	
docker	pass	34s	https://github.com/artur-rios/cerberus-api/actions/runs/37940892359/job/113854689930	
Refreshing checks status every 30 seconds. Press Ctrl+C to quit.

test	pending	0	https://github.com/artur-rios/cerberus-api/actions/runs/37940892359/job/113854690452	
branch-policy	pass	4s	https://github.com/artur-rios/cerberus-api/actions/runs/37940892227/job/113854689109	
docker	pass	34s	https://github.com/artur-rios/cerberus-api/actions/runs/37940892359/job/113854689930	
Refreshing checks status every 30 seconds. Press Ctrl+C to quit.

test	pending	0	https://github.com/artur-rios/cerberus-api/actions/runs/37940892359/job/113854690452	
branch-policy	pass	4s	https://github.com/artur-rios/cerberus-api/actions/runs/37940892227/job/113854689109	
docker	pass	34s	https://github.com/artur-rios/cerberus-api/actions/runs/37940892359/job/113854689930	
branch-policy	pass	4s	https://github.com/artur-rios/cerberus-api/actions/runs/37940892227/job/113854689109	
docker	pass	34s	https://github.com/artur-rios/cerberus-api/actions/runs/37940892359/job/113854689930	
test	pass	20m50s	https://github.com/artur-rios/cerberus-api/actions/runs/37940892359/job/113854690452	
branch-policy	pass	4s	https://github.com/artur-rios/cerberus-api/actions/runs/37940892227/job/113854689109	
docker	pass	34s	https://github.com/artur-rios/cerberus-api/actions/runs/37940892359/job/113854689930	
test	pass	20m50s	https://github.com/artur-rios/cerberus-api/actions/runs/37940892359/job/113854690452	
