$ dotnet test /tmp/cerberus-uc29-worktree/src/ArturRios.Cerberus.sln --collect:XPlat Code Coverage
  Determining projects to restore...
  All projects are up-to-date for restore.
  ArturRios.Cerberus.Domain -> /tmp/cerberus-uc29-worktree/src/Domain/ArturRios.Cerberus.Domain/bin/Debug/net10.0/ArturRios.Cerberus.Domain.dll
  ArturRios.Cerberus.Shared -> /tmp/cerberus-uc29-worktree/src/Application/ArturRios.Cerberus.Shared/bin/Debug/net10.0/ArturRios.Cerberus.Shared.dll
  ArturRios.Cerberus.Domain.Tests -> /tmp/cerberus-uc29-worktree/tests/Domain/ArturRios.Cerberus.Domain.Tests/bin/Debug/net10.0/ArturRios.Cerberus.Domain.Tests.dll
  ArturRios.Cerberus.Shared.Tests -> /tmp/cerberus-uc29-worktree/tests/Application/ArturRios.Cerberus.Shared.Tests/bin/Debug/net10.0/ArturRios.Cerberus.Shared.Tests.dll
Test run for /tmp/cerberus-uc29-worktree/tests/Domain/ArturRios.Cerberus.Domain.Tests/bin/Debug/net10.0/ArturRios.Cerberus.Domain.Tests.dll (.NETCoreApp,Version=v10.0)
Test run for /tmp/cerberus-uc29-worktree/tests/Application/ArturRios.Cerberus.Shared.Tests/bin/Debug/net10.0/ArturRios.Cerberus.Shared.Tests.dll (.NETCoreApp,Version=v10.0)
VSTest version 18.0.2 (x64)

VSTest version 18.0.2 (x64)

Starting test execution, please wait...
Starting test execution, please wait...
A total of 1 test files matched the specified pattern.
A total of 1 test files matched the specified pattern.

Passed!  - Failed:     0, Passed:   361, Skipped:     0, Total:   361, Duration: 314 ms - ArturRios.Cerberus.Domain.Tests.dll (net10.0)

Passed!  - Failed:     0, Passed:   125, Skipped:     0, Total:   125, Duration: 335 ms - ArturRios.Cerberus.Shared.Tests.dll (net10.0)
  ArturRios.Cerberus.Command -> /tmp/cerberus-uc29-worktree/src/Application/ArturRios.Cerberus.Command/bin/Debug/net10.0/ArturRios.Cerberus.Command.dll
  ArturRios.Cerberus.Query -> /tmp/cerberus-uc29-worktree/src/Application/ArturRios.Cerberus.Query/bin/Debug/net10.0/ArturRios.Cerberus.Query.dll
  ArturRios.Cerberus.Data -> /tmp/cerberus-uc29-worktree/src/Infrastructure/ArturRios.Cerberus.Data/bin/Debug/net10.0/ArturRios.Cerberus.Data.dll
  ArturRios.Cerberus.Command.Tests -> /tmp/cerberus-uc29-worktree/tests/Application/ArturRios.Cerberus.Command.Tests/bin/Debug/net10.0/ArturRios.Cerberus.Command.Tests.dll
Test run for /tmp/cerberus-uc29-worktree/tests/Application/ArturRios.Cerberus.Command.Tests/bin/Debug/net10.0/ArturRios.Cerberus.Command.Tests.dll (.NETCoreApp,Version=v10.0)
VSTest version 18.0.2 (x64)

Starting test execution, please wait...
A total of 1 test files matched the specified pattern.
  ArturRios.Cerberus.Query.Tests -> /tmp/cerberus-uc29-worktree/tests/Application/ArturRios.Cerberus.Query.Tests/bin/Debug/net10.0/ArturRios.Cerberus.Query.Tests.dll
  ArturRios.Cerberus.Data.Tests -> /tmp/cerberus-uc29-worktree/tests/Infrastructure/ArturRios.Cerberus.Data.Tests/bin/Debug/net10.0/ArturRios.Cerberus.Data.Tests.dll
Test run for /tmp/cerberus-uc29-worktree/tests/Application/ArturRios.Cerberus.Query.Tests/bin/Debug/net10.0/ArturRios.Cerberus.Query.Tests.dll (.NETCoreApp,Version=v10.0)
Test run for /tmp/cerberus-uc29-worktree/tests/Infrastructure/ArturRios.Cerberus.Data.Tests/bin/Debug/net10.0/ArturRios.Cerberus.Data.Tests.dll (.NETCoreApp,Version=v10.0)
  ArturRios.Cerberus.WebApi -> /tmp/cerberus-uc29-worktree/src/Presentation/ArturRios.Cerberus.WebApi/bin/Debug/net10.0/ArturRios.Cerberus.WebApi.dll
VSTest version 18.0.2 (x64)

VSTest version 18.0.2 (x64)

Starting test execution, please wait...
A total of 1 test files matched the specified pattern.
Starting test execution, please wait...
A total of 1 test files matched the specified pattern.
  ArturRios.Cerberus.WebApi.Tests -> /tmp/cerberus-uc29-worktree/tests/Presentation/ArturRios.Cerberus.WebApi.Tests/bin/Debug/net10.0/ArturRios.Cerberus.WebApi.Tests.dll
Test run for /tmp/cerberus-uc29-worktree/tests/Presentation/ArturRios.Cerberus.WebApi.Tests/bin/Debug/net10.0/ArturRios.Cerberus.WebApi.Tests.dll (.NETCoreApp,Version=v10.0)
VSTest version 18.0.2 (x64)

Starting test execution, please wait...
A total of 1 test files matched the specified pattern.

Passed!  - Failed:     0, Passed:  1174, Skipped:     0, Total:  1174, Duration: 1 s - ArturRios.Cerberus.Command.Tests.dll (net10.0)

Passed!  - Failed:     0, Passed:   411, Skipped:     0, Total:   411, Duration: 327 ms - ArturRios.Cerberus.Query.Tests.dll (net10.0)

Passed!  - Failed:     0, Passed:  2272, Skipped:     0, Total:  2272, Duration: 7 m 20 s - ArturRios.Cerberus.WebApi.Tests.dll (net10.0)

Passed!  - Failed:     0, Passed:  2662, Skipped:     0, Total:  2662, Duration: 11 m 49 s - ArturRios.Cerberus.Data.Tests.dll (net10.0)

Attachments:
  /tmp/cerberus-uc29-worktree/tests/Domain/ArturRios.Cerberus.Domain.Tests/TestResults/c62030a2-eb75-43c0-8739-27689d2aca0f/coverage.cobertura.xml
  /tmp/cerberus-uc29-worktree/tests/Application/ArturRios.Cerberus.Shared.Tests/TestResults/03768576-0d84-4df7-a45a-28e73dfc4101/coverage.cobertura.xml
  /tmp/cerberus-uc29-worktree/tests/Application/ArturRios.Cerberus.Command.Tests/TestResults/87811d0c-8102-4a39-8352-ae3b99a4e395/coverage.cobertura.xml
  /tmp/cerberus-uc29-worktree/tests/Application/ArturRios.Cerberus.Query.Tests/TestResults/3a53b8ea-9816-4a02-8856-cefac2012a73/coverage.cobertura.xml
  /tmp/cerberus-uc29-worktree/tests/Presentation/ArturRios.Cerberus.WebApi.Tests/TestResults/6710ed60-6e27-4f93-a919-39e164566c92/coverage.cobertura.xml
  /tmp/cerberus-uc29-worktree/tests/Infrastructure/ArturRios.Cerberus.Data.Tests/TestResults/efc5aab6-cfd1-492d-b2a2-783830480552/coverage.cobertura.xml
Found 6 coverage file(s)
REPORTGENERATOR_LICENSE is not set; generating with the free version
$ reportgenerator -reports:/tmp/cerberus-uc29-worktree/tests/Application/ArturRios.Cerberus.Command.Tests/TestResults/87811d0c-8102-4a39-8352-ae3b99a4e395/coverage.cobertura.xml;/tmp/cerberus-uc29-worktree/tests/Application/ArturRios.Cerberus.Query.Tests/TestResults/3a53b8ea-9816-4a02-8856-cefac2012a73/coverage.cobertura.xml;/tmp/cerberus-uc29-worktree/tests/Application/ArturRios.Cerberus.Shared.Tests/TestResults/03768576-0d84-4df7-a45a-28e73dfc4101/coverage.cobertura.xml;/tmp/cerberus-uc29-worktree/tests/Domain/ArturRios.Cerberus.Domain.Tests/TestResults/c62030a2-eb75-43c0-8739-27689d2aca0f/coverage.cobertura.xml;/tmp/cerberus-uc29-worktree/tests/Infrastructure/ArturRios.Cerberus.Data.Tests/TestResults/efc5aab6-cfd1-492d-b2a2-783830480552/coverage.cobertura.xml;/tmp/cerberus-uc29-worktree/tests/Presentation/ArturRios.Cerberus.WebApi.Tests/TestResults/6710ed60-6e27-4f93-a919-39e164566c92/coverage.cobertura.xml -targetdir:/tmp/cerberus-uc29-worktree/docs/coverage-report -reporttypes:Html;JsonSummary -assemblyfilters:+ArturRios.Cerberus.*;-*.Tests -title:Cerberus API
2026-10-09T13:51:17: Arguments
2026-10-09T13:51:17:  -reports:/tmp/cerberus-uc29-worktree/tests/Application/ArturRios.Cerberus.Command.Tests/TestResults/87811d0c-8102-4a39-8352-ae3b99a4e395/coverage.cobertura.xml;/tmp/cerberus-uc29-worktree/tests/Application/ArturRios.Cerberus.Query.Tests/TestResults/3a53b8ea-9816-4a02-8856-cefac2012a73/coverage.cobertura.xml;/tmp/cerberus-uc29-worktree/tests/Application/ArturRios.Cerberus.Shared.Tests/TestResults/03768576-0d84-4df7-a45a-28e73dfc4101/coverage.cobertura.xml;/tmp/cerberus-uc29-worktree/tests/Domain/ArturRios.Cerberus.Domain.Tests/TestResults/c62030a2-eb75-43c0-8739-27689d2aca0f/coverage.cobertura.xml;/tmp/cerberus-uc29-worktree/tests/Infrastructure/ArturRios.Cerberus.Data.Tests/TestResults/efc5aab6-cfd1-492d-b2a2-783830480552/coverage.cobertura.xml;/tmp/cerberus-uc29-worktree/tests/Presentation/ArturRios.Cerberus.WebApi.Tests/TestResults/6710ed60-6e27-4f93-a919-39e164566c92/coverage.cobertura.xml
2026-10-09T13:51:17:  -targetdir:/tmp/cerberus-uc29-worktree/docs/coverage-report
2026-10-09T13:51:17:  -reporttypes:Html;JsonSummary
2026-10-09T13:51:17:  -assemblyfilters:+ArturRios.Cerberus.*;-*.Tests
2026-10-09T13:51:17:  -title:Cerberus API
2026-10-09T13:51:19: Writing report file '/tmp/cerberus-uc29-worktree/docs/coverage-report/index.html'
2026-10-09T13:51:19: Writing report file '/tmp/cerberus-uc29-worktree/docs/coverage-report/Summary.json'
2026-10-09T13:51:19: Report generation took 1.4 seconds

Report written to /tmp/cerberus-uc29-worktree/docs/coverage-report
Line coverage 98.4% (minimum 90.0%)
Open the HTML report at: /tmp/cerberus-uc29-worktree/docs/coverage-report/index.html
